Archive member included because of file (symbol)

c:/altera/12.1/nios2eds/bin/gnu/h-i686-mingw32/bin/../lib/gcc/nios2-elf/4.1.2\libgcc.a(_addsub_sf.o)
                              obj/default/main.o (__subsf3)
c:/altera/12.1/nios2eds/bin/gnu/h-i686-mingw32/bin/../lib/gcc/nios2-elf/4.1.2\libgcc.a(_mul_sf.o)
                              obj/default/main.o (__mulsf3)
c:/altera/12.1/nios2eds/bin/gnu/h-i686-mingw32/bin/../lib/gcc/nios2-elf/4.1.2\libgcc.a(_sf_to_si.o)
                              obj/default/uart.o (__fixsfsi)
c:/altera/12.1/nios2eds/bin/gnu/h-i686-mingw32/bin/../lib/gcc/nios2-elf/4.1.2\libgcc.a(_sf_to_df.o)
                              obj/default/uart.o (__extendsfdf2)
c:/altera/12.1/nios2eds/bin/gnu/h-i686-mingw32/bin/../lib/gcc/nios2-elf/4.1.2\libgcc.a(_thenan_sf.o)
                              c:/altera/12.1/nios2eds/bin/gnu/h-i686-mingw32/bin/../lib/gcc/nios2-elf/4.1.2\libgcc.a(_addsub_sf.o) (__thenan_sf)
c:/altera/12.1/nios2eds/bin/gnu/h-i686-mingw32/bin/../lib/gcc/nios2-elf/4.1.2\libgcc.a(_make_df.o)
                              c:/altera/12.1/nios2eds/bin/gnu/h-i686-mingw32/bin/../lib/gcc/nios2-elf/4.1.2\libgcc.a(_sf_to_df.o) (__make_dp)
c:/altera/12.1/nios2eds/bin/gnu/h-i686-mingw32/bin/../lib/gcc/nios2-elf/4.1.2\libgcc.a(lib2-divmod.o)
                              obj/default/main.o (__modsi3)
c:/altera/12.1/nios2eds/bin/gnu/h-i686-mingw32/bin/../lib/gcc/nios2-elf/4.1.2\libgcc.a(_muldi3.o)
                              c:/altera/12.1/nios2eds/bin/gnu/h-i686-mingw32/bin/../lib/gcc/nios2-elf/4.1.2\libgcc.a(_mul_sf.o) (__muldi3)
c:/altera/12.1/nios2eds/bin/gnu/h-i686-mingw32/bin/../lib/gcc/nios2-elf/4.1.2\libgcc.a(_pack_sf.o)
                              c:/altera/12.1/nios2eds/bin/gnu/h-i686-mingw32/bin/../lib/gcc/nios2-elf/4.1.2\libgcc.a(_addsub_sf.o) (__pack_f)
c:/altera/12.1/nios2eds/bin/gnu/h-i686-mingw32/bin/../lib/gcc/nios2-elf/4.1.2\libgcc.a(_unpack_sf.o)
                              c:/altera/12.1/nios2eds/bin/gnu/h-i686-mingw32/bin/../lib/gcc/nios2-elf/4.1.2\libgcc.a(_addsub_sf.o) (__unpack_f)
c:/altera/12.1/nios2eds/bin/gnu/h-i686-mingw32/bin/../lib/gcc/nios2-elf/4.1.2\libgcc.a(_pack_df.o)
                              c:/altera/12.1/nios2eds/bin/gnu/h-i686-mingw32/bin/../lib/gcc/nios2-elf/4.1.2\libgcc.a(_make_df.o) (__pack_d)
c:/altera/12.1/nios2eds/bin/gnu/h-i686-mingw32/bin/../lib/gcc/nios2-elf/4.1.2/../../../../nios2-elf/lib\libc.a(lib_a-puts.o)
                              obj/default/main.o (puts)
c:/altera/12.1/nios2eds/bin/gnu/h-i686-mingw32/bin/../lib/gcc/nios2-elf/4.1.2/../../../../nios2-elf/lib\libc.a(lib_a-snprintf.o)
                              obj/default/uart.o (snprintf)
c:/altera/12.1/nios2eds/bin/gnu/h-i686-mingw32/bin/../lib/gcc/nios2-elf/4.1.2/../../../../nios2-elf/lib\libc.a(lib_a-strlen.o)
                              c:/altera/12.1/nios2eds/bin/gnu/h-i686-mingw32/bin/../lib/gcc/nios2-elf/4.1.2/../../../../nios2-elf/lib\libc.a(lib_a-puts.o) (strlen)
c:/altera/12.1/nios2eds/bin/gnu/h-i686-mingw32/bin/../lib/gcc/nios2-elf/4.1.2/../../../../nios2-elf/lib\libc.a(lib_a-vfprintf.o)
                              c:/altera/12.1/nios2eds/bin/gnu/h-i686-mingw32/bin/../lib/gcc/nios2-elf/4.1.2/../../../../nios2-elf/lib\libc.a(lib_a-snprintf.o) (___vfprintf_internal_r)
c:/altera/12.1/nios2eds/bin/gnu/h-i686-mingw32/bin/../lib/gcc/nios2-elf/4.1.2/../../../../nios2-elf/lib\libc.a(lib_a-wsetup.o)
                              c:/altera/12.1/nios2eds/bin/gnu/h-i686-mingw32/bin/../lib/gcc/nios2-elf/4.1.2/../../../../nios2-elf/lib\libc.a(lib_a-vfprintf.o) (__swsetup_r)
c:/altera/12.1/nios2eds/bin/gnu/h-i686-mingw32/bin/../lib/gcc/nios2-elf/4.1.2/../../../../nios2-elf/lib\libc.a(lib_a-dtoa.o)
                              c:/altera/12.1/nios2eds/bin/gnu/h-i686-mingw32/bin/../lib/gcc/nios2-elf/4.1.2/../../../../nios2-elf/lib\libc.a(lib_a-vfprintf.o) (_dtoa_r)
c:/altera/12.1/nios2eds/bin/gnu/h-i686-mingw32/bin/../lib/gcc/nios2-elf/4.1.2/../../../../nios2-elf/lib\libc.a(lib_a-fflush.o)
                              c:/altera/12.1/nios2eds/bin/gnu/h-i686-mingw32/bin/../lib/gcc/nios2-elf/4.1.2/../../../../nios2-elf/lib\libc.a(lib_a-vfprintf.o) (_fflush_r)
c:/altera/12.1/nios2eds/bin/gnu/h-i686-mingw32/bin/../lib/gcc/nios2-elf/4.1.2/../../../../nios2-elf/lib\libc.a(lib_a-findfp.o)
                              c:/altera/12.1/nios2eds/bin/gnu/h-i686-mingw32/bin/../lib/gcc/nios2-elf/4.1.2/../../../../nios2-elf/lib\libc.a(lib_a-vfprintf.o) (__sinit)
c:/altera/12.1/nios2eds/bin/gnu/h-i686-mingw32/bin/../lib/gcc/nios2-elf/4.1.2/../../../../nios2-elf/lib\libc.a(lib_a-freer.o)
                              c:/altera/12.1/nios2eds/bin/gnu/h-i686-mingw32/bin/../lib/gcc/nios2-elf/4.1.2/../../../../nios2-elf/lib\libc.a(lib_a-wsetup.o) (_free_r)
c:/altera/12.1/nios2eds/bin/gnu/h-i686-mingw32/bin/../lib/gcc/nios2-elf/4.1.2/../../../../nios2-elf/lib\libc.a(lib_a-fvwrite.o)
[...]
Memory Configuration

Name             Origin             Length             Attributes
reset            0x00040000         0x00000020
onchip_memory2   0x00040020         0x00031fe0
*default*        0x00000000         0xffffffff

Linker script and memory map

LOAD ../skeleton_bsp//obj/HAL/src/crt0.o
LOAD obj/default/aic23.o
LOAD obj/default/delay.o
LOAD obj/default/i2s_control.o
LOAD obj/default/main.o
LOAD obj/default/spi_control.o
LOAD obj/default/uart.o
LOAD c:/altera/12.1/nios2eds/bin/gnu/h-i686-mingw32/bin/../lib/gcc/nios2-elf/4.1.2/../../../../nios2-elf/lib\libstdc++.a
LOAD c:/altera/12.1/nios2eds/bin/gnu/h-i686-mingw32/bin/../lib/gcc/nios2-elf/4.1.2/../../../../nios2-elf/lib\libm.a
LOAD c:/altera/12.1/nios2eds/bin/gnu/h-i686-mingw32/bin/../lib/gcc/nios2-elf/4.1.2\libgcc.a
START GROUP
LOAD c:/altera/12.1/nios2eds/bin/gnu/h-i686-mingw32/bin/../lib/gcc/nios2-elf/4.1.2/../../../../nios2-elf/lib\libc.a
LOAD c:/altera/12.1/nios2eds/bin/gnu/h-i686-mingw32/bin/../lib/gcc/nios2-elf/4.1.2\libgcc.a
LOAD ../skeleton_bsp/\libhal_bsp.a
END GROUP
LOAD c:/altera/12.1/nios2eds/bin/gnu/h-i686-mingw32/bin/../lib/gcc/nios2-elf/4.1.2\libgcc.a
                0x00040000                __alt_mem_onchip_memory2 = 0x40000

.entry          0x00040000       0x20
 *(.entry)
 .entry         0x00040000       0x20 ../skeleton_bsp//obj/HAL/src/crt0.o
                0x00040000                __reset

.exceptions     0x00040020      0x194
                0x00040020                PROVIDE (__ram_exceptions_start, ABSOLUTE (.))
                0x00040020                . = ALIGN (0x20)
 *(.irq)
 *(.exceptions.entry.label)
 .exceptions.entry.label
                0x00040020        0x0 ../skeleton_bsp/\libhal_bsp.a(alt_irq_entry.o)
                0x00040020                alt_irq_entry
 .exceptions.entry.label
                0x00040020        0x0 ../skeleton_bsp/\libhal_bsp.a(alt_exception_entry.o)
                0x00040020                alt_exception
 *(.exceptions.entry.user)
 *(.exceptions.entry)
 .exceptions.entry
                0x00040020       0x54 ../skeleton_bsp/\libhal_bsp.a(alt_exception_entry.o)
 *(.exceptions.irqtest.user)
 *(.exceptions.irqtest)
 .exceptions.irqtest
                0x00040074       0x10 ../skeleton_bsp/\libhal_bsp.a(alt_irq_entry.o)
 *(.exceptions.irqhandler.user)
 *(.exceptions.irqhandler)
 .exceptions.irqhandler
                0x00040084        0x4 ../skeleton_bsp/\libhal_bsp.a(alt_irq_entry.o)
 *(.exceptions.irqreturn.user)
 *(.exceptions.irqreturn)
 .exceptions.irqreturn
                0x00040088        0x4 ../skeleton_bsp/\libhal_bsp.a(alt_irq_entry.o)
 *(.exceptions.notirq.label)
 .exceptions.notirq.label
                0x0004008c        0x0 ../skeleton_bsp/\libhal_bsp.a(alt_irq_entry.o)
 *(.exceptions.notirq.user)
 *(.exceptions.notirq)
 .exceptions.notirq
                0x0004008c        0x8 ../skeleton_bsp/\libhal_bsp.a(alt_exception_entry.o)
 *(.exceptions.soft.user)
 *(.exceptions.soft)
 *(.exceptions.unknown.user)
 *(.exceptions.unknown)
 .exceptions.unknown
                0x00040094        0x4 ../skeleton_bsp/\libhal_bsp.a(alt_exception_entry.o)
 *(.exceptions.exit.label)
 .exceptions.exit.label
                0x00040098        0x0 ../skeleton_bsp/\libhal_bsp.a(alt_irq_entry.o)
 .exceptions.exit.label
                0x00040098        0x0 ../skeleton_bsp/\libhal_bsp.a(alt_exception_entry.o)
 *(.exceptions.exit.user)
 *(.exceptions.exit)
 .exceptions.exit
                0x00040098       0x54 ../skeleton_bsp/\libhal_bsp.a(alt_exception_entry.o)
 *(.exceptions)
 .exceptions    0x000400ec       0xc8 ../skeleton_bsp/\libhal_bsp.a(alt_irq_handler.o)
                0x000400ec                alt_irq_handler
                0x000401b4                PROVIDE (__ram_exceptions_end, ABSOLUTE (.))
                0x00040020                PROVIDE (__flash_exceptions_start, LOADADDR (.exceptions))

.text           0x000401b4     0xfc30
                0x000401b4                PROVIDE (stext, ABSOLUTE (.))
 *(.interp)
 *(.hash)
 *(.dynsym)
 *(.dynstr)
 *(.gnu.version)
 *(.gnu.version_d)
 *(.gnu.version_r)
 *(.rel.init)
 *(.rela.init)
 *(.rel.text .rel.text.* .rel.gnu.linkonce.t.*)
 *(.rela.text .rela.text.* .rela.gnu.linkonce.t.*)
 *(.rel.fini)
 *(.rela.fini)
 *(.rel.rodata .rel.rodata.* .rel.gnu.linkonce.r.*)
 *(.rela.rodata .rela.rodata.* .rela.gnu.linkonce.r.*)
 *(.rel.data .rel.data.* .rel.gnu.linkonce.d.*)
 *(.rela.data .rela.data.* .rela.gnu.linkonce.d.*)
 *(.rel.tdata .rel.tdata.* .rel.gnu.linkonce.td.*)
 *(.rela.tdata .rela.tdata.* .rela.gnu.linkonce.td.*)
 *(.rel.tbss .rel.tbss.* .rel.gnu.linkonce.tb.*)
 *(.rela.tbss .rela.tbss.* .rela.gnu.linkonce.tb.*)
 *(.rel.ctors)
 *(.rela.ctors)
 *(.rel.dtors)
 *(.rela.dtors)
 *(.rel.got)
 *(.rela.got)
 *(.rel.sdata .rel.sdata.* .rel.gnu.linkonce.s.*)
 *(.rela.sdata .rela.sdata.* .rela.gnu.linkonce.s.*)
 *(.rel.sbss .rel.sbss.* .rel.gnu.linkonce.sb.*)
 *(.rela.sbss .rela.sbss.* .rela.gnu.linkonce.sb.*)
 *(.rel.sdata2 .rel.sdata2.* .rel.gnu.linkonce.s2.*)
 *(.rela.sdata2 .rela.sdata2.* .rela.gnu.linkonce.s2.*)
 *(.rel.sbss2 .rel.sbss2.* .rel.gnu.linkonce.sb2.*)
 *(.rela.sbss2 .rela.sbss2.* .rela.gnu.linkonce.sb2.*)
 *(.rel.bss .rel.bss.* .rel.gnu.linkonce.b.*)
 *(.rela.bss .rela.bss.* .rela.gnu.linkonce.b.*)
 *(.rel.plt)
 *(.rela.plt)
 *(.rel.dyn)
 *(.init)
 *(.plt)
 *(.text .stub .text.* .gnu.linkonce.t.*)
 .text          0x000401b4       0x4c ../skeleton_bsp//obj/HAL/src/crt0.o
                0x000401b4                _start
 .text          0x00040200      0xfe8 obj/default/aic23.o
                0x00040200                AIC23_init
                0x000402ac                AIC23_reset
                0x000402dc                AIC23_config
                0x0004032c                AIC23_demo
                0x000403d0                AIC_setFreq
                0x0004040c                AIC23_read
                0x00040448                AIC23_line_lrs
                0x000404ac                AIC23_line_lim
                0x00040510                AIC23_line_liv
                0x00040570                AIC23_line_rls
                0x000405d4                AIC23_line_rim
                0x00040638                AIC23_line_riv
                0x00040698                AIC23_head_lrs
                0x000406fc                AIC23_head_lzc
                0x00040760                AIC23_head_lhv
                0x000407c0                AIC23_head_rls
                0x00040824                AIC23_head_rzc
                0x0004088c                AIC23_head_rhv
                0x000408ec                AIC23_sidetone_disable
                0x00040944                AIC23_sidetone_add
                0x000409ac                AIC23_dac_select
                0x00040a14                AIC23_bypass
                0x00040a7c                AIC23_input
                0x00040ae8                AIC23_mic_mute
                0x00040b54                AIC23_mic_boost
                0x00040bb8                AIC23_dac_mute
                0x00040c20                AIC23_deemp
                0x00040c88                AIC23_adc_highpass
                0x00040cec                AIC23_power_on
                0x00040d30                AIC23_power_off
                0x00040d78                AIC23_mode
                0x00040de0                AIC23_lr_swap
                0x00040e48                AIC23_lr_phase
                0x00040eb0                AIC23_input_len
                0x00040f1c                AIC23_format
                0x00040f80                AIC23_clkin
                0x00040fe8                AIC23_clkout
                0x00041050                AIC23_setFreq
                0x000410bc                AIC23_bosr
                0x00041124                AIC23_clk_mode
                0x00041188                AIC23_on
                0x000411b8                AIC23_off
 .text          0x000411e8       0x54 obj/default/delay.o
                0x000411e8                delay
 .text          0x0004123c      0x3bc obj/default/i2s_control.o
                0x0004123c                I2S_collect_left
                0x00041328                I2S_collect_right
                0x00041410                I2S_send_left
                0x000414e4                I2S_send_right
                0x000415bc                I2S_send_lr
 .text          0x000415f8      0xdec obj/default/main.o
                0x000415f8                fft
                0x00041e5c                unsigned2signed
                0x00041e88                signed2unsigned
                0x00042118                system_initialization
                0x00042328                main
 .text          0x000423e4      0x174 obj/default/spi_control.o
                0x000423e4                spi_send
 .text          0x00042558      0x368 obj/default/uart.o
                0x00042558                uart_sendByte
                0x000425a8                uart_sendInt16
                0x00042618                uart_sendFloat
                0x000426d0                uart_SendLeftBuff
                0x0004275c                uart_SendTestBuff
                0x00042828                uart_SendConvBuff
 .text          0x000428c0      0x2b8 c:/altera/12.1/nios2eds/bin/gnu/h-i686-mingw32/bin/../lib/gcc/nios2-elf/4.1.2\libgcc.a(_addsub_sf.o)
                0x00042aa4                __subsf3
                0x00042b14                __addsf3
 .text          0x00042b78      0x1e0 c:/altera/12.1/nios2eds/bin/gnu/h-i686-mingw32/bin/../lib/gcc/nios2-elf/4.1.2\libgcc.a(_mul_sf.o)
                0x00042b78                __mulsf3
 .text          0x00042d58       0x94 c:/altera/12.1/nios2eds/bin/gnu/h-i686-mingw32/bin/../lib/gcc/nios2-elf/4.1.2\libgcc.a(_sf_to_si.o)
                0x00042d58                __fixsfsi
 .text          0x00042dec       0x54 c:/altera/12.1/nios2eds/bin/gnu/h-i686-mingw32/bin/../lib/gcc/nios2-elf/4.1.2\libgcc.a(_sf_to_df.o)
                0x00042dec                __extendsfdf2
 .text          0x00042e40        0x0 c:/altera/12.1/nios2eds/bin/gnu/h-i686-mingw32/bin/../lib/gcc/nios2-elf/4.1.2\libgcc.a(_thenan_sf.o)
 .text          0x00042e40       0x38 c:/altera/12.1/nios2eds/bin/gnu/h-i686-mingw32/bin/../lib/gcc/nios2-elf/4.1.2\libgcc.a(_make_df.o)
                0x00042e40                __make_dp
 .text          0x00042e78      0x14c c:/altera/12.1/nios2eds/bin/gnu/h-i686-mingw32/bin/../lib/gcc/nios2-elf/4.1.2\libgcc.a(lib2-divmod.o)
                0x00042ef4                __divsi3
                0x00042f54                __modsi3
                0x00042fb4                __udivsi3
                0x00042fbc                __umodsi3
 .text          0x00042fc4       0x98 c:/altera/12.1/nios2eds/bin/gnu/h-i686-mingw32/bin/../lib/gcc/nios2-elf/4.1.2\libgcc.a(_muldi3.o)
                0x00042fc4                __muldi3
 .text          0x0004305c      0x160 c:/altera/12.1/nios2eds/bin/gnu/h-i686-mingw32/bin/../lib/gcc/nios2-elf/4.1.2\libgcc.a(_pack_sf.o)
                0x0004305c                __pack_f
 .text          0x000431bc       0xc8 c:/altera/12.1/nios2eds/bin/gnu/h-i686-mingw32/bin/../lib/gcc/nios2-elf/4.1.2\libgcc.a(_unpack_sf.o)
                0x000431bc                __unpack_f
 .text          0x00043284      0x314 c:/altera/12.1/nios2eds/bin/gnu/h-i686-mingw32/bin/../lib/gcc/nios2-elf/4.1.2\libgcc.a(_pack_df.o)
                0x00043284                __pack_d
 .text          0x00043598       0xb4 c:/altera/12.1/nios2eds/bin/gnu/h-i686-mingw32/bin/../lib/gcc/nios2-elf/4.1.2/../../../../nios2-elf/lib\libc.a(lib_a-puts.o)
                0x00043598                _puts_r
                0x00043638                puts
 .text          0x0004364c      0x170 c:/altera/12.1/nios2eds/bin/gnu/h-i686-mingw32/bin/../lib/gcc/nios2-elf/4.1.2/../../../../nios2-elf/lib\libc.a(lib_a-snprintf.o)
                0x0004364c                snprintf
                0x00043708                _snprintf_r
 .text          0x000437bc       0x74 c:/altera/12.1/nios2eds/bin/gnu/h-i686-mingw32/bin/../lib/gcc/nios2-elf/4.1.2/../../../../nios2-elf/lib\libc.a(lib_a-strlen.o)
                0x000437bc                strlen
 .text          0x00043830     0x1f28 c:/altera/12.1/nios2eds/bin/gnu/h-i686-mingw32/bin/../lib/gcc/nios2-elf/4.1.2/../../../../nios2-elf/lib\libc.a(lib_a-vfprintf.o)
                0x00043888                ___vfprintf_internal_r
                0x00045734                __vfprintf_internal
 .text          0x00045758      0x13c c:/altera/12.1/nios2eds/bin/gnu/h-i686-mingw32/bin/../lib/gcc/nios2-elf/4.1.2/../../../../nios2-elf/lib\libc.a(lib_a-wsetup.o)
                0x00045758                __swsetup_r
 .text          0x00045894     0x17cc c:/altera/12.1/nios2eds/bin/gnu/h-i686-mingw32/bin/../lib/gcc/nios2-elf/4.1.2/../../../../nios2-elf/lib\libc.a(lib_a-dtoa.o)
                0x00045aac                _dtoa_r
 .text          0x00047060      0x230 c:/altera/12.1/nios2eds/bin/gnu/h-i686-mingw32/bin/../lib/gcc/nios2-elf/4.1.2/../../../../nios2-elf/lib\libc.a(lib_a-fflush.o)
                0x00047060                _fflush_r
                0x0004725c                fflush
 .text          0x00047290      0x2c0 c:/altera/12.1/nios2eds/bin/gnu/h-i686-mingw32/bin/../lib/gcc/nios2-elf/4.1.2/../../../../nios2-elf/lib\libc.a(lib_a-findfp.o)
                0x000472e8                __sfp_lock_acquire
                0x000472ec                __sfp_lock_release
                0x000472f0                __sinit_lock_acquire
                0x000472f4                __sinit_lock_release
                0x000472f8                __sinit
                0x000473ac                __fp_unlock_all
                0x000473c4                __fp_lock_all
                0x000473dc                _cleanup_r
                0x000473e8                _cleanup
                0x000473f8                __sfmoreglue
                0x00047460                __sfp
 .text          0x00047550      0x440 c:/altera/12.1/nios2eds/bin/gnu/h-i686-mingw32/bin/../lib/gcc/nios2-elf/4.1.2/../../../../nios2-elf/lib\libc.a(lib_a-freer.o)
                0x00047550                _malloc_trim_r
                0x0004767c                _free_r
 .text          0x00047990      0x49c c:/altera/12.1/nios2eds/bin/gnu/h-i686-mingw32/bin/../lib/gcc/nios2-elf/4.1.2/../../../../nios2-elf/lib\libc.a(lib_a-fvwrite.o)
                0x00047990                __sfvwrite_r
 .text          0x00047e2c      0x180 c:/altera/12.1/nios2eds/bin/gnu/h-i686-mingw32/bin/../lib/gcc/nios2-elf/4.1.2/../../../../nios2-elf/lib\libc.a(lib_a-fwalk.o)
                0x00047e2c                _fwalk_reent
                0x00047ef4                _fwalk
 .text          0x00047fac        0x0 c:/altera/12.1/nios2eds/bin/gnu/h-i686-mingw32/bin/../lib/gcc/nios2-elf/4.1.2/../../../../nios2-elf/lib\libc.a(lib_a-impure.o)
 .text          0x00047fac       0xc4 c:/altera/12.1/nios2eds/bin/gnu/h-i686-mingw32/bin/../lib/gcc/nios2-elf/4.1.2/../../../../nios2-elf/lib\libc.a(lib_a-locale.o)
                0x00047fac                __locale_charset
                0x00047fb4                _localeconv_r
                0x00047fc0                localeconv
                0x00047fd0                _setlocale_r
                0x00048054                setlocale
 .text          0x00048070      0x194 c:/altera/12.1/nios2eds/bin/gnu/h-i686-mingw32/bin/../lib/gcc/nios2-elf/4.1.2/../../../../nios2-elf/lib\libc.a(lib_a-makebuf.o)
                0x00048070                __smakebuf_r
 .text          0x00048204      0x740 c:/altera/12.1/nios2eds/bin/gnu/h-i686-mingw32/bin/../lib/gcc/nios2-elf/4.1.2/../../../../nios2-elf/lib\libc.a(lib_a-mallocr.o)
                0x00048204                _malloc_r
 .text          0x00048944       0xe4 c:/altera/12.1/nios2eds/bin/gnu/h-i686-mingw32/bin/../lib/gcc/nios2-elf/4.1.2/../../../../nios2-elf/lib\libc.a(lib_a-memchr.o)
                0x00048944                memchr
 .text          0x00048a28       0xa0 c:/altera/12.1/nios2eds/bin/gnu/h-i686-mingw32/bin/../lib/gcc/nios2-elf/4.1.2/../../../../nios2-elf/lib\libc.a(lib_a-memcpy.o)
                0x00048a28                memcpy
 .text          0x00048ac8       0xe0 c:/altera/12.1/nios2eds/bin/gnu/h-i686-mingw32/bin/../lib/gcc/nios2-elf/4.1.2/../../../../nios2-elf/lib\libc.a(lib_a-memmove.o)
                0x00048ac8                memmove
 .text          0x00048ba8       0x98 c:/altera/12.1/nios2eds/bin/gnu/h-i686-mingw32/bin/../lib/gcc/nios2-elf/4.1.2/../../../../nios2-elf/lib\libc.a(lib_a-memset.o)
                0x00048ba8                memset
 .text          0x00048c40      0xff4 c:/altera/12.1/nios2eds/bin/gnu/h-i686-mingw32/bin/../lib/gcc/nios2-elf/4.1.2/../../../../nios2-elf/lib\libc.a(lib_a-mprec.o)
                0x00048c40                _Bfree
                0x00048c68                __hi0bits
                0x00048cd8                __lo0bits
                0x00048d9c                __mcmp
                0x00048dfc                __ulp
                0x00048e7c                __b2d
                0x00048f9c                __ratio
                0x0004904c                _mprec_log10
                0x000490e0                __copybits
                0x00049138                __any_on
                0x000491c0                _Balloc
                0x0004927c                __d2b
                0x000493f8                __mdiff
                0x00049584                __lshift
                0x000496d0                __multiply
                0x000498b8                __i2b
                0x000498f4                __multadd
                0x000499f4                __pow5mult
                0x00049b14                __s2b
 .text          0x00049c34      0x5f4 c:/altera/12.1/nios2eds/bin/gnu/h-i686-mingw32/bin/../lib/gcc/nios2-elf/4.1.2/../../../../nios2-elf/lib\libc.a(lib_a-reallocr.o)
                0x00049c34                _realloc_r
 .text          0x0004a228       0x40 c:/altera/12.1/nios2eds/bin/gnu/h-i686-mingw32/bin/../lib/gcc/nios2-elf/4.1.2/../../../../nios2-elf/lib\libc.a(lib_a-s_isinfd.o)
                0x0004a228                __isinfd
 .text          0x0004a268       0x30 c:/altera/12.1/nios2eds/bin/gnu/h-i686-mingw32/bin/../lib/gcc/nios2-elf/4.1.2/../../../../nios2-elf/lib\libc.a(lib_a-s_isnand.o)
                0x0004a268                __isnand
 .text          0x0004a298       0x70 c:/altera/12.1/nios2eds/bin/gnu/h-i686-mingw32/bin/../lib/gcc/nios2-elf/4.1.2/../../../../nios2-elf/lib\libc.a(lib_a-sbrkr.o)
                0x0004a298                _sbrk_r
 .text          0x0004a308      0x14c c:/altera/12.1/nios2eds/bin/gnu/h-i686-mingw32/bin/../lib/gcc/nios2-elf/4.1.2/../../../../nios2-elf/lib\libc.a(lib_a-stdio.o)
                0x0004a308                __sclose
                0x0004a310                __sseek
                0x0004a378                __swrite
                0x0004a3f4                __sread
 .text          0x0004a454       0xbc c:/altera/12.1/nios2eds/bin/gnu/h-i686-mingw32/bin/../lib/gcc/nios2-elf/4.1.2/../../../../nios2-elf/lib\libc.a(lib_a-strcmp.o)
                0x0004a454                strcmp
 .text          0x0004a510       0x78 c:/altera/12.1/nios2eds/bin/gnu/h-i686-mingw32/bin/../lib/gcc/nios2-elf/4.1.2/../../../../nios2-elf/lib\libc.a(lib_a-writer.o)
                0x0004a510                _write_r
 .text          0x0004a588       0xb4 c:/altera/12.1/nios2eds/bin/gnu/h-i686-mingw32/bin/../lib/gcc/nios2-elf/4.1.2/../../../../nios2-elf/lib\libc.a(lib_a-callocr.o)
                0x0004a588                _calloc_r
 .text          0x0004a63c       0x70 c:/altera/12.1/nios2eds/bin/gnu/h-i686-mingw32/bin/../lib/gcc/nios2-elf/4.1.2/../../../../nios2-elf/lib\libc.a(lib_a-closer.o)
                0x0004a63c                _close_r
 .text          0x0004a6ac      0x124 c:/altera/12.1/nios2eds/bin/gnu/h-i686-mingw32/bin/../lib/gcc/nios2-elf/4.1.2/../../../../nios2-elf/lib\libc.a(lib_a-fclose.o)
                0x0004a6ac                _fclose_r
                0x0004a7bc                fclose
 .text          0x0004a7d0       0x74 c:/altera/12.1/nios2eds/bin/gnu/h-i686-mingw32/bin/../lib/gcc/nios2-elf/4.1.2/../../../../nios2-elf/lib\libc.a(lib_a-fstatr.o)
                0x0004a7d0                _fstat_r
 .text          0x0004a844        0x0 c:/altera/12.1/nios2eds/bin/gnu/h-i686-mingw32/bin/../lib/gcc/nios2-elf/4.1.2/../../../../nios2-elf/lib\libc.a(lib_a-int_errno.o)
 .text          0x0004a844       0x70 c:/altera/12.1/nios2eds/bin/gnu/h-i686-mingw32/bin/../lib/gcc/nios2-elf/4.1.2/../../../../nios2-elf/lib\libc.a(lib_a-isattyr.o)
                0x0004a844                _isatty_r
 .text          0x0004a8b4       0x78 c:/altera/12.1/nios2eds/bin/gnu/h-i686-mingw32/bin/../lib/gcc/nios2-elf/4.1.2/../../../../nios2-elf/lib\libc.a(lib_a-lseekr.o)
                0x0004a8b4                _lseek_r
 .text          0x0004a92c       0x78 c:/altera/12.1/nios2eds/bin/gnu/h-i686-mingw32/bin/../lib/gcc/nios2-elf/4.1.2/../../../../nios2-elf/lib\libc.a(lib_a-readr.o)
                0x0004a92c                _read_r
 .text          0x0004a9a4      0x5dc c:/altera/12.1/nios2eds/bin/gnu/h-i686-mingw32/bin/../lib/gcc/nios2-elf/4.1.2\libgcc.a(_udivdi3.o)
                0x0004a9a4                __udivdi3
 .text          0x0004af80      0x5b0 c:/altera/12.1/nios2eds/bin/gnu/h-i686-mingw32/bin/../lib/gcc/nios2-elf/4.1.2\libgcc.a(_umoddi3.o)
                0x0004af80                __umoddi3
 .text          0x0004b530      0x504 c:/altera/12.1/nios2eds/bin/gnu/h-i686-mingw32/bin/../lib/gcc/nios2-elf/4.1.2\libgcc.a(_addsub_df.o)
                0x0004b940                __subdf3
                0x0004b9c0                __adddf3
 .text          0x0004ba34      0x3c4 c:/altera/12.1/nios2eds/bin/gnu/h-i686-mingw32/bin/../lib/gcc/nios2-elf/4.1.2\libgcc.a(_mul_df.o)
                0x0004ba34                __muldf3
 .text          0x0004bdf8      0x258 c:/altera/12.1/nios2eds/bin/gnu/h-i686-mingw32/bin/../lib/gcc/nios2-elf/4.1.2\libgcc.a(_div_df.o)
                0x0004bdf8                __divdf3
 .text          0x0004c050       0x88 c:/altera/12.1/nios2eds/bin/gnu/h-i686-mingw32/bin/../lib/gcc/nios2-elf/4.1.2\libgcc.a(_eq_df.o)
                0x0004c050                __eqdf2
 .text          0x0004c0d8       0x88 c:/altera/12.1/nios2eds/bin/gnu/h-i686-mingw32/bin/../lib/gcc/nios2-elf/4.1.2\libgcc.a(_ne_df.o)
                0x0004c0d8                __nedf2
 .text          0x0004c160       0x88 c:/altera/12.1/nios2eds/bin/gnu/h-i686-mingw32/bin/../lib/gcc/nios2-elf/4.1.2\libgcc.a(_gt_df.o)
                0x0004c160                __gtdf2
 .text          0x0004c1e8       0x88 c:/altera/12.1/nios2eds/bin/gnu/h-i686-mingw32/bin/../lib/gcc/nios2-elf/4.1.2\libgcc.a(_ge_df.o)
                0x0004c1e8                __gedf2
 .text          0x0004c270       0x88 c:/altera/12.1/nios2eds/bin/gnu/h-i686-mingw32/bin/../lib/gcc/nios2-elf/4.1.2\libgcc.a(_lt_df.o)
                0x0004c270                __ltdf2
 .text          0x0004c2f8       0xf8 c:/altera/12.1/nios2eds/bin/gnu/h-i686-mingw32/bin/../lib/gcc/nios2-elf/4.1.2\libgcc.a(_si_to_df.o)
                0x0004c2f8                __floatsidf
 .text          0x0004c3f0       0xd8 c:/altera/12.1/nios2eds/bin/gnu/h-i686-mingw32/bin/../lib/gcc/nios2-elf/4.1.2\libgcc.a(_df_to_si.o)
                0x0004c3f0                __fixdfsi
 .text          0x0004c4c8        0x0 c:/altera/12.1/nios2eds/bin/gnu/h-i686-mingw32/bin/../lib/gcc/nios2-elf/4.1.2\libgcc.a(_thenan_df.o)
 .text          0x0004c4c8      0x194 c:/altera/12.1/nios2eds/bin/gnu/h-i686-mingw32/bin/../lib/gcc/nios2-elf/4.1.2\libgcc.a(_usi_to_df.o)
                0x0004c4c8                __floatunsidf
 .text          0x0004c65c        0x0 c:/altera/12.1/nios2eds/bin/gnu/h-i686-mingw32/bin/../lib/gcc/nios2-elf/4.1.2\libgcc.a(_clz.o)
 .text          0x0004c65c       0x80 c:/altera/12.1/nios2eds/bin/gnu/h-i686-mingw32/bin/../lib/gcc/nios2-elf/4.1.2\libgcc.a(_clzsi2.o)
                0x0004c65c                __clzsi2
 .text          0x0004c6dc      0x138 c:/altera/12.1/nios2eds/bin/gnu/h-i686-mingw32/bin/../lib/gcc/nios2-elf/4.1.2\libgcc.a(_unpack_df.o)
                0x0004c6dc                __unpack_d
 .text          0x0004c814       0xc8 c:/altera/12.1/nios2eds/bin/gnu/h-i686-mingw32/bin/../lib/gcc/nios2-elf/4.1.2\libgcc.a(_fpcmp_parts_df.o)
                0x0004c814                __fpcmp_parts_d
 .text          0x0004c8dc      0x15c ../skeleton_bsp/\libhal_bsp.a(alt_close.o)
                0x0004c8dc                close
 .text          0x0004ca38       0x2c ../skeleton_bsp/\libhal_bsp.a(alt_dev.o)
 .text          0x0004ca64        0x0 ../skeleton_bsp/\libhal_bsp.a(alt_errno.o)
 .text          0x0004ca64      0x134 ../skeleton_bsp/\libhal_bsp.a(alt_fstat.o)
                0x0004ca64                fstat
 .text          0x0004cb98        0x0 ../skeleton_bsp/\libhal_bsp.a(alt_irq_entry.o)
 .text          0x0004cb98        0x0 ../skeleton_bsp/\libhal_bsp.a(alt_irq_handler.o)
 .text          0x0004cb98      0x1c0 ../skeleton_bsp/\libhal_bsp.a(alt_irq_register.o)
                0x0004cb98                alt_irq_register
 .text          0x0004cd58        0x0 ../skeleton_bsp/\libhal_bsp.a(alt_irq_vars.o)
 .text          0x0004cd58      0x120 ../skeleton_bsp/\libhal_bsp.a(alt_isatty.o)
                0x0004cd58                isatty
 .text          0x0004ce78       0xec ../skeleton_bsp/\libhal_bsp.a(alt_load.o)
                0x0004ce78                alt_load
 .text          0x0004cf64      0x150 ../skeleton_bsp/\libhal_bsp.a(alt_lseek.o)
                0x0004cf64                lseek
 .text          0x0004d0b4       0x6c ../skeleton_bsp/\libhal_bsp.a(alt_main.o)
                0x0004d0b4                alt_main
 .text          0x0004d120       0x40 ../skeleton_bsp/\libhal_bsp.a(alt_malloc_lock.o)
                0x0004d120                __malloc_lock
                0x0004d140                __malloc_unlock
 .text          0x0004d160      0x2c4 ../skeleton_bsp/\libhal_bsp.a(alt_open.o)
                0x0004d23c                open
 .text          0x0004d424      0x180 ../skeleton_bsp/\libhal_bsp.a(alt_read.o)
                0x0004d424                read
 .text          0x0004d5a4       0x60 ../skeleton_bsp/\libhal_bsp.a(alt_release_fd.o)
                0x0004d5a4                alt_release_fd
 .text          0x0004d604       0xbc ../skeleton_bsp/\libhal_bsp.a(alt_sbrk.o)
                0x0004d604                sbrk
 .text          0x0004d6c0      0x180 ../skeleton_bsp/\libhal_bsp.a(alt_write.o)
                0x0004d6c0                write
 .text          0x0004d840       0xd0 ../skeleton_bsp/\libhal_bsp.a(alt_sys_init.o)
                0x0004d840                alt_irq_init
                0x0004d874                alt_sys_init
 .text          0x0004d910      0x148 ../skeleton_bsp/\libhal_bsp.a(altera_avalon_jtag_uart_fd.o)
                0x0004d910                altera_avalon_jtag_uart_read_fd
                0x0004d968                altera_avalon_jtag_uart_write_fd
                0x0004d9c0                altera_avalon_jtag_uart_close_fd
                0x0004da08                altera_avalon_jtag_uart_ioctl_fd
 .text          0x0004da58      0x40c ../skeleton_bsp/\libhal_bsp.a(altera_avalon_jtag_uart_init.o)
                0x0004da58                altera_avalon_jtag_uart_init
                0x0004ddf0                altera_avalon_jtag_uart_close
 .text          0x0004de64       0xf4 ../skeleton_bsp/\libhal_bsp.a(altera_avalon_jtag_uart_ioctl.o)
                0x0004de64                altera_avalon_jtag_uart_ioctl
 .text          0x0004df58      0x224 ../skeleton_bsp/\libhal_bsp.a(altera_avalon_jtag_uart_read.o)
                0x0004df58                altera_avalon_jtag_uart_read
 .text          0x0004e17c      0x240 ../skeleton_bsp/\libhal_bsp.a(altera_avalon_jtag_uart_write.o)
                0x0004e17c                altera_avalon_jtag_uart_write
 .text          0x0004e3bc       0xf8 ../skeleton_bsp/\libhal_bsp.a(altera_avalon_uart_fd.o)
                0x0004e3bc                altera_avalon_uart_read_fd
                0x0004e414                altera_avalon_uart_write_fd
                0x0004e46c                altera_avalon_uart_close_fd
 .text          0x0004e4b4      0x400 ../skeleton_bsp/\libhal_bsp.a(altera_avalon_uart_init.o)
                0x0004e4b4                altera_avalon_uart_init
                0x0004e854                altera_avalon_uart_close
 .text          0x0004e8b4      0x290 ../skeleton_bsp/\libhal_bsp.a(altera_avalon_uart_read.o)
                0x0004e8b4                altera_avalon_uart_read
 .text          0x0004eb44      0x228 ../skeleton_bsp/\libhal_bsp.a(altera_avalon_uart_write.o)
                0x0004eb44                altera_avalon_uart_write
 .text          0x0004ed6c      0x154 ../skeleton_bsp/\libhal_bsp.a(alt_alarm_start.o)
                0x0004ed6c                alt_alarm_start
 .text          0x0004eec0       0x44 ../skeleton_bsp/\libhal_bsp.a(alt_dcache_flush_all.o)
                0x0004eec0                alt_dcache_flush_all
 .text          0x0004ef04      0x114 ../skeleton_bsp/\libhal_bsp.a(alt_dev_llist_insert.o)
                0x0004ef04                alt_dev_llist_insert
 .text          0x0004f018       0x64 ../skeleton_bsp/\libhal_bsp.a(alt_do_ctors.o)
                0x0004f018                _do_ctors
 .text          0x0004f07c       0x64 ../skeleton_bsp/\libhal_bsp.a(alt_do_dtors.o)
                0x0004f07c                _do_dtors
 .text          0x0004f0e0        0x0 ../skeleton_bsp/\libhal_bsp.a(alt_exception_entry.o)
 .text          0x0004f0e0       0x94 ../skeleton_bsp/\libhal_bsp.a(alt_find_dev.o)
                0x0004f0e0                alt_find_dev
 .text          0x0004f174      0x120 ../skeleton_bsp/\libhal_bsp.a(alt_find_file.o)
                0x0004f174                alt_find_file
 .text          0x0004f294       0xb8 ../skeleton_bsp/\libhal_bsp.a(alt_get_fd.o)
                0x0004f294                alt_get_fd
 .text          0x0004f34c       0x30 ../skeleton_bsp/\libhal_bsp.a(alt_icache_flush_all.o)
                0x0004f34c                alt_icache_flush_all
 .text          0x0004f37c      0x1d4 ../skeleton_bsp/\libhal_bsp.a(alt_iic.o)
                0x0004f37c                alt_ic_isr_register
                0x0004f3cc                alt_ic_irq_enable
                0x0004f468                alt_ic_irq_disable
                0x0004f508                alt_ic_irq_enabled
 .text          0x0004f550       0xf8 ../skeleton_bsp/\libhal_bsp.a(alt_iic_isr_register.o)
                0x0004f550                alt_iic_isr_register
 .text          0x0004f648      0x13c ../skeleton_bsp/\libhal_bsp.a(alt_io_redirect.o)
                0x0004f70c                alt_io_redirect
 .text          0x0004f784      0x1a4 ../skeleton_bsp/\libhal_bsp.a(alt_tick.o)
                0x0004f784                alt_alarm_stop
                0x0004f81c                alt_tick
 .text          0x0004f928       0x20 ../skeleton_bsp/\libhal_bsp.a(altera_nios2_qsys_irq.o)
                0x0004f928                altera_nios2_qsys_irq_init
 .text          0x0004f948       0x90 ../skeleton_bsp/\libhal_bsp.a(alt_icache_flush.o)
                0x0004f948                alt_icache_flush
 .text          0x0004f9d8       0x14 c:/altera/12.1/nios2eds/bin/gnu/h-i686-mingw32/bin/../lib/gcc/nios2-elf/4.1.2/../../../../nios2-elf/lib\libc.a(lib_a-atexit.o)
                0x0004f9d8                atexit
 .text          0x0004f9ec       0x38 c:/altera/12.1/nios2eds/bin/gnu/h-i686-mingw32/bin/../lib/gcc/nios2-elf/4.1.2/../../../../nios2-elf/lib\libc.a(lib_a-exit.o)
                0x0004f9ec                exit
 .text          0x0004fa24       0x74 c:/altera/12.1/nios2eds/bin/gnu/h-i686-mingw32/bin/../lib/gcc/nios2-elf/4.1.2/../../../../nios2-elf/lib\libc.a(lib_a-memcmp.o)
                0x0004fa24                memcmp
 .text          0x0004fa98      0x134 c:/altera/12.1/nios2eds/bin/gnu/h-i686-mingw32/bin/../lib/gcc/nios2-elf/4.1.2/../../../../nios2-elf/lib\libc.a(lib_a-__atexit.o)
                0x0004fa98                __register_exitproc
 .text          0x0004fbcc      0x1b4 c:/altera/12.1/nios2eds/bin/gnu/h-i686-mingw32/bin/../lib/gcc/nios2-elf/4.1.2/../../../../nios2-elf/lib\libc.a(lib_a-__call_atexit.o)
                0x0004fbd0                __call_exitprocs
 .text          0x0004fd80       0x60 ../skeleton_bsp/\libhal_bsp.a(alt_exit.o)
                0x0004fdc0                _exit
 *(.gnu.warning.*)
 *(.fini)
                0x0004fde0                PROVIDE (__etext, ABSOLUTE (.))
                0x0004fde0                PROVIDE (_etext, ABSOLUTE (.))
                0x0004fde0                PROVIDE (etext, ABSOLUTE (.))
 *(.eh_frame_hdr)
                0x0004fde0                . = ALIGN (0x4)
                0x0004fde0                PROVIDE (__preinit_array_start, ABSOLUTE (.))
 *(.preinit_array)
                0x0004fde0                PROVIDE (__preinit_array_end, ABSOLUTE (.))
                0x0004fde0                PROVIDE (__init_array_start, ABSOLUTE (.))
 *(.init_array)
                0x0004fde0                PROVIDE (__init_array_end, ABSOLUTE (.))
                0x0004fde0                PROVIDE (__fini_array_start, ABSOLUTE (.))
 *(.fini_array)
                0x0004fde0                PROVIDE (__fini_array_end, ABSOLUTE (.))
 *(.eh_frame)
 *(.gcc_except_table)
 *(.dynamic)
                0x0004fde0                PROVIDE (__CTOR_LIST__, ABSOLUTE (.))
 *(.ctors)
 *(SORT(.ctors.*))
 .ctors.65535   0x0004fde0        0x4 c:/altera/12.1/nios2eds/bin/gnu/h-i686-mingw32/bin/../lib/gcc/nios2-elf/4.1.2/../../../../nios2-elf/lib\libc.a(lib_a-__call_atexit.o)
                0x0004fde4                PROVIDE (__CTOR_END__, ABSOLUTE (.))
                0x0004fde4                PROVIDE (__DTOR_LIST__, ABSOLUTE (.))
 *(.dtors)
 *(SORT(.dtors.*))
                0x0004fde4                PROVIDE (__DTOR_END__, ABSOLUTE (.))
 *(.jcr)
                0x0004fde4                . = ALIGN (0x4)

.rodata         0x0004fde4      0x388
                0x0004fde4                PROVIDE (__ram_rodata_start, ABSOLUTE (.))
                0x0004fde4                . = ALIGN (0x4)
 *(.rodata .rodata.* .gnu.linkonce.r.*)
 .rodata        0x0004fde4       0x2c obj/default/main.o
 .rodata        0x0004fe10        0x4 obj/default/uart.o
 .rodata        0x0004fe14       0x10 c:/altera/12.1/nios2eds/bin/gnu/h-i686-mingw32/bin/../lib/gcc/nios2-elf/4.1.2\libgcc.a(_thenan_sf.o)
                0x0004fe14                __thenan_sf
 .rodata.str1.4
                0x0004fe24        0x2 c:/altera/12.1/nios2eds/bin/gnu/h-i686-mingw32/bin/../lib/gcc/nios2-elf/4.1.2/../../../../nios2-elf/lib\libc.a(lib_a-puts.o)
                                  0x4 (size before relaxing)
 *fill*         0x0004fe26        0x2 00
 .rodata.str1.4
                0x0004fe28       0x5e c:/altera/12.1/nios2eds/bin/gnu/h-i686-mingw32/bin/../lib/gcc/nios2-elf/4.1.2/../../../../nios2-elf/lib\libc.a(lib_a-vfprintf.o)
                                 0x60 (size before relaxing)
 .rodata        0x0004fe86       0x20 c:/altera/12.1/nios2eds/bin/gnu/h-i686-mingw32/bin/../lib/gcc/nios2-elf/4.1.2/../../../../nios2-elf/lib\libc.a(lib_a-vfprintf.o)
 *fill*         0x0004fea6        0x2 00
 .rodata.str1.4
                0x0004fea8       0x10 c:/altera/12.1/nios2eds/bin/gnu/h-i686-mingw32/bin/../lib/gcc/nios2-elf/4.1.2/../../../../nios2-elf/lib\libc.a(lib_a-dtoa.o)
                                 0x14 (size before relaxing)
 .rodata.str1.4
                0x0004feb8        0x2 c:/altera/12.1/nios2eds/bin/gnu/h-i686-mingw32/bin/../lib/gcc/nios2-elf/4.1.2/../../../../nios2-elf/lib\libc.a(lib_a-impure.o)
                                  0x4 (size before relaxing)
 *fill*         0x0004feba        0x2 00
 .rodata.str1.4
                0x0004febc       0x10 c:/altera/12.1/nios2eds/bin/gnu/h-i686-mingw32/bin/../lib/gcc/nios2-elf/4.1.2/../../../../nios2-elf/lib\libc.a(lib_a-locale.o)
                                 0x18 (size before relaxing)
 .rodata        0x0004fecc       0x30 c:/altera/12.1/nios2eds/bin/gnu/h-i686-mingw32/bin/../lib/gcc/nios2-elf/4.1.2/../../../../nios2-elf/lib\libc.a(lib_a-locale.o)
 .rodata        0x0004fefc      0x124 c:/altera/12.1/nios2eds/bin/gnu/h-i686-mingw32/bin/../lib/gcc/nios2-elf/4.1.2/../../../../nios2-elf/lib\libc.a(lib_a-mprec.o)
                0x0004fefc                __mprec_tens
                0x0004ffc4                __mprec_bigtens
                0x0004ffec                __mprec_tinytens
 .rodata        0x00050020       0x14 c:/altera/12.1/nios2eds/bin/gnu/h-i686-mingw32/bin/../lib/gcc/nios2-elf/4.1.2\libgcc.a(_thenan_df.o)
                0x00050020                __thenan_df
 .rodata        0x00050034      0x100 c:/altera/12.1/nios2eds/bin/gnu/h-i686-mingw32/bin/../lib/gcc/nios2-elf/4.1.2\libgcc.a(_clz.o)
                0x00050034                __clz_tab
 .rodata        0x00050134        0xc ../skeleton_bsp/\libhal_bsp.a(alt_dev.o)
 .rodata        0x00050140       0x10 ../skeleton_bsp/\libhal_bsp.a(alt_main.o)
 .rodata        0x00050150       0x1c ../skeleton_bsp/\libhal_bsp.a(alt_sys_init.o)
 *(.rodata1)
                0x0005016c                . = ALIGN (0x4)
                0x0005016c                PROVIDE (__ram_rodata_end, ABSOLUTE (.))
                0x0004fde4                PROVIDE (__flash_rodata_start, LOADADDR (.rodata))

.rwdata         0x0005016c     0x1be4 load address 0x00051d50
                0x0005016c                PROVIDE (__ram_rwdata_start, ABSOLUTE (.))
                0x0005016c                . = ALIGN (0x4)
 *(.got.plt)
 *(.got)
 *(.data1)
 *(.data .data.* .gnu.linkonce.d.*)
 .data          0x0005016c        0x0 ../skeleton_bsp//obj/HAL/src/crt0.o
 .data          0x0005016c       0x58 obj/default/aic23.o
                0x0005016c                aic23_config
 .data          0x000501c4        0x0 obj/default/delay.o
 .data          0x000501c4        0x0 obj/default/i2s_control.o
 .data          0x000501c4       0x3c obj/default/main.o
                0x000501c4                sine_table
                0x000501d8                aic23_demo
 .data          0x00050200        0x0 obj/default/spi_control.o
 .data          0x00050200        0x0 obj/default/uart.o
 .data          0x00050200        0x0 c:/altera/12.1/nios2eds/bin/gnu/h-i686-mingw32/bin/../lib/gcc/nios2-elf/4.1.2\libgcc.a(_addsub_sf.o)
 .data          0x00050200        0x0 c:/altera/12.1/nios2eds/bin/gnu/h-i686-mingw32/bin/../lib/gcc/nios2-elf/4.1.2\libgcc.a(_mul_sf.o)
 .data          0x00050200        0x0 c:/altera/12.1/nios2eds/bin/gnu/h-i686-mingw32/bin/../lib/gcc/nios2-elf/4.1.2\libgcc.a(_sf_to_si.o)
 .data          0x00050200        0x0 c:/altera/12.1/nios2eds/bin/gnu/h-i686-mingw32/bin/../lib/gcc/nios2-elf/4.1.2\libgcc.a(_sf_to_df.o)
 .data          0x00050200        0x0 c:/altera/12.1/nios2eds/bin/gnu/h-i686-mingw32/bin/../lib/gcc/nios2-elf/4.1.2\libgcc.a(_thenan_sf.o)
 .data          0x00050200        0x0 c:/altera/12.1/nios2eds/bin/gnu/h-i686-mingw32/bin/../lib/gcc/nios2-elf/4.1.2\libgcc.a(_make_df.o)
 .data          0x00050200        0x0 c:/altera/12.1/nios2eds/bin/gnu/h-i686-mingw32/bin/../lib/gcc/nios2-elf/4.1.2\libgcc.a(lib2-divmod.o)
 .data          0x00050200        0x0 c:/altera/12.1/nios2eds/bin/gnu/h-i686-mingw32/bin/../lib/gcc/nios2-elf/4.1.2\libgcc.a(_muldi3.o)
 .data          0x00050200        0x0 c:/altera/12.1/nios2eds/bin/gnu/h-i686-mingw32/bin/../lib/gcc/nios2-elf/4.1.2\libgcc.a(_pack_sf.o)
 .data          0x00050200        0x0 c:/altera/12.1/nios2eds/bin/gnu/h-i686-mingw32/bin/../lib/gcc/nios2-elf/4.1.2\libgcc.a(_unpack_sf.o)
 .data          0x00050200        0x0 c:/altera/12.1/nios2eds/bin/gnu/h-i686-mingw32/bin/../lib/gcc/nios2-elf/4.1.2\libgcc.a(_pack_df.o)
 .data          0x00050200        0x0 c:/altera/12.1/nios2eds/bin/gnu/h-i686-mingw32/bin/../lib/gcc/nios2-elf/4.1.2/../../../../nios2-elf/lib\libc.a(lib_a-puts.o)
 .data          0x00050200        0x0 c:/altera/12.1/nios2eds/bin/gnu/h-i686-mingw32/bin/../lib/gcc/nios2-elf/4.1.2/../../../../nios2-elf/lib\libc.a(lib_a-snprintf.o)
 .data          0x00050200        0x0 c:/altera/12.1/nios2eds/bin/gnu/h-i686-mingw32/bin/../lib/gcc/nios2-elf/4.1.2/../../../../nios2-elf/lib\libc.a(lib_a-strlen.o)
 .data          0x00050200        0x0 c:/altera/12.1/nios2eds/bin/gnu/h-i686-mingw32/bin/../lib/gcc/nios2-elf/4.1.2/../../../../nios2-elf/lib\libc.a(lib_a-vfprintf.o)
 .data          0x00050200        0x0 c:/altera/12.1/nios2eds/bin/gnu/h-i686-mingw32/bin/../lib/gcc/nios2-elf/4.1.2/../../../../nios2-elf/lib\libc.a(lib_a-wsetup.o)
 .data          0x00050200        0x0 c:/altera/12.1/nios2eds/bin/gnu/h-i686-mingw32/bin/../lib/gcc/nios2-elf/4.1.2/../../../../nios2-elf/lib\libc.a(lib_a-dtoa.o)
 .data          0x00050200        0x0 c:/altera/12.1/nios2eds/bin/gnu/h-i686-mingw32/bin/../lib/gcc/nios2-elf/4.1.2/../../../../nios2-elf/lib\libc.a(lib_a-fflush.o)
 .data          0x00050200        0x0 c:/altera/12.1/nios2eds/bin/gnu/h-i686-mingw32/bin/../lib/gcc/nios2-elf/4.1.2/../../../../nios2-elf/lib\libc.a(lib_a-findfp.o)
 .data          0x00050200        0x0 c:/altera/12.1/nios2eds/bin/gnu/h-i686-mingw32/bin/../lib/gcc/nios2-elf/4.1.2/../../../../nios2-elf/lib\libc.a(lib_a-freer.o)
 .data          0x00050200        0x0 c:/altera/12.1/nios2eds/bin/gnu/h-i686-mingw32/bin/../lib/gcc/nios2-elf/4.1.2/../../../../nios2-elf/lib\libc.a(lib_a-fvwrite.o)
 .data          0x00050200        0x0 c:/altera/12.1/nios2eds/bin/gnu/h-i686-mingw32/bin/../lib/gcc/nios2-elf/4.1.2/../../../../nios2-elf/lib\libc.a(lib_a-fwalk.o)
 .data          0x00050200      0x400 c:/altera/12.1/nios2eds/bin/gnu/h-i686-mingw32/bin/../lib/gcc/nios2-elf/4.1.2/../../../../nios2-elf/lib\libc.a(lib_a-impure.o)
 .data          0x00050600        0xc c:/altera/12.1/nios2eds/bin/gnu/h-i686-mingw32/bin/../lib/gcc/nios2-elf/4.1.2/../../../../nios2-elf/lib\libc.a(lib_a-locale.o)
                0x00050600                __lc_ctype
 .data          0x0005060c        0x0 c:/altera/12.1/nios2eds/bin/gnu/h-i686-mingw32/bin/../lib/gcc/nios2-elf/4.1.2/../../../../nios2-elf/lib\libc.a(lib_a-makebuf.o)
 .data          0x0005060c      0x408 c:/altera/12.1/nios2eds/bin/gnu/h-i686-mingw32/bin/../lib/gcc/nios2-elf/4.1.2/../../../../nios2-elf/lib\libc.a(lib_a-mallocr.o)
                0x0005060c                __malloc_av_
 .data          0x00050a14        0x0 c:/altera/12.1/nios2eds/bin/gnu/h-i686-mingw32/bin/../lib/gcc/nios2-elf/4.1.2/../../../../nios2-elf/lib\libc.a(lib_a-memchr.o)
 .data          0x00050a14        0x0 c:/altera/12.1/nios2eds/bin/gnu/h-i686-mingw32/bin/../lib/gcc/nios2-elf/4.1.2/../../../../nios2-elf/lib\libc.a(lib_a-memcpy.o)
 .data          0x00050a14        0x0 c:/altera/12.1/nios2eds/bin/gnu/h-i686-mingw32/bin/../lib/gcc/nios2-elf/4.1.2/../../../../nios2-elf/lib\libc.a(lib_a-memmove.o)
 .data          0x00050a14        0x0 c:/altera/12.1/nios2eds/bin/gnu/h-i686-mingw32/bin/../lib/gcc/nios2-elf/4.1.2/../../../../nios2-elf/lib\libc.a(lib_a-memset.o)
 .data          0x00050a14        0x0 c:/altera/12.1/nios2eds/bin/gnu/h-i686-mingw32/bin/../lib/gcc/nios2-elf/4.1.2/../../../../nios2-elf/lib\libc.a(lib_a-mprec.o)
 .data          0x00050a14        0x0 c:/altera/12.1/nios2eds/bin/gnu/h-i686-mingw32/bin/../lib/gcc/nios2-elf/4.1.2/../../../../nios2-elf/lib\libc.a(lib_a-reallocr.o)
 .data          0x00050a14        0x0 c:/altera/12.1/nios2eds/bin/gnu/h-i686-mingw32/bin/../lib/gcc/nios2-elf/4.1.2/../../../../nios2-elf/lib\libc.a(lib_a-s_isinfd.o)
 .data          0x00050a14        0x0 c:/altera/12.1/nios2eds/bin/gnu/h-i686-mingw32/bin/../lib/gcc/nios2-elf/4.1.2/../../../../nios2-elf/lib\libc.a(lib_a-s_isnand.o)
 .data          0x00050a14        0x0 c:/altera/12.1/nios2eds/bin/gnu/h-i686-mingw32/bin/../lib/gcc/nios2-elf/4.1.2/../../../../nios2-elf/lib\libc.a(lib_a-sbrkr.o)
 .data          0x00050a14        0x0 c:/altera/12.1/nios2eds/bin/gnu/h-i686-mingw32/bin/../lib/gcc/nios2-elf/4.1.2/../../../../nios2-elf/lib\libc.a(lib_a-stdio.o)
 .data          0x00050a14        0x0 c:/altera/12.1/nios2eds/bin/gnu/h-i686-mingw32/bin/../lib/gcc/nios2-elf/4.1.2/../../../../nios2-elf/lib\libc.a(lib_a-strcmp.o)
 .data          0x00050a14        0x0 c:/altera/12.1/nios2eds/bin/gnu/h-i686-mingw32/bin/../lib/gcc/nios2-elf/4.1.2/../../../../nios2-elf/lib\libc.a(lib_a-writer.o)
 .data          0x00050a14        0x0 c:/altera/12.1/nios2eds/bin/gnu/h-i686-mingw32/bin/../lib/gcc/nios2-elf/4.1.2/../../../../nios2-elf/lib\libc.a(lib_a-callocr.o)
 .data          0x00050a14        0x0 c:/altera/12.1/nios2eds/bin/gnu/h-i686-mingw32/bin/../lib/gcc/nios2-elf/4.1.2/../../../../nios2-elf/lib\libc.a(lib_a-closer.o)
 .data          0x00050a14        0x0 c:/altera/12.1/nios2eds/bin/gnu/h-i686-mingw32/bin/../lib/gcc/nios2-elf/4.1.2/../../../../nios2-elf/lib\libc.a(lib_a-fclose.o)
 .data          0x00050a14        0x0 c:/altera/12.1/nios2eds/bin/gnu/h-i686-mingw32/bin/../lib/gcc/nios2-elf/4.1.2/../../../../nios2-elf/lib\libc.a(lib_a-fstatr.o)
 .data          0x00050a14        0x0 c:/altera/12.1/nios2eds/bin/gnu/h-i686-mingw32/bin/../lib/gcc/nios2-elf/4.1.2/../../../../nios2-elf/lib\libc.a(lib_a-int_errno.o)
 .data          0x00050a14        0x0 c:/altera/12.1/nios2eds/bin/gnu/h-i686-mingw32/bin/../lib/gcc/nios2-elf/4.1.2/../../../../nios2-elf/lib\libc.a(lib_a-isattyr.o)
 .data          0x00050a14        0x0 c:/altera/12.1/nios2eds/bin/gnu/h-i686-mingw32/bin/../lib/gcc/nios2-elf/4.1.2/../../../../nios2-elf/lib\libc.a(lib_a-lseekr.o)
 .data          0x00050a14        0x0 c:/altera/12.1/nios2eds/bin/gnu/h-i686-mingw32/bin/../lib/gcc/nios2-elf/4.1.2/../../../../nios2-elf/lib\libc.a(lib_a-readr.o)
 .data          0x00050a14        0x0 c:/altera/12.1/nios2eds/bin/gnu/h-i686-mingw32/bin/../lib/gcc/nios2-elf/4.1.2\libgcc.a(_udivdi3.o)
 .data          0x00050a14        0x0 c:/altera/12.1/nios2eds/bin/gnu/h-i686-mingw32/bin/../lib/gcc/nios2-elf/4.1.2\libgcc.a(_umoddi3.o)
 .data          0x00050a14        0x0 c:/altera/12.1/nios2eds/bin/gnu/h-i686-mingw32/bin/../lib/gcc/nios2-elf/4.1.2\libgcc.a(_addsub_df.o)
 .data          0x00050a14        0x0 c:/altera/12.1/nios2eds/bin/gnu/h-i686-mingw32/bin/../lib/gcc/nios2-elf/4.1.2\libgcc.a(_mul_df.o)
 .data          0x00050a14        0x0 c:/altera/12.1/nios2eds/bin/gnu/h-i686-mingw32/bin/../lib/gcc/nios2-elf/4.1.2\libgcc.a(_div_df.o)
 .data          0x00050a14        0x0 c:/altera/12.1/nios2eds/bin/gnu/h-i686-mingw32/bin/../lib/gcc/nios2-elf/4.1.2\libgcc.a(_eq_df.o)
 .data          0x00050a14        0x0 c:/altera/12.1/nios2eds/bin/gnu/h-i686-mingw32/bin/../lib/gcc/nios2-elf/4.1.2\libgcc.a(_ne_df.o)
 .data          0x00050a14        0x0 c:/altera/12.1/nios2eds/bin/gnu/h-i686-mingw32/bin/../lib/gcc/nios2-elf/4.1.2\libgcc.a(_gt_df.o)
 .data          0x00050a14        0x0 c:/altera/12.1/nios2eds/bin/gnu/h-i686-mingw32/bin/../lib/gcc/nios2-elf/4.1.2\libgcc.a(_ge_df.o)
 .data          0x00050a14        0x0 c:/altera/12.1/nios2eds/bin/gnu/h-i686-mingw32/bin/../lib/gcc/nios2-elf/4.1.2\libgcc.a(_lt_df.o)
 .data          0x00050a14        0x0 c:/altera/12.1/nios2eds/bin/gnu/h-i686-mingw32/bin/../lib/gcc/nios2-elf/4.1.2\libgcc.a(_si_to_df.o)
 .data          0x00050a14        0x0 c:/altera/12.1/nios2eds/bin/gnu/h-i686-mingw32/bin/../lib/gcc/nios2-elf/4.1.2\libgcc.a(_df_to_si.o)
 .data          0x00050a14        0x0 c:/altera/12.1/nios2eds/bin/gnu/h-i686-mingw32/bin/../lib/gcc/nios2-elf/4.1.2\libgcc.a(_thenan_df.o)
 .data          0x00050a14        0x0 c:/altera/12.1/nios2eds/bin/gnu/h-i686-mingw32/bin/../lib/gcc/nios2-elf/4.1.2\libgcc.a(_usi_to_df.o)
 .data          0x00050a14        0x0 c:/altera/12.1/nios2eds/bin/gnu/h-i686-mingw32/bin/../lib/gcc/nios2-elf/4.1.2\libgcc.a(_clz.o)
 .data          0x00050a14        0x0 c:/altera/12.1/nios2eds/bin/gnu/h-i686-mingw32/bin/../lib/gcc/nios2-elf/4.1.2\libgcc.a(_clzsi2.o)
 .data          0x00050a14        0x0 c:/altera/12.1/nios2eds/bin/gnu/h-i686-mingw32/bin/../lib/gcc/nios2-elf/4.1.2\libgcc.a(_unpack_df.o)
 .data          0x00050a14        0x0 c:/altera/12.1/nios2eds/bin/gnu/h-i686-mingw32/bin/../lib/gcc/nios2-elf/4.1.2\libgcc.a(_fpcmp_parts_df.o)
 .data          0x00050a14        0x0 ../skeleton_bsp/\libhal_bsp.a(alt_close.o)
 .data          0x00050a14      0x1a8 ../skeleton_bsp/\libhal_bsp.a(alt_dev.o)
                0x00050a14                alt_dev_null
                0x00050a3c                alt_fd_list
 .data          0x00050bbc        0x0 ../skeleton_bsp/\libhal_bsp.a(alt_errno.o)
 .data          0x00050bbc        0x0 ../skeleton_bsp/\libhal_bsp.a(alt_fstat.o)
 .data          0x00050bbc        0x0 ../skeleton_bsp/\libhal_bsp.a(alt_irq_entry.o)
 .data          0x00050bbc        0x0 ../skeleton_bsp/\libhal_bsp.a(alt_irq_handler.o)
 .data          0x00050bbc        0x0 ../skeleton_bsp/\libhal_bsp.a(alt_irq_register.o)
 .data          0x00050bbc        0x0 ../skeleton_bsp/\libhal_bsp.a(alt_irq_vars.o)
 .data          0x00050bbc        0x0 ../skeleton_bsp/\libhal_bsp.a(alt_isatty.o)
 .data          0x00050bbc        0x0 ../skeleton_bsp/\libhal_bsp.a(alt_load.o)
 .data          0x00050bbc        0x0 ../skeleton_bsp/\libhal_bsp.a(alt_lseek.o)
 .data          0x00050bbc        0x0 ../skeleton_bsp/\libhal_bsp.a(alt_main.o)
 .data          0x00050bbc        0x0 ../skeleton_bsp/\libhal_bsp.a(alt_malloc_lock.o)
 .data          0x00050bbc        0x0 ../skeleton_bsp/\libhal_bsp.a(alt_open.o)
 .data          0x00050bbc        0x0 ../skeleton_bsp/\libhal_bsp.a(alt_read.o)
 .data          0x00050bbc        0x0 ../skeleton_bsp/\libhal_bsp.a(alt_release_fd.o)
 .data          0x00050bbc        0x0 ../skeleton_bsp/\libhal_bsp.a(alt_sbrk.o)
 .data          0x00050bbc        0x0 ../skeleton_bsp/\libhal_bsp.a(alt_write.o)
 .data          0x00050bbc     0x1124 ../skeleton_bsp/\libhal_bsp.a(alt_sys_init.o)
 .data          0x00051ce0        0x0 ../skeleton_bsp/\libhal_bsp.a(altera_avalon_jtag_uart_fd.o)
 .data          0x00051ce0        0x0 ../skeleton_bsp/\libhal_bsp.a(altera_avalon_jtag_uart_init.o)
 .data          0x00051ce0        0x0 ../skeleton_bsp/\libhal_bsp.a(altera_avalon_jtag_uart_ioctl.o)
 .data          0x00051ce0        0x0 ../skeleton_bsp/\libhal_bsp.a(altera_avalon_jtag_uart_read.o)
 .data          0x00051ce0        0x0 ../skeleton_bsp/\libhal_bsp.a(altera_avalon_jtag_uart_write.o)
 .data          0x00051ce0        0x0 ../skeleton_bsp/\libhal_bsp.a(altera_avalon_uart_fd.o)
 .data          0x00051ce0        0x0 ../skeleton_bsp/\libhal_bsp.a(altera_avalon_uart_init.o)
 .data          0x00051ce0        0x0 ../skeleton_bsp/\libhal_bsp.a(altera_avalon_uart_read.o)
 .data          0x00051ce0        0x0 ../skeleton_bsp/\libhal_bsp.a(altera_avalon_uart_write.o)
 .data          0x00051ce0        0x0 ../skeleton_bsp/\libhal_bsp.a(alt_alarm_start.o)
 .data          0x00051ce0        0x0 ../skeleton_bsp/\libhal_bsp.a(alt_dcache_flush_all.o)
 .data          0x00051ce0        0x0 ../skeleton_bsp/\libhal_bsp.a(alt_dev_llist_insert.o)
 .data          0x00051ce0        0x0 ../skeleton_bsp/\libhal_bsp.a(alt_do_ctors.o)
 .data          0x00051ce0        0x0 ../skeleton_bsp/\libhal_bsp.a(alt_do_dtors.o)
 .data          0x00051ce0        0x0 ../skeleton_bsp/\libhal_bsp.a(alt_exception_entry.o)
 .data          0x00051ce0        0x0 ../skeleton_bsp/\libhal_bsp.a(alt_find_dev.o)
 .data          0x00051ce0        0x0 ../skeleton_bsp/\libhal_bsp.a(alt_find_file.o)
 .data          0x00051ce0        0x0 ../skeleton_bsp/\libhal_bsp.a(alt_get_fd.o)
 .data          0x00051ce0        0x0 ../skeleton_bsp/\libhal_bsp.a(alt_icache_flush_all.o)
 .data          0x00051ce0        0x0 ../skeleton_bsp/\libhal_bsp.a(alt_iic.o)
 .data          0x00051ce0        0x0 ../skeleton_bsp/\libhal_bsp.a(alt_iic_isr_register.o)
 .data          0x00051ce0        0x0 ../skeleton_bsp/\libhal_bsp.a(alt_io_redirect.o)
 .data          0x00051ce0        0x0 ../skeleton_bsp/\libhal_bsp.a(alt_tick.o)
 .data          0x00051ce0        0x0 ../skeleton_bsp/\libhal_bsp.a(altera_nios2_qsys_irq.o)
 .data          0x00051ce0        0x0 ../skeleton_bsp/\libhal_bsp.a(alt_icache_flush.o)
 .data          0x00051ce0        0x0 c:/altera/12.1/nios2eds/bin/gnu/h-i686-mingw32/bin/../lib/gcc/nios2-elf/4.1.2/../../../../nios2-elf/lib\libc.a(lib_a-atexit.o)
 .data          0x00051ce0        0x0 c:/altera/12.1/nios2eds/bin/gnu/h-i686-mingw32/bin/../lib/gcc/nios2-elf/4.1.2/../../../../nios2-elf/lib\libc.a(lib_a-exit.o)
 .data          0x00051ce0        0x0 c:/altera/12.1/nios2eds/bin/gnu/h-i686-mingw32/bin/../lib/gcc/nios2-elf/4.1.2/../../../../nios2-elf/lib\libc.a(lib_a-memcmp.o)
 .data          0x00051ce0        0x0 c:/altera/12.1/nios2eds/bin/gnu/h-i686-mingw32/bin/../lib/gcc/nios2-elf/4.1.2/../../../../nios2-elf/lib\libc.a(lib_a-__atexit.o)
 .data          0x00051ce0        0x0 c:/altera/12.1/nios2eds/bin/gnu/h-i686-mingw32/bin/../lib/gcc/nios2-elf/4.1.2/../../../../nios2-elf/lib\libc.a(lib_a-__call_atexit.o)
 .data          0x00051ce0        0x0 ../skeleton_bsp/\libhal_bsp.a(alt_exit.o)
                0x00059ce0                _gp = ABSOLUTE ((. + 0x8000))
                0x00059ce0                PROVIDE (gp, _gp)
 *(.rwdata .rwdata.*)
 *(.sdata .sdata.* .gnu.linkonce.s.*)
 .sdata         0x00051ce0       0x30 obj/default/main.o
                0x00051ce0                gain
                0x00051ce4                switch0_id
                0x00051ce8                switch1_id
                0x00051cec                key0_id
                0x00051cf0                key1_id
                0x00051cf4                key2_id
                0x00051cf8                key3_id
                0x00051cfc                leftready_id
                0x00051d00                rightready_id
                0x00051d04                uart_id
                0x00051d08                sampleFrequency
                0x00051d0c                calBuffersize
 .sdata         0x00051d10        0x8 c:/altera/12.1/nios2eds/bin/gnu/h-i686-mingw32/bin/../lib/gcc/nios2-elf/4.1.2/../../../../nios2-elf/lib\libc.a(lib_a-impure.o)
                0x00051d10                _impure_ptr
                0x00051d14                _global_impure_ptr
 .sdata         0x00051d18        0x8 c:/altera/12.1/nios2eds/bin/gnu/h-i686-mingw32/bin/../lib/gcc/nios2-elf/4.1.2/../../../../nios2-elf/lib\libc.a(lib_a-locale.o)
                0x00051d18                __mb_cur_max
 .sdata         0x00051d20        0x8 c:/altera/12.1/nios2eds/bin/gnu/h-i686-mingw32/bin/../lib/gcc/nios2-elf/4.1.2/../../../../nios2-elf/lib\libc.a(lib_a-mallocr.o)
                0x00051d20                __malloc_trim_threshold
                0x00051d24                __malloc_sbrk_base
 .sdata         0x00051d28       0x14 ../skeleton_bsp/\libhal_bsp.a(alt_dev.o)
                0x00051d28                alt_fs_list
                0x00051d30                alt_dev_list
                0x00051d38                alt_max_fd
 .sdata         0x00051d3c        0x4 ../skeleton_bsp/\libhal_bsp.a(alt_errno.o)
                0x00051d3c                alt_errno
 .sdata         0x00051d40        0x4 ../skeleton_bsp/\libhal_bsp.a(alt_irq_vars.o)
                0x00051d40                alt_priority_mask
 .sdata         0x00051d44        0x4 ../skeleton_bsp/\libhal_bsp.a(alt_sbrk.o)
 .sdata         0x00051d48        0x8 ../skeleton_bsp/\libhal_bsp.a(alt_tick.o)
                0x00051d48                alt_alarm_list
 *(.sdata2 .sdata2.* .gnu.linkonce.s2.*)
                0x00051d50                . = ALIGN (0x4)
                0x00051d50                _edata = ABSOLUTE (.)
                0x00051d50                PROVIDE (edata, ABSOLUTE (.))
                0x00051d50                PROVIDE (__ram_rwdata_end, ABSOLUTE (.))
                0x00051d50                PROVIDE (__flash_rwdata_start, LOADADDR (.rwdata))

.bss            0x00053934     0x1d8c
                0x00053934                __bss_start = ABSOLUTE (.)
                0x00053934                PROVIDE (__sbss_start, ABSOLUTE (.))
                0x00053934                PROVIDE (___sbss_start, ABSOLUTE (.))
 *(.dynsbss)
 *(.sbss .sbss.* .gnu.linkonce.sb.*)
 .sbss          0x00053934       0x54 obj/default/main.o
                0x00053934                loop
                0x00053938                switch0
                0x0005393c                switch1
                0x00053940                key0
                0x00053944                key1
                0x00053948                key2
                0x0005394c                key3
                0x00053950                leftready
                0x00053954                rightready
                0x00053958                leftChannel
                0x0005395c                rightChannel
                0x00053960                convIndex
                0x00053964                RxHead
                0x00053968                leftCount
                0x0005396c                lefttestCount
                0x00053970                rightCount
                0x00053974                leftBufferFull
                0x00053978                uartStartSendFlag
                0x0005397c                uartStartRecvFlag
                0x00053980                sr
                0x00053984                setFreqFlag
 .sbss          0x00053988        0x4 obj/default/main.o
                0x00053988                uart
 .sbss          0x0005398c        0x4 obj/default/uart.o
                0x0005398c                counter
 .sbss          0x00053990        0xc c:/altera/12.1/nios2eds/bin/gnu/h-i686-mingw32/bin/../lib/gcc/nios2-elf/4.1.2/../../../../nios2-elf/lib\libc.a(lib_a-locale.o)
                0x00053990                __nlocale_changed
                0x00053994                __mlocale_changed
                0x00053998                _PathLocale
 .sbss          0x0005399c        0xc c:/altera/12.1/nios2eds/bin/gnu/h-i686-mingw32/bin/../lib/gcc/nios2-elf/4.1.2/../../../../nios2-elf/lib\libc.a(lib_a-mallocr.o)
                0x0005399c                __malloc_top_pad
                0x000539a0                __malloc_max_sbrked_mem
                0x000539a4                __malloc_max_total_mem
 .sbss          0x000539a8        0x4 c:/altera/12.1/nios2eds/bin/gnu/h-i686-mingw32/bin/../lib/gcc/nios2-elf/4.1.2/../../../../nios2-elf/lib\libc.a(lib_a-int_errno.o)
                0x000539a8                errno
 .sbss          0x000539ac        0x4 ../skeleton_bsp/\libhal_bsp.a(alt_irq_vars.o)
                0x000539ac                alt_irq_active
 .sbss          0x000539b0        0xc ../skeleton_bsp/\libhal_bsp.a(alt_main.o)
                0x000539b0                alt_argc
                0x000539b4                alt_argv
                0x000539b8                alt_envp
 .sbss          0x000539bc        0x8 ../skeleton_bsp/\libhal_bsp.a(alt_tick.o)
                0x000539bc                _alt_tick_rate
                0x000539c0                _alt_nticks
 *(.sbss2 .sbss2.* .gnu.linkonce.sb2.*)
 *(.scommon)
                0x000539c4                PROVIDE (__sbss_end, ABSOLUTE (.))
                0x000539c4                PROVIDE (___sbss_end, ABSOLUTE (.))
 *(.dynbss)
 *(.bss .bss.* .gnu.linkonce.b.*)
 .bss           0x000539c4        0x0 ../skeleton_bsp//obj/HAL/src/crt0.o
 .bss           0x000539c4        0x0 obj/default/aic23.o
 .bss           0x000539c4        0x0 obj/default/delay.o
 .bss           0x000539c4        0x0 obj/default/i2s_control.o
 .bss           0x000539c4        0x0 obj/default/main.o
 .bss           0x000539c4        0x0 obj/default/spi_control.o
 .bss           0x000539c4        0x0 obj/default/uart.o
 .bss           0x000539c4        0x0 c:/altera/12.1/nios2eds/bin/gnu/h-i686-mingw32/bin/../lib/gcc/nios2-elf/4.1.2\libgcc.a(_addsub_sf.o)
 .bss           0x000539c4        0x0 c:/altera/12.1/nios2eds/bin/gnu/h-i686-mingw32/bin/../lib/gcc/nios2-elf/4.1.2\libgcc.a(_mul_sf.o)
 .bss           0x000539c4        0x0 c:/altera/12.1/nios2eds/bin/gnu/h-i686-mingw32/bin/../lib/gcc/nios2-elf/4.1.2\libgcc.a(_sf_to_si.o)
 .bss           0x000539c4        0x0 c:/altera/12.1/nios2eds/bin/gnu/h-i686-mingw32/bin/../lib/gcc/nios2-elf/4.1.2\libgcc.a(_sf_to_df.o)
 .bss           0x000539c4        0x0 c:/altera/12.1/nios2eds/bin/gnu/h-i686-mingw32/bin/../lib/gcc/nios2-elf/4.1.2\libgcc.a(_thenan_sf.o)
 .bss           0x000539c4        0x0 c:/altera/12.1/nios2eds/bin/gnu/h-i686-mingw32/bin/../lib/gcc/nios2-elf/4.1.2\libgcc.a(_make_df.o)
 .bss           0x000539c4        0x0 c:/altera/12.1/nios2eds/bin/gnu/h-i686-mingw32/bin/../lib/gcc/nios2-elf/4.1.2\libgcc.a(lib2-divmod.o)
 .bss           0x000539c4        0x0 c:/altera/12.1/nios2eds/bin/gnu/h-i686-mingw32/bin/../lib/gcc/nios2-elf/4.1.2\libgcc.a(_muldi3.o)
 .bss           0x000539c4        0x0 c:/altera/12.1/nios2eds/bin/gnu/h-i686-mingw32/bin/../lib/gcc/nios2-elf/4.1.2\libgcc.a(_pack_sf.o)
 .bss           0x000539c4        0x0 c:/altera/12.1/nios2eds/bin/gnu/h-i686-mingw32/bin/../lib/gcc/nios2-elf/4.1.2\libgcc.a(_unpack_sf.o)
 .bss           0x000539c4        0x0 c:/altera/12.1/nios2eds/bin/gnu/h-i686-mingw32/bin/../lib/gcc/nios2-elf/4.1.2\libgcc.a(_pack_df.o)
 .bss           0x000539c4        0x0 c:/altera/12.1/nios2eds/bin/gnu/h-i686-mingw32/bin/../lib/gcc/nios2-elf/4.1.2/../../../../nios2-elf/lib\libc.a(lib_a-puts.o)
 .bss           0x000539c4        0x0 c:/altera/12.1/nios2eds/bin/gnu/h-i686-mingw32/bin/../lib/gcc/nios2-elf/4.1.2/../../../../nios2-elf/lib\libc.a(lib_a-snprintf.o)
 .bss           0x000539c4        0x0 c:/altera/12.1/nios2eds/bin/gnu/h-i686-mingw32/bin/../lib/gcc/nios2-elf/4.1.2/../../../../nios2-elf/lib\libc.a(lib_a-strlen.o)
 .bss           0x000539c4        0x0 c:/altera/12.1/nios2eds/bin/gnu/h-i686-mingw32/bin/../lib/gcc/nios2-elf/4.1.2/../../../../nios2-elf/lib\libc.a(lib_a-vfprintf.o)
 .bss           0x000539c4        0x0 c:/altera/12.1/nios2eds/bin/gnu/h-i686-mingw32/bin/../lib/gcc/nios2-elf/4.1.2/../../../../nios2-elf/lib\libc.a(lib_a-wsetup.o)
 .bss           0x000539c4        0x0 c:/altera/12.1/nios2eds/bin/gnu/h-i686-mingw32/bin/../lib/gcc/nios2-elf/4.1.2/../../../../nios2-elf/lib\libc.a(lib_a-dtoa.o)
 .bss           0x000539c4        0x0 c:/altera/12.1/nios2eds/bin/gnu/h-i686-mingw32/bin/../lib/gcc/nios2-elf/4.1.2/../../../../nios2-elf/lib\libc.a(lib_a-fflush.o)
 .bss           0x000539c4        0x0 c:/altera/12.1/nios2eds/bin/gnu/h-i686-mingw32/bin/../lib/gcc/nios2-elf/4.1.2/../../../../nios2-elf/lib\libc.a(lib_a-findfp.o)
 .bss           0x000539c4        0x0 c:/altera/12.1/nios2eds/bin/gnu/h-i686-mingw32/bin/../lib/gcc/nios2-elf/4.1.2/../../../../nios2-elf/lib\libc.a(lib_a-freer.o)
 .bss           0x000539c4        0x0 c:/altera/12.1/nios2eds/bin/gnu/h-i686-mingw32/bin/../lib/gcc/nios2-elf/4.1.2/../../../../nios2-elf/lib\libc.a(lib_a-fvwrite.o)
 .bss           0x000539c4        0x0 c:/altera/12.1/nios2eds/bin/gnu/h-i686-mingw32/bin/../lib/gcc/nios2-elf/4.1.2/../../../../nios2-elf/lib\libc.a(lib_a-fwalk.o)
 .bss           0x000539c4        0x0 c:/altera/12.1/nios2eds/bin/gnu/h-i686-mingw32/bin/../lib/gcc/nios2-elf/4.1.2/../../../../nios2-elf/lib\libc.a(lib_a-impure.o)
 .bss           0x000539c4        0x0 c:/altera/12.1/nios2eds/bin/gnu/h-i686-mingw32/bin/../lib/gcc/nios2-elf/4.1.2/../../../../nios2-elf/lib\libc.a(lib_a-locale.o)
 .bss           0x000539c4        0x0 c:/altera/12.1/nios2eds/bin/gnu/h-i686-mingw32/bin/../lib/gcc/nios2-elf/4.1.2/../../../../nios2-elf/lib\libc.a(lib_a-makebuf.o)
 .bss           0x000539c4       0x28 c:/altera/12.1/nios2eds/bin/gnu/h-i686-mingw32/bin/../lib/gcc/nios2-elf/4.1.2/../../../../nios2-elf/lib\libc.a(lib_a-mallocr.o)
                0x000539c4                __malloc_current_mallinfo
 .bss           0x000539ec        0x0 c:/altera/12.1/nios2eds/bin/gnu/h-i686-mingw32/bin/../lib/gcc/nios2-elf/4.1.2/../../../../nios2-elf/lib\libc.a(lib_a-memchr.o)
 .bss           0x000539ec        0x0 c:/altera/12.1/nios2eds/bin/gnu/h-i686-mingw32/bin/../lib/gcc/nios2-elf/4.1.2/../../../../nios2-elf/lib\libc.a(lib_a-memcpy.o)
 .bss           0x000539ec        0x0 c:/altera/12.1/nios2eds/bin/gnu/h-i686-mingw32/bin/../lib/gcc/nios2-elf/4.1.2/../../../../nios2-elf/lib\libc.a(lib_a-memmove.o)
 .bss           0x000539ec        0x0 c:/altera/12.1/nios2eds/bin/gnu/h-i686-mingw32/bin/../lib/gcc/nios2-elf/4.1.2/../../../../nios2-elf/lib\libc.a(lib_a-memset.o)
 .bss           0x000539ec        0x0 c:/altera/12.1/nios2eds/bin/gnu/h-i686-mingw32/bin/../lib/gcc/nios2-elf/4.1.2/../../../../nios2-elf/lib\libc.a(lib_a-mprec.o)
 .bss           0x000539ec        0x0 c:/altera/12.1/nios2eds/bin/gnu/h-i686-mingw32/bin/../lib/gcc/nios2-elf/4.1.2/../../../../nios2-elf/lib\libc.a(lib_a-reallocr.o)
 .bss           0x000539ec        0x0 c:/altera/12.1/nios2eds/bin/gnu/h-i686-mingw32/bin/../lib/gcc/nios2-elf/4.1.2/../../../../nios2-elf/lib\libc.a(lib_a-s_isinfd.o)
 .bss           0x000539ec        0x0 c:/altera/12.1/nios2eds/bin/gnu/h-i686-mingw32/bin/../lib/gcc/nios2-elf/4.1.2/../../../../nios2-elf/lib\libc.a(lib_a-s_isnand.o)
 .bss           0x000539ec        0x0 c:/altera/12.1/nios2eds/bin/gnu/h-i686-mingw32/bin/../lib/gcc/nios2-elf/4.1.2/../../../../nios2-elf/lib\libc.a(lib_a-sbrkr.o)
 .bss           0x000539ec        0x0 c:/altera/12.1/nios2eds/bin/gnu/h-i686-mingw32/bin/../lib/gcc/nios2-elf/4.1.2/../../../../nios2-elf/lib\libc.a(lib_a-stdio.o)
 .bss           0x000539ec        0x0 c:/altera/12.1/nios2eds/bin/gnu/h-i686-mingw32/bin/../lib/gcc/nios2-elf/4.1.2/../../../../nios2-elf/lib\libc.a(lib_a-strcmp.o)
 .bss           0x000539ec        0x0 c:/altera/12.1/nios2eds/bin/gnu/h-i686-mingw32/bin/../lib/gcc/nios2-elf/4.1.2/../../../../nios2-elf/lib\libc.a(lib_a-writer.o)
 .bss           0x000539ec        0x0 c:/altera/12.1/nios2eds/bin/gnu/h-i686-mingw32/bin/../lib/gcc/nios2-elf/4.1.2/../../../../nios2-elf/lib\libc.a(lib_a-callocr.o)
 .bss           0x000539ec        0x0 c:/altera/12.1/nios2eds/bin/gnu/h-i686-mingw32/bin/../lib/gcc/nios2-elf/4.1.2/../../../../nios2-elf/lib\libc.a(lib_a-closer.o)
 .bss           0x000539ec        0x0 c:/altera/12.1/nios2eds/bin/gnu/h-i686-mingw32/bin/../lib/gcc/nios2-elf/4.1.2/../../../../nios2-elf/lib\libc.a(lib_a-fclose.o)
 .bss           0x000539ec        0x0 c:/altera/12.1/nios2eds/bin/gnu/h-i686-mingw32/bin/../lib/gcc/nios2-elf/4.1.2/../../../../nios2-elf/lib\libc.a(lib_a-fstatr.o)
 .bss           0x000539ec        0x0 c:/altera/12.1/nios2eds/bin/gnu/h-i686-mingw32/bin/../lib/gcc/nios2-elf/4.1.2/../../../../nios2-elf/lib\libc.a(lib_a-int_errno.o)
 .bss           0x000539ec        0x0 c:/altera/12.1/nios2eds/bin/gnu/h-i686-mingw32/bin/../lib/gcc/nios2-elf/4.1.2/../../../../nios2-elf/lib\libc.a(lib_a-isattyr.o)
 .bss           0x000539ec        0x0 c:/altera/12.1/nios2eds/bin/gnu/h-i686-mingw32/bin/../lib/gcc/nios2-elf/4.1.2/../../../../nios2-elf/lib\libc.a(lib_a-lseekr.o)
 .bss           0x000539ec        0x0 c:/altera/12.1/nios2eds/bin/gnu/h-i686-mingw32/bin/../lib/gcc/nios2-elf/4.1.2/../../../../nios2-elf/lib\libc.a(lib_a-readr.o)
 .bss           0x000539ec        0x0 c:/altera/12.1/nios2eds/bin/gnu/h-i686-mingw32/bin/../lib/gcc/nios2-elf/4.1.2\libgcc.a(_udivdi3.o)
 .bss           0x000539ec        0x0 c:/altera/12.1/nios2eds/bin/gnu/h-i686-mingw32/bin/../lib/gcc/nios2-elf/4.1.2\libgcc.a(_umoddi3.o)
 .bss           0x000539ec        0x0 c:/altera/12.1/nios2eds/bin/gnu/h-i686-mingw32/bin/../lib/gcc/nios2-elf/4.1.2\libgcc.a(_addsub_df.o)
 .bss           0x000539ec        0x0 c:/altera/12.1/nios2eds/bin/gnu/h-i686-mingw32/bin/../lib/gcc/nios2-elf/4.1.2\libgcc.a(_mul_df.o)
 .bss           0x000539ec        0x0 c:/altera/12.1/nios2eds/bin/gnu/h-i686-mingw32/bin/../lib/gcc/nios2-elf/4.1.2\libgcc.a(_div_df.o)
 .bss           0x000539ec        0x0 c:/altera/12.1/nios2eds/bin/gnu/h-i686-mingw32/bin/../lib/gcc/nios2-elf/4.1.2\libgcc.a(_eq_df.o)
 .bss           0x000539ec        0x0 c:/altera/12.1/nios2eds/bin/gnu/h-i686-mingw32/bin/../lib/gcc/nios2-elf/4.1.2\libgcc.a(_ne_df.o)
 .bss           0x000539ec        0x0 c:/altera/12.1/nios2eds/bin/gnu/h-i686-mingw32/bin/../lib/gcc/nios2-elf/4.1.2\libgcc.a(_gt_df.o)
 .bss           0x000539ec        0x0 c:/altera/12.1/nios2eds/bin/gnu/h-i686-mingw32/bin/../lib/gcc/nios2-elf/4.1.2\libgcc.a(_ge_df.o)
 .bss           0x000539ec        0x0 c:/altera/12.1/nios2eds/bin/gnu/h-i686-mingw32/bin/../lib/gcc/nios2-elf/4.1.2\libgcc.a(_lt_df.o)
 .bss           0x000539ec        0x0 c:/altera/12.1/nios2eds/bin/gnu/h-i686-mingw32/bin/../lib/gcc/nios2-elf/4.1.2\libgcc.a(_si_to_df.o)
 .bss           0x000539ec        0x0 c:/altera/12.1/nios2eds/bin/gnu/h-i686-mingw32/bin/../lib/gcc/nios2-elf/4.1.2\libgcc.a(_df_to_si.o)
 .bss           0x000539ec        0x0 c:/altera/12.1/nios2eds/bin/gnu/h-i686-mingw32/bin/../lib/gcc/nios2-elf/4.1.2\libgcc.a(_thenan_df.o)
 .bss           0x000539ec        0x0 c:/altera/12.1/nios2eds/bin/gnu/h-i686-mingw32/bin/../lib/gcc/nios2-elf/4.1.2\libgcc.a(_usi_to_df.o)
 .bss           0x000539ec        0x0 c:/altera/12.1/nios2eds/bin/gnu/h-i686-mingw32/bin/../lib/gcc/nios2-elf/4.1.2\libgcc.a(_clz.o)
 .bss           0x000539ec        0x0 c:/altera/12.1/nios2eds/bin/gnu/h-i686-mingw32/bin/../lib/gcc/nios2-elf/4.1.2\libgcc.a(_clzsi2.o)
 .bss           0x000539ec        0x0 c:/altera/12.1/nios2eds/bin/gnu/h-i686-mingw32/bin/../lib/gcc/nios2-elf/4.1.2\libgcc.a(_unpack_df.o)
 .bss           0x000539ec        0x0 c:/altera/12.1/nios2eds/bin/gnu/h-i686-mingw32/bin/../lib/gcc/nios2-elf/4.1.2\libgcc.a(_fpcmp_parts_df.o)
 .bss           0x000539ec        0x0 ../skeleton_bsp/\libhal_bsp.a(alt_close.o)
 .bss           0x000539ec        0x0 ../skeleton_bsp/\libhal_bsp.a(alt_dev.o)
 .bss           0x000539ec        0x0 ../skeleton_bsp/\libhal_bsp.a(alt_errno.o)
 .bss           0x000539ec        0x0 ../skeleton_bsp/\libhal_bsp.a(alt_fstat.o)
 .bss           0x000539ec        0x0 ../skeleton_bsp/\libhal_bsp.a(alt_irq_entry.o)
 .bss           0x000539ec        0x0 ../skeleton_bsp/\libhal_bsp.a(alt_irq_handler.o)
 .bss           0x000539ec        0x0 ../skeleton_bsp/\libhal_bsp.a(alt_irq_register.o)
 .bss           0x000539ec        0x0 ../skeleton_bsp/\libhal_bsp.a(alt_irq_vars.o)
 .bss           0x000539ec        0x0 ../skeleton_bsp/\libhal_bsp.a(alt_isatty.o)
 .bss           0x000539ec        0x0 ../skeleton_bsp/\libhal_bsp.a(alt_load.o)
 .bss           0x000539ec        0x0 ../skeleton_bsp/\libhal_bsp.a(alt_lseek.o)
 .bss           0x000539ec        0x0 ../skeleton_bsp/\libhal_bsp.a(alt_main.o)
 .bss           0x000539ec        0x0 ../skeleton_bsp/\libhal_bsp.a(alt_malloc_lock.o)
 .bss           0x000539ec        0x0 ../skeleton_bsp/\libhal_bsp.a(alt_open.o)
 .bss           0x000539ec        0x0 ../skeleton_bsp/\libhal_bsp.a(alt_read.o)
 .bss           0x000539ec        0x0 ../skeleton_bsp/\libhal_bsp.a(alt_release_fd.o)
 .bss           0x000539ec        0x0 ../skeleton_bsp/\libhal_bsp.a(alt_sbrk.o)
 .bss           0x000539ec        0x0 ../skeleton_bsp/\libhal_bsp.a(alt_write.o)
 .bss           0x000539ec        0x0 ../skeleton_bsp/\libhal_bsp.a(alt_sys_init.o)
 .bss           0x000539ec        0x0 ../skeleton_bsp/\libhal_bsp.a(altera_avalon_jtag_uart_fd.o)
 .bss           0x000539ec        0x0 ../skeleton_bsp/\libhal_bsp.a(altera_avalon_jtag_uart_init.o)
 .bss           0x000539ec        0x0 ../skeleton_bsp/\libhal_bsp.a(altera_avalon_jtag_uart_ioctl.o)
 .bss           0x000539ec        0x0 ../skeleton_bsp/\libhal_bsp.a(altera_avalon_jtag_uart_read.o)
 .bss           0x000539ec        0x0 ../skeleton_bsp/\libhal_bsp.a(altera_avalon_jtag_uart_write.o)
 .bss           0x000539ec        0x0 ../skeleton_bsp/\libhal_bsp.a(altera_avalon_uart_fd.o)
 .bss           0x000539ec        0x0 ../skeleton_bsp/\libhal_bsp.a(altera_avalon_uart_init.o)
 .bss           0x000539ec        0x0 ../skeleton_bsp/\libhal_bsp.a(altera_avalon_uart_read.o)
 .bss           0x000539ec        0x0 ../skeleton_bsp/\libhal_bsp.a(altera_avalon_uart_write.o)
 .bss           0x000539ec        0x0 ../skeleton_bsp/\libhal_bsp.a(alt_alarm_start.o)
 .bss           0x000539ec        0x0 ../skeleton_bsp/\libhal_bsp.a(alt_dcache_flush_all.o)
 .bss           0x000539ec        0x0 ../skeleton_bsp/\libhal_bsp.a(alt_dev_llist_insert.o)
 .bss           0x000539ec        0x0 ../skeleton_bsp/\libhal_bsp.a(alt_do_ctors.o)
 .bss           0x000539ec        0x0 ../skeleton_bsp/\libhal_bsp.a(alt_do_dtors.o)
 .bss           0x000539ec        0x0 ../skeleton_bsp/\libhal_bsp.a(alt_exception_entry.o)
 .bss           0x000539ec        0x0 ../skeleton_bsp/\libhal_bsp.a(alt_find_dev.o)
 .bss           0x000539ec        0x0 ../skeleton_bsp/\libhal_bsp.a(alt_find_file.o)
 .bss           0x000539ec        0x0 ../skeleton_bsp/\libhal_bsp.a(alt_get_fd.o)
 .bss           0x000539ec        0x0 ../skeleton_bsp/\libhal_bsp.a(alt_icache_flush_all.o)
 .bss           0x000539ec        0x0 ../skeleton_bsp/\libhal_bsp.a(alt_iic.o)
 .bss           0x000539ec        0x0 ../skeleton_bsp/\libhal_bsp.a(alt_iic_isr_register.o)
 .bss           0x000539ec        0x0 ../skeleton_bsp/\libhal_bsp.a(alt_io_redirect.o)
 .bss           0x000539ec        0x0 ../skeleton_bsp/\libhal_bsp.a(alt_tick.o)
 .bss           0x000539ec        0x0 ../skeleton_bsp/\libhal_bsp.a(altera_nios2_qsys_irq.o)
 .bss           0x000539ec        0x0 ../skeleton_bsp/\libhal_bsp.a(alt_icache_flush.o)
 .bss           0x000539ec        0x0 c:/altera/12.1/nios2eds/bin/gnu/h-i686-mingw32/bin/../lib/gcc/nios2-elf/4.1.2/../../../../nios2-elf/lib\libc.a(lib_a-atexit.o)
 .bss           0x000539ec        0x0 c:/altera/12.1/nios2eds/bin/gnu/h-i686-mingw32/bin/../lib/gcc/nios2-elf/4.1.2/../../../../nios2-elf/lib\libc.a(lib_a-exit.o)
 .bss           0x000539ec        0x0 c:/altera/12.1/nios2eds/bin/gnu/h-i686-mingw32/bin/../lib/gcc/nios2-elf/4.1.2/../../../../nios2-elf/lib\libc.a(lib_a-memcmp.o)
 .bss           0x000539ec        0x0 c:/altera/12.1/nios2eds/bin/gnu/h-i686-mingw32/bin/../lib/gcc/nios2-elf/4.1.2/../../../../nios2-elf/lib\libc.a(lib_a-__atexit.o)
 .bss           0x000539ec        0x0 c:/altera/12.1/nios2eds/bin/gnu/h-i686-mingw32/bin/../lib/gcc/nios2-elf/4.1.2/../../../../nios2-elf/lib\libc.a(lib_a-__call_atexit.o)
 .bss           0x000539ec        0x0 ../skeleton_bsp/\libhal_bsp.a(alt_exit.o)
 *(COMMON)
 COMMON         0x000539ec     0x1a0e obj/default/main.o
                0x000539ec                datatest
                0x00053bec                leftChannelData
                0x00053c22                rx_buffer
                0x00054024                convResultBuffer
                0x00054fc4                UARTData
                0x000553c4                rightChannelData
 COMMON         0x000553fa       0x36 obj/default/uart.o
                0x000553fa                DataBufferCopy
 COMMON         0x00055430      0x100 ../skeleton_bsp/\libhal_bsp.a(alt_irq_handler.o)
                0x00055430                alt_irq
 COMMON         0x00055530      0x190 c:/altera/12.1/nios2eds/bin/gnu/h-i686-mingw32/bin/../lib/gcc/nios2-elf/4.1.2/../../../../nios2-elf/lib\libc.a(lib_a-atexit.o)
                0x00055530                _atexit0
                0x000556c0                . = ALIGN (0x4)
                0x000556c0                __bss_end = ABSOLUTE (.)

.onchip_memory2
                0x000556c0        0x0
                0x000556c0                PROVIDE (_alt_partition_onchip_memory2_start, ABSOLUTE (.))
 *(.onchip_memory2. onchip_memory2.*)
                0x000556c0                . = ALIGN (0x4)
                0x000556c0                PROVIDE (_alt_partition_onchip_memory2_end, ABSOLUTE (.))
                0x000556c0                _end = ABSOLUTE (.)
                0x000556c0                end = ABSOLUTE (.)
                0x000556c0                __alt_stack_base = ABSOLUTE (.)
                0x000556c0                PROVIDE (_alt_partition_onchip_memory2_load_addr, LOADADDR (.onchip_memory2))

.stab
 *(.stab)

.stabstr
 *(.stabstr)

.stab.excl
 *(.stab.excl)

.stab.exclstr
 *(.stab.exclstr)

.stab.index
 *(.stab.index)

.stab.indexstr
 *(.stab.indexstr)

.comment        0x00000000       0x49
 *(.comment)
 .comment       0x00000000       0x23 obj/default/aic23.o
                                 0x24 (size before relaxing)
 .comment       0x00000023       0x26 obj/default/delay.o
                                 0x27 (size before relaxing)
 .comment       0x00000000       0x24 obj/default/i2s_control.o
 .comment       0x00000000       0x24 obj/default/main.o
 .comment       0x00000000       0x24 obj/default/spi_control.o
 .comment       0x00000000       0x24 obj/default/uart.o
 .comment       0x00000000       0x24 c:/altera/12.1/nios2eds/bin/gnu/h-i686-mingw32/bin/../lib/gcc/nios2-elf/4.1.2\libgcc.a(_addsub_sf.o)
 .comment       0x00000000       0x24 c:/altera/12.1/nios2eds/bin/gnu/h-i686-mingw32/bin/../lib/gcc/nios2-elf/4.1.2\libgcc.a(_mul_sf.o)
 .comment       0x00000000       0x24 c:/altera/12.1/nios2eds/bin/gnu/h-i686-mingw32/bin/../lib/gcc/nios2-elf/4.1.2\libgcc.a(_sf_to_si.o)
 .comment       0x00000000       0x24 c:/altera/12.1/nios2eds/bin/gnu/h-i686-mingw32/bin/../lib/gcc/nios2-elf/4.1.2\libgcc.a(_sf_to_df.o)
 .comment       0x00000000       0x24 c:/altera/12.1/nios2eds/bin/gnu/h-i686-mingw32/bin/../lib/gcc/nios2-elf/4.1.2\libgcc.a(_thenan_sf.o)
 .comment       0x00000000       0x24 c:/altera/12.1/nios2eds/bin/gnu/h-i686-mingw32/bin/../lib/gcc/nios2-elf/4.1.2\libgcc.a(_make_df.o)
 .comment       0x00000000       0x24 c:/altera/12.1/nios2eds/bin/gnu/h-i686-mingw32/bin/../lib/gcc/nios2-elf/4.1.2\libgcc.a(lib2-divmod.o)
 .comment       0x00000000       0x24 c:/altera/12.1/nios2eds/bin/gnu/h-i686-mingw32/bin/../lib/gcc/nios2-elf/4.1.2\libgcc.a(_muldi3.o)
 .comment       0x00000000       0x24 c:/altera/12.1/nios2eds/bin/gnu/h-i686-mingw32/bin/../lib/gcc/nios2-elf/4.1.2\libgcc.a(_pack_sf.o)
 .comment       0x00000000       0x24 c:/altera/12.1/nios2eds/bin/gnu/h-i686-mingw32/bin/../lib/gcc/nios2-elf/4.1.2\libgcc.a(_unpack_sf.o)
 .comment       0x00000000       0x24 c:/altera/12.1/nios2eds/bin/gnu/h-i686-mingw32/bin/../lib/gcc/nios2-elf/4.1.2\libgcc.a(_pack_df.o)
 .comment       0x00000000       0x24 c:/altera/12.1/nios2eds/bin/gnu/h-i686-mingw32/bin/../lib/gcc/nios2-elf/4.1.2/../../../../nios2-elf/lib\libc.a(lib_a-puts.o)
 .comment       0x00000000       0x24 c:/altera/12.1/nios2eds/bin/gnu/h-i686-mingw32/bin/../lib/gcc/nios2-elf/4.1.2/../../../../nios2-elf/lib\libc.a(lib_a-snprintf.o)
 .comment       0x00000000       0x24 c:/altera/12.1/nios2eds/bin/gnu/h-i686-mingw32/bin/../lib/gcc/nios2-elf/4.1.2/../../../../nios2-elf/lib\libc.a(lib_a-strlen.o)
 .comment       0x00000000       0x24 c:/altera/12.1/nios2eds/bin/gnu/h-i686-mingw32/bin/../lib/gcc/nios2-elf/4.1.2/../../../../nios2-elf/lib\libc.a(lib_a-vfprintf.o)
 .comment       0x00000000       0x24 c:/altera/12.1/nios2eds/bin/gnu/h-i686-mingw32/bin/../lib/gcc/nios2-elf/4.1.2/../../../../nios2-elf/lib\libc.a(lib_a-wsetup.o)
 .comment       0x00000000       0x24 c:/altera/12.1/nios2eds/bin/gnu/h-i686-mingw32/bin/../lib/gcc/nios2-elf/4.1.2/../../../../nios2-elf/lib\libc.a(lib_a-dtoa.o)
 .comment       0x00000000       0x24 c:/altera/12.1/nios2eds/bin/gnu/h-i686-mingw32/bin/../lib/gcc/nios2-elf/4.1.2/../../../../nios2-elf/lib\libc.a(lib_a-fflush.o)
 .comment       0x00000000       0x24 c:/altera/12.1/nios2eds/bin/gnu/h-i686-mingw32/bin/../lib/gcc/nios2-elf/4.1.2/../../../../nios2-elf/lib\libc.a(lib_a-findfp.o)
 .comment       0x00000000       0x24 c:/altera/12.1/nios2eds/bin/gnu/h-i686-mingw32/bin/../lib/gcc/nios2-elf/4.1.2/../../../../nios2-elf/lib\libc.a(lib_a-freer.o)
 .comment       0x00000000       0x24 c:/altera/12.1/nios2eds/bin/gnu/h-i686-mingw32/bin/../lib/gcc/nios2-elf/4.1.2/../../../../nios2-elf/lib\libc.a(lib_a-fvwrite.o)
 .comment       0x00000000       0x24 c:/altera/12.1/nios2eds/bin/gnu/h-i686-mingw32/bin/../lib/gcc/nios2-elf/4.1.2/../../../../nios2-elf/lib\libc.a(lib_a-fwalk.o)
 .comment       0x00000000       0x24 c:/altera/12.1/nios2eds/bin/gnu/h-i686-mingw32/bin/../lib/gcc/nios2-elf/4.1.2/../../../../nios2-elf/lib\libc.a(lib_a-impure.o)
 .comment       0x00000000       0x24 c:/altera/12.1/nios2eds/bin/gnu/h-i686-mingw32/bin/../lib/gcc/nios2-elf/4.1.2/../../../../nios2-elf/lib\libc.a(lib_a-locale.o)
 .comment       0x00000000       0x24 c:/altera/12.1/nios2eds/bin/gnu/h-i686-mingw32/bin/../lib/gcc/nios2-elf/4.1.2/../../../../nios2-elf/lib\libc.a(lib_a-makebuf.o)
 .comment       0x00000000       0x24 c:/altera/12.1/nios2eds/bin/gnu/h-i686-mingw32/bin/../lib/gcc/nios2-elf/4.1.2/../../../../nios2-elf/lib\libc.a(lib_a-mallocr.o)
 .comment       0x00000000       0x24 c:/altera/12.1/nios2eds/bin/gnu/h-i686-mingw32/bin/../lib/gcc/nios2-elf/4.1.2/../../../../nios2-elf/lib\libc.a(lib_a-memchr.o)
 .comment       0x00000000       0x24 c:/altera/12.1/nios2eds/bin/gnu/h-i686-mingw32/bin/../lib/gcc/nios2-elf/4.1.2/../../../../nios2-elf/lib\libc.a(lib_a-memcpy.o)
 .comment       0x00000000       0x24 c:/altera/12.1/nios2eds/bin/gnu/h-i686-mingw32/bin/../lib/gcc/nios2-elf/4.1.2/../../../../nios2-elf/lib\libc.a(lib_a-memmove.o)
 .comment       0x00000000       0x24 c:/altera/12.1/nios2eds/bin/gnu/h-i686-mingw32/bin/../lib/gcc/nios2-elf/4.1.2/../../../../nios2-elf/lib\libc.a(lib_a-memset.o)
 .comment       0x00000000       0x24 c:/altera/12.1/nios2eds/bin/gnu/h-i686-mingw32/bin/../lib/gcc/nios2-elf/4.1.2/../../../../nios2-elf/lib\libc.a(lib_a-mprec.o)
 .comment       0x00000000       0x24 c:/altera/12.1/nios2eds/bin/gnu/h-i686-mingw32/bin/../lib/gcc/nios2-elf/4.1.2/../../../../nios2-elf/lib\libc.a(lib_a-reallocr.o)
 .comment       0x00000000       0x24 c:/altera/12.1/nios2eds/bin/gnu/h-i686-mingw32/bin/../lib/gcc/nios2-elf/4.1.2/../../../../nios2-elf/lib\libc.a(lib_a-s_isinfd.o)
 .comment       0x00000000       0x24 c:/altera/12.1/nios2eds/bin/gnu/h-i686-mingw32/bin/../lib/gcc/nios2-elf/4.1.2/../../../../nios2-elf/lib\libc.a(lib_a-s_isnand.o)
 .comment       0x00000000       0x24 c:/altera/12.1/nios2eds/bin/gnu/h-i686-mingw32/bin/../lib/gcc/nios2-elf/4.1.2/../../../../nios2-elf/lib\libc.a(lib_a-sbrkr.o)
 .comment       0x00000000       0x24 c:/altera/12.1/nios2eds/bin/gnu/h-i686-mingw32/bin/../lib/gcc/nios2-elf/4.1.2/../../../../nios2-elf/lib\libc.a(lib_a-stdio.o)
 .comment       0x00000000       0x24 c:/altera/12.1/nios2eds/bin/gnu/h-i686-mingw32/bin/../lib/gcc/nios2-elf/4.1.2/../../../../nios2-elf/lib\libc.a(lib_a-strcmp.o)
 .comment       0x00000000       0x24 c:/altera/12.1/nios2eds/bin/gnu/h-i686-mingw32/bin/../lib/gcc/nios2-elf/4.1.2/../../../../nios2-elf/lib\libc.a(lib_a-writer.o)
 .comment       0x00000000       0x24 c:/altera/12.1/nios2eds/bin/gnu/h-i686-mingw32/bin/../lib/gcc/nios2-elf/4.1.2/../../../../nios2-elf/lib\libc.a(lib_a-callocr.o)
 .comment       0x00000000       0x24 c:/altera/12.1/nios2eds/bin/gnu/h-i686-mingw32/bin/../lib/gcc/nios2-elf/4.1.2/../../../../nios2-elf/lib\libc.a(lib_a-closer.o)
 .comment       0x00000000       0x24 c:/altera/12.1/nios2eds/bin/gnu/h-i686-mingw32/bin/../lib/gcc/nios2-elf/4.1.2/../../../../nios2-elf/lib\libc.a(lib_a-fclose.o)
 .comment       0x00000000       0x24 c:/altera/12.1/nios2eds/bin/gnu/h-i686-mingw32/bin/../lib/gcc/nios2-elf/4.1.2/../../../../nios2-elf/lib\libc.a(lib_a-fstatr.o)
 .comment       0x00000000       0x24 c:/altera/12.1/nios2eds/bin/gnu/h-i686-mingw32/bin/../lib/gcc/nios2-elf/4.1.2/../../../../nios2-elf/lib\libc.a(lib_a-int_errno.o)
 .comment       0x00000000       0x24 c:/altera/12.1/nios2eds/bin/gnu/h-i686-mingw32/bin/../lib/gcc/nios2-elf/4.1.2/../../../../nios2-elf/lib\libc.a(lib_a-isattyr.o)
 .comment       0x00000000       0x24 c:/altera/12.1/nios2eds/bin/gnu/h-i686-mingw32/bin/../lib/gcc/nios2-elf/4.1.2/../../../../nios2-elf/lib\libc.a(lib_a-lseekr.o)
 .comment       0x00000000       0x24 c:/altera/12.1/nios2eds/bin/gnu/h-i686-mingw32/bin/../lib/gcc/nios2-elf/4.1.2/../../../../nios2-elf/lib\libc.a(lib_a-readr.o)
 .comment       0x00000000       0x24 c:/altera/12.1/nios2eds/bin/gnu/h-i686-mingw32/bin/../lib/gcc/nios2-elf/4.1.2\libgcc.a(_udivdi3.o)
 .comment       0x00000000       0x24 c:/altera/12.1/nios2eds/bin/gnu/h-i686-mingw32/bin/../lib/gcc/nios2-elf/4.1.2\libgcc.a(_umoddi3.o)
 .comment       0x00000000       0x24 c:/altera/12.1/nios2eds/bin/gnu/h-i686-mingw32/bin/../lib/gcc/nios2-elf/4.1.2\libgcc.a(_addsub_df.o)
 .comment       0x00000000       0x24 c:/altera/12.1/nios2eds/bin/gnu/h-i686-mingw32/bin/../lib/gcc/nios2-elf/4.1.2\libgcc.a(_mul_df.o)
 .comment       0x00000000       0x24 c:/altera/12.1/nios2eds/bin/gnu/h-i686-mingw32/bin/../lib/gcc/nios2-elf/4.1.2\libgcc.a(_div_df.o)
 .comment       0x00000000       0x24 c:/altera/12.1/nios2eds/bin/gnu/h-i686-mingw32/bin/../lib/gcc/nios2-elf/4.1.2\libgcc.a(_eq_df.o)
 .comment       0x00000000       0x24 c:/altera/12.1/nios2eds/bin/gnu/h-i686-mingw32/bin/../lib/gcc/nios2-elf/4.1.2\libgcc.a(_ne_df.o)
 .comment       0x00000000       0x24 c:/altera/12.1/nios2eds/bin/gnu/h-i686-mingw32/bin/../lib/gcc/nios2-elf/4.1.2\libgcc.a(_gt_df.o)
 .comment       0x00000000       0x24 c:/altera/12.1/nios2eds/bin/gnu/h-i686-mingw32/bin/../lib/gcc/nios2-elf/4.1.2\libgcc.a(_ge_df.o)
 .comment       0x00000000       0x24 c:/altera/12.1/nios2eds/bin/gnu/h-i686-mingw32/bin/../lib/gcc/nios2-elf/4.1.2\libgcc.a(_lt_df.o)
 .comment       0x00000000       0x24 c:/altera/12.1/nios2eds/bin/gnu/h-i686-mingw32/bin/../lib/gcc/nios2-elf/4.1.2\libgcc.a(_si_to_df.o)
 .comment       0x00000000       0x24 c:/altera/12.1/nios2eds/bin/gnu/h-i686-mingw32/bin/../lib/gcc/nios2-elf/4.1.2\libgcc.a(_df_to_si.o)
 .comment       0x00000000       0x24 c:/altera/12.1/nios2eds/bin/gnu/h-i686-mingw32/bin/../lib/gcc/nios2-elf/4.1.2\libgcc.a(_thenan_df.o)
 .comment       0x00000000       0x24 c:/altera/12.1/nios2eds/bin/gnu/h-i686-mingw32/bin/../lib/gcc/nios2-elf/4.1.2\libgcc.a(_usi_to_df.o)
 .comment       0x00000000       0x24 c:/altera/12.1/nios2eds/bin/gnu/h-i686-mingw32/bin/../lib/gcc/nios2-elf/4.1.2\libgcc.a(_clz.o)
 .comment       0x00000000       0x24 c:/altera/12.1/nios2eds/bin/gnu/h-i686-mingw32/bin/../lib/gcc/nios2-elf/4.1.2\libgcc.a(_clzsi2.o)
 .comment       0x00000000       0x24 c:/altera/12.1/nios2eds/bin/gnu/h-i686-mingw32/bin/../lib/gcc/nios2-elf/4.1.2\libgcc.a(_unpack_df.o)
 .comment       0x00000000       0x24 c:/altera/12.1/nios2eds/bin/gnu/h-i686-mingw32/bin/../lib/gcc/nios2-elf/4.1.2\libgcc.a(_fpcmp_parts_df.o)
 .comment       0x00000000       0x24 ../skeleton_bsp/\libhal_bsp.a(alt_close.o)
 .comment       0x00000000       0x24 ../skeleton_bsp/\libhal_bsp.a(alt_dev.o)
 .comment       0x00000000       0x24 ../skeleton_bsp/\libhal_bsp.a(alt_errno.o)
 .comment       0x00000000       0x24 ../skeleton_bsp/\libhal_bsp.a(alt_fstat.o)
 .comment       0x00000000       0x24 ../skeleton_bsp/\libhal_bsp.a(alt_irq_handler.o)
 .comment       0x00000000       0x24 ../skeleton_bsp/\libhal_bsp.a(alt_irq_register.o)
 .comment       0x00000000       0x24 ../skeleton_bsp/\libhal_bsp.a(alt_irq_vars.o)
 .comment       0x00000000       0x24 ../skeleton_bsp/\libhal_bsp.a(alt_isatty.o)
 .comment       0x00000000       0x24 ../skeleton_bsp/\libhal_bsp.a(alt_load.o)
 .comment       0x00000000       0x24 ../skeleton_bsp/\libhal_bsp.a(alt_lseek.o)
 .comment       0x00000000       0x24 ../skeleton_bsp/\libhal_bsp.a(alt_main.o)
 .comment       0x00000000       0x24 ../skeleton_bsp/\libhal_bsp.a(alt_malloc_lock.o)
 .comment       0x00000000       0x24 ../skeleton_bsp/\libhal_bsp.a(alt_open.o)
 .comment       0x00000000       0x24 ../skeleton_bsp/\libhal_bsp.a(alt_read.o)
 .comment       0x00000000       0x24 ../skeleton_bsp/\libhal_bsp.a(alt_release_fd.o)
 .comment       0x00000000       0x24 ../skeleton_bsp/\libhal_bsp.a(alt_sbrk.o)
 .comment       0x00000000       0x24 ../skeleton_bsp/\libhal_bsp.a(alt_write.o)
 .comment       0x00000000       0x24 ../skeleton_bsp/\libhal_bsp.a(alt_sys_init.o)
 .comment       0x00000000       0x24 ../skeleton_bsp/\libhal_bsp.a(altera_avalon_jtag_uart_fd.o)
 .comment       0x00000000       0x24 ../skeleton_bsp/\libhal_bsp.a(altera_avalon_jtag_uart_init.o)
 .comment       0x00000000       0x24 ../skeleton_bsp/\libhal_bsp.a(altera_avalon_jtag_uart_ioctl.o)
 .comment       0x00000000       0x24 ../skeleton_bsp/\libhal_bsp.a(altera_avalon_jtag_uart_read.o)
 .comment       0x00000000       0x24 ../skeleton_bsp/\libhal_bsp.a(altera_avalon_jtag_uart_write.o)
 .comment       0x00000000       0x24 ../skeleton_bsp/\libhal_bsp.a(altera_avalon_uart_fd.o)
 .comment       0x00000000       0x24 ../skeleton_bsp/\libhal_bsp.a(altera_avalon_uart_init.o)
 .comment       0x00000000       0x24 ../skeleton_bsp/\libhal_bsp.a(altera_avalon_uart_read.o)
 .comment       0x00000000       0x24 ../skeleton_bsp/\libhal_bsp.a(altera_avalon_uart_write.o)
 .comment       0x00000000       0x24 ../skeleton_bsp/\libhal_bsp.a(alt_alarm_start.o)
 .comment       0x00000000       0x24 ../skeleton_bsp/\libhal_bsp.a(alt_dcache_flush_all.o)
 .comment       0x00000000       0x24 ../skeleton_bsp/\libhal_bsp.a(alt_dev_llist_insert.o)
 .comment       0x00000000       0x24 ../skeleton_bsp/\libhal_bsp.a(alt_do_ctors.o)
 .comment       0x00000000       0x24 ../skeleton_bsp/\libhal_bsp.a(alt_do_dtors.o)
 .comment       0x00000000       0x24 ../skeleton_bsp/\libhal_bsp.a(alt_find_dev.o)
 .comment       0x00000000       0x24 ../skeleton_bsp/\libhal_bsp.a(alt_find_file.o)
 .comment       0x00000000       0x24 ../skeleton_bsp/\libhal_bsp.a(alt_get_fd.o)
 .comment       0x00000000       0x24 ../skeleton_bsp/\libhal_bsp.a(alt_icache_flush_all.o)
 .comment       0x00000000       0x24 ../skeleton_bsp/\libhal_bsp.a(alt_iic.o)
 .comment       0x00000000       0x24 ../skeleton_bsp/\libhal_bsp.a(alt_iic_isr_register.o)
 .comment       0x00000000       0x24 ../skeleton_bsp/\libhal_bsp.a(alt_io_redirect.o)
 .comment       0x00000000       0x24 ../skeleton_bsp/\libhal_bsp.a(alt_tick.o)
 .comment       0x00000000       0x24 ../skeleton_bsp/\libhal_bsp.a(altera_nios2_qsys_irq.o)
 .comment       0x00000000       0x24 ../skeleton_bsp/\libhal_bsp.a(alt_icache_flush.o)
 .comment       0x00000000       0x24 c:/altera/12.1/nios2eds/bin/gnu/h-i686-mingw32/bin/../lib/gcc/nios2-elf/4.1.2/../../../../nios2-elf/lib\libc.a(lib_a-atexit.o)
 .comment       0x00000000       0x24 c:/altera/12.1/nios2eds/bin/gnu/h-i686-mingw32/bin/../lib/gcc/nios2-elf/4.1.2/../../../../nios2-elf/lib\libc.a(lib_a-exit.o)
 .comment       0x00000000       0x24 c:/altera/12.1/nios2eds/bin/gnu/h-i686-mingw32/bin/../lib/gcc/nios2-elf/4.1.2/../../../../nios2-elf/lib\libc.a(lib_a-memcmp.o)
 .comment       0x00000000       0x24 c:/altera/12.1/nios2eds/bin/gnu/h-i686-mingw32/bin/../lib/gcc/nios2-elf/4.1.2/../../../../nios2-elf/lib\libc.a(lib_a-__atexit.o)
 .comment       0x00000000       0x24 c:/altera/12.1/nios2eds/bin/gnu/h-i686-mingw32/bin/../lib/gcc/nios2-elf/4.1.2/../../../../nios2-elf/lib\libc.a(lib_a-__call_atexit.o)
 .comment       0x00000000       0x24 ../skeleton_bsp/\libhal_bsp.a(alt_exit.o)

.debug
 *(.debug)

.line
 *(.line)

.debug_srcinfo
 *(.debug_srcinfo)

.debug_sfnames
 *(.debug_sfnames)

.debug_aranges  0x00000000      0xe78
 *(.debug_aranges)
 .debug_aranges
                0x00000000       0x28 ../skeleton_bsp//obj/HAL/src/crt0.o
 .debug_aranges
                0x00000028       0x20 obj/default/aic23.o
 .debug_aranges
                0x00000048       0x20 obj/default/delay.o
 .debug_aranges
                0x00000068       0x20 obj/default/i2s_control.o
 .debug_aranges
                0x00000088       0x20 obj/default/main.o
 .debug_aranges
                0x000000a8       0x20 obj/default/spi_control.o
 .debug_aranges
                0x000000c8       0x20 obj/default/uart.o
 .debug_aranges
                0x000000e8       0x20 c:/altera/12.1/nios2eds/bin/gnu/h-i686-mingw32/bin/../lib/gcc/nios2-elf/4.1.2\libgcc.a(_addsub_sf.o)
 .debug_aranges
                0x00000108       0x20 c:/altera/12.1/nios2eds/bin/gnu/h-i686-mingw32/bin/../lib/gcc/nios2-elf/4.1.2\libgcc.a(_mul_sf.o)
 .debug_aranges
                0x00000128       0x20 c:/altera/12.1/nios2eds/bin/gnu/h-i686-mingw32/bin/../lib/gcc/nios2-elf/4.1.2\libgcc.a(_sf_to_si.o)
 .debug_aranges
                0x00000148       0x20 c:/altera/12.1/nios2eds/bin/gnu/h-i686-mingw32/bin/../lib/gcc/nios2-elf/4.1.2\libgcc.a(_sf_to_df.o)
 .debug_aranges
                0x00000168       0x20 c:/altera/12.1/nios2eds/bin/gnu/h-i686-mingw32/bin/../lib/gcc/nios2-elf/4.1.2\libgcc.a(_make_df.o)
 .debug_aranges
                0x00000188       0x20 c:/altera/12.1/nios2eds/bin/gnu/h-i686-mingw32/bin/../lib/gcc/nios2-elf/4.1.2\libgcc.a(lib2-divmod.o)
 .debug_aranges
                0x000001a8       0x20 c:/altera/12.1/nios2eds/bin/gnu/h-i686-mingw32/bin/../lib/gcc/nios2-elf/4.1.2\libgcc.a(_muldi3.o)
 .debug_aranges
                0x000001c8       0x20 c:/altera/12.1/nios2eds/bin/gnu/h-i686-mingw32/bin/../lib/gcc/nios2-elf/4.1.2\libgcc.a(_pack_sf.o)
 .debug_aranges
                0x000001e8       0x20 c:/altera/12.1/nios2eds/bin/gnu/h-i686-mingw32/bin/../lib/gcc/nios2-elf/4.1.2\libgcc.a(_unpack_sf.o)
 .debug_aranges
                0x00000208       0x20 c:/altera/12.1/nios2eds/bin/gnu/h-i686-mingw32/bin/../lib/gcc/nios2-elf/4.1.2\libgcc.a(_pack_df.o)
 .debug_aranges
                0x00000228       0x20 c:/altera/12.1/nios2eds/bin/gnu/h-i686-mingw32/bin/../lib/gcc/nios2-elf/4.1.2/../../../../nios2-elf/lib\libc.a(lib_a-puts.o)
 .debug_aranges
                0x00000248       0x20 c:/altera/12.1/nios2eds/bin/gnu/h-i686-mingw32/bin/../lib/gcc/nios2-elf/4.1.2/../../../../nios2-elf/lib\libc.a(lib_a-snprintf.o)
 .debug_aranges
                0x00000268       0x20 c:/altera/12.1/nios2eds/bin/gnu/h-i686-mingw32/bin/../lib/gcc/nios2-elf/4.1.2/../../../../nios2-elf/lib\libc.a(lib_a-strlen.o)
 .debug_aranges
                0x00000288       0x20 c:/altera/12.1/nios2eds/bin/gnu/h-i686-mingw32/bin/../lib/gcc/nios2-elf/4.1.2/../../../../nios2-elf/lib\libc.a(lib_a-vfprintf.o)
 .debug_aranges
                0x000002a8       0x20 c:/altera/12.1/nios2eds/bin/gnu/h-i686-mingw32/bin/../lib/gcc/nios2-elf/4.1.2/../../../../nios2-elf/lib\libc.a(lib_a-wsetup.o)
 .debug_aranges
                0x000002c8       0x20 c:/altera/12.1/nios2eds/bin/gnu/h-i686-mingw32/bin/../lib/gcc/nios2-elf/4.1.2/../../../../nios2-elf/lib\libc.a(lib_a-dtoa.o)
 .debug_aranges
                0x000002e8       0x20 c:/altera/12.1/nios2eds/bin/gnu/h-i686-mingw32/bin/../lib/gcc/nios2-elf/4.1.2/../../../../nios2-elf/lib\libc.a(lib_a-fflush.o)
 .debug_aranges
                0x00000308       0x20 c:/altera/12.1/nios2eds/bin/gnu/h-i686-mingw32/bin/../lib/gcc/nios2-elf/4.1.2/../../../../nios2-elf/lib\libc.a(lib_a-findfp.o)
 .debug_aranges
                0x00000328       0x20 c:/altera/12.1/nios2eds/bin/gnu/h-i686-mingw32/bin/../lib/gcc/nios2-elf/4.1.2/../../../../nios2-elf/lib\libc.a(lib_a-freer.o)