Archive member included because of file (symbol)

c:/altera/13.1/nios2eds/bin/gnu/h-i686-mingw32/bin/../lib/gcc/nios2-elf/4.7.3/../../../../../H-i686-mingw32/nios2-elf/lib\libm.a(lib_a-s_sin.o)
                              obj/default/main.o (sin)
c:/altera/13.1/nios2eds/bin/gnu/h-i686-mingw32/bin/../lib/gcc/nios2-elf/4.7.3/../../../../../H-i686-mingw32/nios2-elf/lib\libm.a(lib_a-e_rem_pio2.o)
                              c:/altera/13.1/nios2eds/bin/gnu/h-i686-mingw32/bin/../lib/gcc/nios2-elf/4.7.3/../../../../../H-i686-mingw32/nios2-elf/lib\libm.a(lib_a-s_sin.o) (__ieee754_rem_pio2)
c:/altera/13.1/nios2eds/bin/gnu/h-i686-mingw32/bin/../lib/gcc/nios2-elf/4.7.3/../../../../../H-i686-mingw32/nios2-elf/lib\libm.a(lib_a-k_cos.o)
                              c:/altera/13.1/nios2eds/bin/gnu/h-i686-mingw32/bin/../lib/gcc/nios2-elf/4.7.3/../../../../../H-i686-mingw32/nios2-elf/lib\libm.a(lib_a-s_sin.o) (__kernel_cos)
c:/altera/13.1/nios2eds/bin/gnu/h-i686-mingw32/bin/../lib/gcc/nios2-elf/4.7.3/../../../../../H-i686-mingw32/nios2-elf/lib\libm.a(lib_a-k_rem_pio2.o)
                              c:/altera/13.1/nios2eds/bin/gnu/h-i686-mingw32/bin/../lib/gcc/nios2-elf/4.7.3/../../../../../H-i686-mingw32/nios2-elf/lib\libm.a(lib_a-e_rem_pio2.o) (__kernel_rem_pio2)
c:/altera/13.1/nios2eds/bin/gnu/h-i686-mingw32/bin/../lib/gcc/nios2-elf/4.7.3/../../../../../H-i686-mingw32/nios2-elf/lib\libm.a(lib_a-k_sin.o)
                              c:/altera/13.1/nios2eds/bin/gnu/h-i686-mingw32/bin/../lib/gcc/nios2-elf/4.7.3/../../../../../H-i686-mingw32/nios2-elf/lib\libm.a(lib_a-s_sin.o) (__kernel_sin)
c:/altera/13.1/nios2eds/bin/gnu/h-i686-mingw32/bin/../lib/gcc/nios2-elf/4.7.3/../../../../../H-i686-mingw32/nios2-elf/lib\libm.a(lib_a-s_fabs.o)
                              c:/altera/13.1/nios2eds/bin/gnu/h-i686-mingw32/bin/../lib/gcc/nios2-elf/4.7.3/../../../../../H-i686-mingw32/nios2-elf/lib\libm.a(lib_a-e_rem_pio2.o) (fabs)
c:/altera/13.1/nios2eds/bin/gnu/h-i686-mingw32/bin/../lib/gcc/nios2-elf/4.7.3/../../../../../H-i686-mingw32/nios2-elf/lib\libm.a(lib_a-s_floor.o)
                              c:/altera/13.1/nios2eds/bin/gnu/h-i686-mingw32/bin/../lib/gcc/nios2-elf/4.7.3/../../../../../H-i686-mingw32/nios2-elf/lib\libm.a(lib_a-k_rem_pio2.o) (floor)
c:/altera/13.1/nios2eds/bin/gnu/h-i686-mingw32/bin/../lib/gcc/nios2-elf/4.7.3/../../../../../H-i686-mingw32/nios2-elf/lib\libm.a(lib_a-s_scalbn.o)
                              c:/altera/13.1/nios2eds/bin/gnu/h-i686-mingw32/bin/../lib/gcc/nios2-elf/4.7.3/../../../../../H-i686-mingw32/nios2-elf/lib\libm.a(lib_a-k_rem_pio2.o) (scalbn)
c:/altera/13.1/nios2eds/bin/gnu/h-i686-mingw32/bin/../lib/gcc/nios2-elf/4.7.3/../../../../../H-i686-mingw32/nios2-elf/lib\libm.a(lib_a-s_copysign.o)
                              c:/altera/13.1/nios2eds/bin/gnu/h-i686-mingw32/bin/../lib/gcc/nios2-elf/4.7.3/../../../../../H-i686-mingw32/nios2-elf/lib\libm.a(lib_a-s_scalbn.o) (copysign)
c:/altera/13.1/nios2eds/bin/gnu/h-i686-mingw32/bin/../lib/gcc/nios2-elf/4.7.3\libgcc.a(_addsub_sf.o)
                              obj/default/main.o (__addsf3)
c:/altera/13.1/nios2eds/bin/gnu/h-i686-mingw32/bin/../lib/gcc/nios2-elf/4.7.3\libgcc.a(_mul_sf.o)
                              obj/default/main.o (__mulsf3)
c:/altera/13.1/nios2eds/bin/gnu/h-i686-mingw32/bin/../lib/gcc/nios2-elf/4.7.3\libgcc.a(_sf_to_si.o)
                              obj/default/uart.o (__fixsfsi)
c:/altera/13.1/nios2eds/bin/gnu/h-i686-mingw32/bin/../lib/gcc/nios2-elf/4.7.3\libgcc.a(_sf_to_df.o)
                              obj/default/uart.o (__extendsfdf2)
c:/altera/13.1/nios2eds/bin/gnu/h-i686-mingw32/bin/../lib/gcc/nios2-elf/4.7.3\libgcc.a(_thenan_sf.o)
                              c:/altera/13.1/nios2eds/bin/gnu/h-i686-mingw32/bin/../lib/gcc/nios2-elf/4.7.3\libgcc.a(_addsub_sf.o) (__thenan_sf)
c:/altera/13.1/nios2eds/bin/gnu/h-i686-mingw32/bin/../lib/gcc/nios2-elf/4.7.3\libgcc.a(_addsub_df.o)
                              c:/altera/13.1/nios2eds/bin/gnu/h-i686-mingw32/bin/../lib/gcc/nios2-elf/4.7.3/../../../../../H-i686-mingw32/nios2-elf/lib\libm.a(lib_a-e_rem_pio2.o) (__adddf3)
c:/altera/13.1/nios2eds/bin/gnu/h-i686-mingw32/bin/../lib/gcc/nios2-elf/4.7.3\libgcc.a(_mul_df.o)
                              obj/default/main.o (__muldf3)
c:/altera/13.1/nios2eds/bin/gnu/h-i686-mingw32/bin/../lib/gcc/nios2-elf/4.7.3\libgcc.a(_div_df.o)
                              obj/default/main.o (__divdf3)
c:/altera/13.1/nios2eds/bin/gnu/h-i686-mingw32/bin/../lib/gcc/nios2-elf/4.7.3\libgcc.a(_eq_df.o)
                              c:/altera/13.1/nios2eds/bin/gnu/h-i686-mingw32/bin/../lib/gcc/nios2-elf/4.7.3/../../../../../H-i686-mingw32/nios2-elf/lib\libm.a(lib_a-e_rem_pio2.o) (__eqdf2)
c:/altera/13.1/nios2eds/bin/gnu/h-i686-mingw32/bin/../lib/gcc/nios2-elf/4.7.3\libgcc.a(_gt_df.o)
[...]
Memory Configuration

Name             Origin             Length             Attributes
reset            0x00040000         0x00000020
onchip_memory2   0x00040020         0x00031fe0
*default*        0x00000000         0xffffffff

Linker script and memory map

LOAD ../skeleton_bsp//obj/HAL/src/crt0.o
LOAD obj/default/aic23.o
LOAD obj/default/delay.o
LOAD obj/default/i2s_control.o
LOAD obj/default/main.o
LOAD obj/default/spi_control.o
LOAD obj/default/uart.o
LOAD c:/altera/13.1/nios2eds/bin/gnu/h-i686-mingw32/bin/../lib/gcc/nios2-elf/4.7.3/../../../../../H-i686-mingw32/nios2-elf/lib\libstdc++.a
LOAD c:/altera/13.1/nios2eds/bin/gnu/h-i686-mingw32/bin/../lib/gcc/nios2-elf/4.7.3/../../../../../H-i686-mingw32/nios2-elf/lib\libm.a
LOAD c:/altera/13.1/nios2eds/bin/gnu/h-i686-mingw32/bin/../lib/gcc/nios2-elf/4.7.3\libgcc.a
START GROUP
LOAD c:/altera/13.1/nios2eds/bin/gnu/h-i686-mingw32/bin/../lib/gcc/nios2-elf/4.7.3/../../../../../H-i686-mingw32/nios2-elf/lib\libc.a
LOAD c:/altera/13.1/nios2eds/bin/gnu/h-i686-mingw32/bin/../lib/gcc/nios2-elf/4.7.3\libgcc.a
LOAD ../skeleton_bsp/\libhal_bsp.a
END GROUP
LOAD c:/altera/13.1/nios2eds/bin/gnu/h-i686-mingw32/bin/../lib/gcc/nios2-elf/4.7.3\libgcc.a
                0x00040000                __alt_mem_onchip_memory2 = 0x40000

.entry          0x00040000       0x20
 *(.entry)
 .entry         0x00040000       0x20 ../skeleton_bsp//obj/HAL/src/crt0.o
                0x00040000                __reset

.exceptions     0x00040020      0x198
                0x00040020                PROVIDE (__ram_exceptions_start, ABSOLUTE (.))
                0x00040020                . = ALIGN (0x20)
 *(.irq)
 *(.exceptions.entry.label)
 .exceptions.entry.label
                0x00040020        0x0 ../skeleton_bsp/\libhal_bsp.a(alt_irq_entry.o)
                0x00040020                alt_irq_entry
 .exceptions.entry.label
                0x00040020        0x0 ../skeleton_bsp/\libhal_bsp.a(alt_exception_entry.o)
                0x00040020                alt_exception
 *(.exceptions.entry.user)
 *(.exceptions.entry.ecc_fatal)
 *(.exceptions.entry)
 .exceptions.entry
                0x00040020       0x54 ../skeleton_bsp/\libhal_bsp.a(alt_exception_entry.o)
 *(.exceptions.irqtest.user)
 *(.exceptions.irqtest)
 .exceptions.irqtest
                0x00040074       0x10 ../skeleton_bsp/\libhal_bsp.a(alt_irq_entry.o)
 *(.exceptions.irqhandler.user)
 *(.exceptions.irqhandler)
 .exceptions.irqhandler
                0x00040084        0x4 ../skeleton_bsp/\libhal_bsp.a(alt_irq_entry.o)
 *(.exceptions.irqreturn.user)
 *(.exceptions.irqreturn)
 .exceptions.irqreturn
                0x00040088        0x4 ../skeleton_bsp/\libhal_bsp.a(alt_irq_entry.o)
 *(.exceptions.notirq.label)
 .exceptions.notirq.label
                0x0004008c        0x0 ../skeleton_bsp/\libhal_bsp.a(alt_irq_entry.o)
 *(.exceptions.notirq.user)
 *(.exceptions.notirq)
 .exceptions.notirq
                0x0004008c        0x8 ../skeleton_bsp/\libhal_bsp.a(alt_exception_entry.o)
 *(.exceptions.soft.user)
 *(.exceptions.soft)
 *(.exceptions.unknown.user)
 *(.exceptions.unknown)
 .exceptions.unknown
                0x00040094        0x4 ../skeleton_bsp/\libhal_bsp.a(alt_exception_entry.o)
 *(.exceptions.exit.label)
 .exceptions.exit.label
                0x00040098        0x0 ../skeleton_bsp/\libhal_bsp.a(alt_irq_entry.o)
 .exceptions.exit.label
                0x00040098        0x0 ../skeleton_bsp/\libhal_bsp.a(alt_exception_entry.o)
 *(.exceptions.exit.user)
 *(.exceptions.exit)
 .exceptions.exit
                0x00040098       0x54 ../skeleton_bsp/\libhal_bsp.a(alt_exception_entry.o)
 *(.exceptions)
 .exceptions    0x000400ec       0xcc ../skeleton_bsp/\libhal_bsp.a(alt_irq_handler.o)
                0x000400ec                alt_irq_handler
                0x000401b8                PROVIDE (__ram_exceptions_end, ABSOLUTE (.))
                0x00040020                PROVIDE (__flash_exceptions_start, LOADADDR (.exceptions))

.text           0x000401b8    0x11534
                0x000401b8                PROVIDE (stext, ABSOLUTE (.))
 *(.interp)
 *(.hash)
 *(.dynsym)
 *(.dynstr)
 *(.gnu.version)
 *(.gnu.version_d)
 *(.gnu.version_r)
 *(.rel.init)
 *(.rela.init)
 *(.rel.text .rel.text.* .rel.gnu.linkonce.t.*)
 *(.rela.text .rela.text.* .rela.gnu.linkonce.t.*)
 *(.rel.fini)
 *(.rela.fini)
 *(.rel.rodata .rel.rodata.* .rel.gnu.linkonce.r.*)
 *(.rela.rodata .rela.rodata.* .rela.gnu.linkonce.r.*)
 *(.rel.data .rel.data.* .rel.gnu.linkonce.d.*)
 *(.rela.data .rela.data.* .rela.gnu.linkonce.d.*)
 *(.rel.tdata .rel.tdata.* .rel.gnu.linkonce.td.*)
 *(.rela.tdata .rela.tdata.* .rela.gnu.linkonce.td.*)
 *(.rel.tbss .rel.tbss.* .rel.gnu.linkonce.tb.*)
 *(.rela.tbss .rela.tbss.* .rela.gnu.linkonce.tb.*)
 *(.rel.ctors)
 *(.rela.ctors)
 *(.rel.dtors)
 *(.rela.dtors)
 *(.rel.got)
 *(.rela.got)
 *(.rel.sdata .rel.sdata.* .rel.gnu.linkonce.s.*)
 *(.rela.sdata .rela.sdata.* .rela.gnu.linkonce.s.*)
 *(.rel.sbss .rel.sbss.* .rel.gnu.linkonce.sb.*)
 *(.rela.sbss .rela.sbss.* .rela.gnu.linkonce.sb.*)
 *(.rel.sdata2 .rel.sdata2.* .rel.gnu.linkonce.s2.*)
 *(.rela.sdata2 .rela.sdata2.* .rela.gnu.linkonce.s2.*)
 *(.rel.sbss2 .rel.sbss2.* .rel.gnu.linkonce.sb2.*)
 *(.rela.sbss2 .rela.sbss2.* .rela.gnu.linkonce.sb2.*)
 *(.rel.bss .rel.bss.* .rel.gnu.linkonce.b.*)
 *(.rela.bss .rela.bss.* .rela.gnu.linkonce.b.*)
 *(.rel.plt)
 *(.rela.plt)
 *(.rel.dyn)
 *(.init)
 *(.plt)
 *(.text .stub .text.* .gnu.linkonce.t.*)
 .text          0x000401b8       0x4c ../skeleton_bsp//obj/HAL/src/crt0.o
                0x000401b8                _start
 .text          0x00040204     0x1080 obj/default/aic23.o
                0x00040204                AIC23_init
                0x000402b4                AIC23_reset
                0x000402e4                AIC23_config
                0x00040334                AIC23_demo
                0x000403e0                AIC_setFreq
                0x0004041c                AIC23_read
                0x0004045c                AIC23_line_lrs
                0x000404c4                AIC23_line_lim
                0x0004052c                AIC23_line_liv
                0x00040590                AIC23_line_rls
                0x000405f8                AIC23_line_rim
                0x00040660                AIC23_line_riv
                0x000406c4                AIC23_head_lrs
                0x0004072c                AIC23_head_lzc
                0x00040794                AIC23_head_lhv
                0x000407f8                AIC23_head_rls
                0x00040860                AIC23_head_rzc
                0x000408cc                AIC23_head_rhv
                0x00040930                AIC23_sidetone_disable
                0x0004098c                AIC23_sidetone_add
                0x000409f8                AIC23_dac_select
                0x00040a64                AIC23_bypass
                0x00040ad0                AIC23_input
                0x00040b40                AIC23_mic_mute
                0x00040bb0                AIC23_mic_boost
                0x00040c18                AIC23_dac_mute
                0x00040c84                AIC23_deemp
                0x00040cf0                AIC23_adc_highpass
                0x00040d58                AIC23_power_on
                0x00040da0                AIC23_power_off
                0x00040dec                AIC23_mode
                0x00040e58                AIC23_lr_swap
                0x00040ec4                AIC23_lr_phase
                0x00040f30                AIC23_input_len
                0x00040fa0                AIC23_format
                0x00041008                AIC23_clkin
                0x00041074                AIC23_clkout
                0x000410e0                AIC23_setFreq
                0x00041150                AIC23_bosr
                0x000411bc                AIC23_clk_mode
                0x00041224                AIC23_on
                0x00041254                AIC23_off
 .text          0x00041284       0x54 obj/default/delay.o
                0x00041284                delay
 .text          0x000412d8      0x3ec obj/default/i2s_control.o
                0x000412d8                I2S_collect_left
                0x000413d0                I2S_collect_right
                0x000414c0                I2S_send_left
                0x000415a4                I2S_send_right
                0x00041688                I2S_send_lr
 .text          0x000416c4      0xd2c obj/default/main.o
                0x000416c4                fft
                0x00041e60                unsigned2signed
                0x00041e90                signed2unsigned
                0x00042034                system_initialization
                0x00042288                main
 .text          0x000423f0      0x180 obj/default/spi_control.o
                0x000423f0                spi_send
 .text          0x00042570      0x35c obj/default/uart.o
                0x00042570                uart_sendByte
                0x000425c4                uart_sendInt16
                0x00042638                uart_sendFloat
                0x000426f0                uart_SendLeftBuff
                0x00042784                uart_SendTestBuff
                0x0004282c                uart_SendConvBuff
 .text          0x000428cc       0xf0 c:/altera/13.1/nios2eds/bin/gnu/h-i686-mingw32/bin/../lib/gcc/nios2-elf/4.7.3/../../../../../H-i686-mingw32/nios2-elf/lib\libm.a(lib_a-s_sin.o)
                0x000428cc                sin
 .text          0x000429bc      0x7b8 c:/altera/13.1/nios2eds/bin/gnu/h-i686-mingw32/bin/../lib/gcc/nios2-elf/4.7.3/../../../../../H-i686-mingw32/nios2-elf/lib\libm.a(lib_a-e_rem_pio2.o)
                0x000429bc                __ieee754_rem_pio2
 .text          0x00043174      0x4a4 c:/altera/13.1/nios2eds/bin/gnu/h-i686-mingw32/bin/../lib/gcc/nios2-elf/4.7.3/../../../../../H-i686-mingw32/nios2-elf/lib\libm.a(lib_a-k_cos.o)
                0x00043174                __kernel_cos
 .text          0x00043618      0xdac c:/altera/13.1/nios2eds/bin/gnu/h-i686-mingw32/bin/../lib/gcc/nios2-elf/4.7.3/../../../../../H-i686-mingw32/nios2-elf/lib\libm.a(lib_a-k_rem_pio2.o)
                0x00043618                __kernel_rem_pio2
 .text          0x000443c4      0x2d4 c:/altera/13.1/nios2eds/bin/gnu/h-i686-mingw32/bin/../lib/gcc/nios2-elf/4.7.3/../../../../../H-i686-mingw32/nios2-elf/lib\libm.a(lib_a-k_sin.o)
                0x000443c4                __kernel_sin
 .text          0x00044698       0x14 c:/altera/13.1/nios2eds/bin/gnu/h-i686-mingw32/bin/../lib/gcc/nios2-elf/4.7.3/../../../../../H-i686-mingw32/nios2-elf/lib\libm.a(lib_a-s_fabs.o)
                0x00044698                fabs
 .text          0x000446ac      0x1f0 c:/altera/13.1/nios2eds/bin/gnu/h-i686-mingw32/bin/../lib/gcc/nios2-elf/4.7.3/../../../../../H-i686-mingw32/nios2-elf/lib\libm.a(lib_a-s_floor.o)
                0x000446ac                floor
 .text          0x0004489c      0x194 c:/altera/13.1/nios2eds/bin/gnu/h-i686-mingw32/bin/../lib/gcc/nios2-elf/4.7.3/../../../../../H-i686-mingw32/nios2-elf/lib\libm.a(lib_a-s_scalbn.o)
                0x0004489c                scalbn
 .text          0x00044a30       0x1c c:/altera/13.1/nios2eds/bin/gnu/h-i686-mingw32/bin/../lib/gcc/nios2-elf/4.7.3/../../../../../H-i686-mingw32/nios2-elf/lib\libm.a(lib_a-s_copysign.o)
                0x00044a30                copysign
 .text          0x00044a4c      0x298 c:/altera/13.1/nios2eds/bin/gnu/h-i686-mingw32/bin/../lib/gcc/nios2-elf/4.7.3\libgcc.a(_addsub_sf.o)
                0x00044c40                __addsf3
                0x00044c8c                __subsf3
 .text          0x00044ce4      0x190 c:/altera/13.1/nios2eds/bin/gnu/h-i686-mingw32/bin/../lib/gcc/nios2-elf/4.7.3\libgcc.a(_mul_sf.o)
                0x00044ce4                __mulsf3
 .text          0x00044e74       0xa4 c:/altera/13.1/nios2eds/bin/gnu/h-i686-mingw32/bin/../lib/gcc/nios2-elf/4.7.3\libgcc.a(_sf_to_si.o)
                0x00044e74                __fixsfsi
 .text          0x00044f18       0x44 c:/altera/13.1/nios2eds/bin/gnu/h-i686-mingw32/bin/../lib/gcc/nios2-elf/4.7.3\libgcc.a(_sf_to_df.o)
                0x00044f18                __extendsfdf2
 .text          0x00044f5c        0x0 c:/altera/13.1/nios2eds/bin/gnu/h-i686-mingw32/bin/../lib/gcc/nios2-elf/4.7.3\libgcc.a(_thenan_sf.o)
 .text          0x00044f5c      0x408 c:/altera/13.1/nios2eds/bin/gnu/h-i686-mingw32/bin/../lib/gcc/nios2-elf/4.7.3\libgcc.a(_addsub_df.o)
                0x000452b0                __adddf3
                0x00045304                __subdf3
 .text          0x00045364      0x2e4 c:/altera/13.1/nios2eds/bin/gnu/h-i686-mingw32/bin/../lib/gcc/nios2-elf/4.7.3\libgcc.a(_mul_df.o)
                0x00045364                __muldf3
 .text          0x00045648      0x1b4 c:/altera/13.1/nios2eds/bin/gnu/h-i686-mingw32/bin/../lib/gcc/nios2-elf/4.7.3\libgcc.a(_div_df.o)
                0x00045648                __divdf3
 .text          0x000457fc       0x5c c:/altera/13.1/nios2eds/bin/gnu/h-i686-mingw32/bin/../lib/gcc/nios2-elf/4.7.3\libgcc.a(_eq_df.o)
                0x000457fc                __eqdf2
 .text          0x00045858       0x64 c:/altera/13.1/nios2eds/bin/gnu/h-i686-mingw32/bin/../lib/gcc/nios2-elf/4.7.3\libgcc.a(_gt_df.o)
                0x00045858                __gtdf2
 .text          0x000458bc       0x64 c:/altera/13.1/nios2eds/bin/gnu/h-i686-mingw32/bin/../lib/gcc/nios2-elf/4.7.3\libgcc.a(_ge_df.o)
                0x000458bc                __gedf2
 .text          0x00045920       0xd4 c:/altera/13.1/nios2eds/bin/gnu/h-i686-mingw32/bin/../lib/gcc/nios2-elf/4.7.3\libgcc.a(_si_to_df.o)
                0x00045920                __floatsidf
 .text          0x000459f4       0xd4 c:/altera/13.1/nios2eds/bin/gnu/h-i686-mingw32/bin/../lib/gcc/nios2-elf/4.7.3\libgcc.a(_df_to_si.o)
                0x000459f4                __fixdfsi
 .text          0x00045ac8       0x38 c:/altera/13.1/nios2eds/bin/gnu/h-i686-mingw32/bin/../lib/gcc/nios2-elf/4.7.3\libgcc.a(_make_df.o)
                0x00045ac8                __make_dp
 .text          0x00045b00        0x0 c:/altera/13.1/nios2eds/bin/gnu/h-i686-mingw32/bin/../lib/gcc/nios2-elf/4.7.3\libgcc.a(_thenan_df.o)
 .text          0x00045b00      0x130 c:/altera/13.1/nios2eds/bin/gnu/h-i686-mingw32/bin/../lib/gcc/nios2-elf/4.7.3\libgcc.a(lib2-divmod.o)
                0x00045b74                __divsi3
                0x00045bc4                __modsi3
                0x00045c20                __udivsi3
                0x00045c28                __umodsi3
 .text          0x00045c30       0x60 c:/altera/13.1/nios2eds/bin/gnu/h-i686-mingw32/bin/../lib/gcc/nios2-elf/4.7.3\libgcc.a(_muldi3.o)
                0x00045c30                __muldi3
 .text          0x00045c90       0xac c:/altera/13.1/nios2eds/bin/gnu/h-i686-mingw32/bin/../lib/gcc/nios2-elf/4.7.3\libgcc.a(_clzsi2.o)
                0x00045c90                __clzsi2
 .text          0x00045d3c      0x12c c:/altera/13.1/nios2eds/bin/gnu/h-i686-mingw32/bin/../lib/gcc/nios2-elf/4.7.3\libgcc.a(_pack_sf.o)
                0x00045d3c                __pack_f
 .text          0x00045e68       0xc8 c:/altera/13.1/nios2eds/bin/gnu/h-i686-mingw32/bin/../lib/gcc/nios2-elf/4.7.3\libgcc.a(_unpack_sf.o)
                0x00045e68                __unpack_f
 .text          0x00045f30      0x224 c:/altera/13.1/nios2eds/bin/gnu/h-i686-mingw32/bin/../lib/gcc/nios2-elf/4.7.3\libgcc.a(_pack_df.o)
                0x00045f30                __pack_d
 .text          0x00046154      0x104 c:/altera/13.1/nios2eds/bin/gnu/h-i686-mingw32/bin/../lib/gcc/nios2-elf/4.7.3\libgcc.a(_unpack_df.o)
                0x00046154                __unpack_d
 .text          0x00046258       0xd0 c:/altera/13.1/nios2eds/bin/gnu/h-i686-mingw32/bin/../lib/gcc/nios2-elf/4.7.3\libgcc.a(_fpcmp_parts_df.o)
                0x00046258                __fpcmp_parts_d
 .text          0x00046328       0x44 c:/altera/13.1/nios2eds/bin/gnu/h-i686-mingw32/bin/../lib/gcc/nios2-elf/4.7.3\libgcc.a(_lshrdi3.o)
                0x00046328                __lshrdi3
 .text          0x0004636c       0x44 c:/altera/13.1/nios2eds/bin/gnu/h-i686-mingw32/bin/../lib/gcc/nios2-elf/4.7.3\libgcc.a(_ashldi3.o)
                0x0004636c                __ashldi3
 .text          0x000463b0        0x0 c:/altera/13.1/nios2eds/bin/gnu/h-i686-mingw32/bin/../lib/gcc/nios2-elf/4.7.3\libgcc.a(_clz.o)
 .text          0x000463b0       0x98 c:/altera/13.1/nios2eds/bin/gnu/h-i686-mingw32/bin/../lib/gcc/nios2-elf/4.7.3/../../../../../H-i686-mingw32/nios2-elf/lib\libc.a(lib_a-puts.o)
                0x000463b0                _puts_r
                0x00046434                puts
 .text          0x00046448      0x150 c:/altera/13.1/nios2eds/bin/gnu/h-i686-mingw32/bin/../lib/gcc/nios2-elf/4.7.3/../../../../../H-i686-mingw32/nios2-elf/lib\libc.a(lib_a-snprintf.o)
                0x00046448                _snprintf_r
                0x000464ec                snprintf
 .text          0x00046598       0x8c c:/altera/13.1/nios2eds/bin/gnu/h-i686-mingw32/bin/../lib/gcc/nios2-elf/4.7.3/../../../../../H-i686-mingw32/nios2-elf/lib\libc.a(lib_a-strlen.o)
                0x00046598                strlen
 .text          0x00046624     0x1e50 c:/altera/13.1/nios2eds/bin/gnu/h-i686-mingw32/bin/../lib/gcc/nios2-elf/4.7.3/../../../../../H-i686-mingw32/nios2-elf/lib\libc.a(lib_a-vfprintf.o)
                0x00046658                ___vfprintf_internal_r
                0x00048450                __vfprintf_internal
 .text          0x00048474      0x174 c:/altera/13.1/nios2eds/bin/gnu/h-i686-mingw32/bin/../lib/gcc/nios2-elf/4.7.3/../../../../../H-i686-mingw32/nios2-elf/lib\libc.a(lib_a-wsetup.o)
                0x00048474                __swsetup_r
 .text          0x000485e8     0x1824 c:/altera/13.1/nios2eds/bin/gnu/h-i686-mingw32/bin/../lib/gcc/nios2-elf/4.7.3/../../../../../H-i686-mingw32/nios2-elf/lib\libc.a(lib_a-dtoa.o)
                0x000487f0                _dtoa_r
 .text          0x00049e0c      0x218 c:/altera/13.1/nios2eds/bin/gnu/h-i686-mingw32/bin/../lib/gcc/nios2-elf/4.7.3/../../../../../H-i686-mingw32/nios2-elf/lib\libc.a(lib_a-fflush.o)
                0x00049e0c                _fflush_r
                0x00049ff4                fflush
 .text          0x0004a024      0x2d8 c:/altera/13.1/nios2eds/bin/gnu/h-i686-mingw32/bin/../lib/gcc/nios2-elf/4.7.3/../../../../../H-i686-mingw32/nios2-elf/lib\libc.a(lib_a-findfp.o)
                0x0004a034                _cleanup_r
                0x0004a040                __sfmoreglue
                0x0004a0a4                _cleanup
                0x0004a0b4                __sinit
                0x0004a1c0                __sfp
                0x0004a2bc                __sfp_lock_acquire
                0x0004a2c0                __sfp_lock_release
                0x0004a2c4                __sinit_lock_acquire
                0x0004a2c8                __sinit_lock_release
                0x0004a2cc                __fp_lock_all
                0x0004a2e4                __fp_unlock_all
 .text          0x0004a2fc      0x40c c:/altera/13.1/nios2eds/bin/gnu/h-i686-mingw32/bin/../lib/gcc/nios2-elf/4.7.3/../../../../../H-i686-mingw32/nios2-elf/lib\libc.a(lib_a-freer.o)
                0x0004a2fc                _malloc_trim_r
                0x0004a438                _free_r
 .text          0x0004a708      0x4e4 c:/altera/13.1/nios2eds/bin/gnu/h-i686-mingw32/bin/../lib/gcc/nios2-elf/4.7.3/../../../../../H-i686-mingw32/nios2-elf/lib\libc.a(lib_a-fvwrite.o)
                0x0004a708                __sfvwrite_r
 .text          0x0004abec      0x160 c:/altera/13.1/nios2eds/bin/gnu/h-i686-mingw32/bin/../lib/gcc/nios2-elf/4.7.3/../../../../../H-i686-mingw32/nios2-elf/lib\libc.a(lib_a-fwalk.o)
                0x0004abec                _fwalk
                0x0004ac94                _fwalk_reent
 .text          0x0004ad4c        0x0 c:/altera/13.1/nios2eds/bin/gnu/h-i686-mingw32/bin/../lib/gcc/nios2-elf/4.7.3/../../../../../H-i686-mingw32/nios2-elf/lib\libc.a(lib_a-impure.o)
 .text          0x0004ad4c       0xdc c:/altera/13.1/nios2eds/bin/gnu/h-i686-mingw32/bin/../lib/gcc/nios2-elf/4.7.3/../../../../../H-i686-mingw32/nios2-elf/lib\libc.a(lib_a-locale.o)
                0x0004ad4c                _setlocale_r
                0x0004ade8                __locale_charset
                0x0004adf4                _localeconv_r
                0x0004ae00                setlocale
                0x0004ae1c                localeconv
 .text          0x0004ae28      0x1a8 c:/altera/13.1/nios2eds/bin/gnu/h-i686-mingw32/bin/../lib/gcc/nios2-elf/4.7.3/../../../../../H-i686-mingw32/nios2-elf/lib\libc.a(lib_a-makebuf.o)
                0x0004ae28                __smakebuf_r
 .text          0x0004afd0      0x784 c:/altera/13.1/nios2eds/bin/gnu/h-i686-mingw32/bin/../lib/gcc/nios2-elf/4.7.3/../../../../../H-i686-mingw32/nios2-elf/lib\libc.a(lib_a-mallocr.o)
                0x0004afd0                _malloc_r
 .text          0x0004b754       0xf8 c:/altera/13.1/nios2eds/bin/gnu/h-i686-mingw32/bin/../lib/gcc/nios2-elf/4.7.3/../../../../../H-i686-mingw32/nios2-elf/lib\libc.a(lib_a-memchr.o)
                0x0004b754                memchr
 .text          0x0004b84c       0xf8 c:/altera/13.1/nios2eds/bin/gnu/h-i686-mingw32/bin/../lib/gcc/nios2-elf/4.7.3/../../../../../H-i686-mingw32/nios2-elf/lib\libc.a(lib_a-memcpy.o)
                0x0004b84c                memcpy
 .text          0x0004b944      0x128 c:/altera/13.1/nios2eds/bin/gnu/h-i686-mingw32/bin/../lib/gcc/nios2-elf/4.7.3/../../../../../H-i686-mingw32/nios2-elf/lib\libc.a(lib_a-memmove.o)
                0x0004b944                memmove
 .text          0x0004ba6c       0xdc c:/altera/13.1/nios2eds/bin/gnu/h-i686-mingw32/bin/../lib/gcc/nios2-elf/4.7.3/../../../../../H-i686-mingw32/nios2-elf/lib\libc.a(lib_a-memset.o)
                0x0004ba6c                memset
 .text          0x0004bb48      0xfa8 c:/altera/13.1/nios2eds/bin/gnu/h-i686-mingw32/bin/../lib/gcc/nios2-elf/4.7.3/../../../../../H-i686-mingw32/nios2-elf/lib\libc.a(lib_a-mprec.o)
                0x0004bb48                _Balloc
                0x0004bbf0                _Bfree
                0x0004bc18                __multadd
                0x0004bd2c                __s2b
                0x0004be30                __hi0bits
                0x0004be98                __lo0bits
                0x0004bf48                __i2b
                0x0004bf84                __multiply
                0x0004c164                __pow5mult
                0x0004c290                __lshift
                0x0004c3ec                __mcmp
                0x0004c444                __mdiff
                0x0004c5ec                __ulp
                0x0004c64c                __b2d
                0x0004c794                __d2b
                0x0004c8d8                __ratio
                0x0004c97c                _mprec_log10
                0x0004c9f0                __copybits
                0x0004ca6c                __any_on
 .text          0x0004caf0      0x5fc c:/altera/13.1/nios2eds/bin/gnu/h-i686-mingw32/bin/../lib/gcc/nios2-elf/4.7.3/../../../../../H-i686-mingw32/nios2-elf/lib\libc.a(lib_a-reallocr.o)
                0x0004caf0                _realloc_r
 .text          0x0004d0ec       0x38 c:/altera/13.1/nios2eds/bin/gnu/h-i686-mingw32/bin/../lib/gcc/nios2-elf/4.7.3/../../../../../H-i686-mingw32/nios2-elf/lib\libc.a(lib_a-s_isinfd.o)
                0x0004d0ec                __isinfd
 .text          0x0004d124       0x2c c:/altera/13.1/nios2eds/bin/gnu/h-i686-mingw32/bin/../lib/gcc/nios2-elf/4.7.3/../../../../../H-i686-mingw32/nios2-elf/lib\libc.a(lib_a-s_isnand.o)
                0x0004d124                __isnand
 .text          0x0004d150       0x64 c:/altera/13.1/nios2eds/bin/gnu/h-i686-mingw32/bin/../lib/gcc/nios2-elf/4.7.3/../../../../../H-i686-mingw32/nios2-elf/lib\libc.a(lib_a-sbrkr.o)
                0x0004d150                _sbrk_r
 .text          0x0004d1b4      0x140 c:/altera/13.1/nios2eds/bin/gnu/h-i686-mingw32/bin/../lib/gcc/nios2-elf/4.7.3/../../../../../H-i686-mingw32/nios2-elf/lib\libc.a(lib_a-stdio.o)
                0x0004d1b4                __sread
                0x0004d208                __swrite
                0x0004d290                __sseek
                0x0004d2ec                __sclose
 .text          0x0004d2f4       0xa4 c:/altera/13.1/nios2eds/bin/gnu/h-i686-mingw32/bin/../lib/gcc/nios2-elf/4.7.3/../../../../../H-i686-mingw32/nios2-elf/lib\libc.a(lib_a-strcmp.o)
                0x0004d2f4                strcmp
 .text          0x0004d398       0x6c c:/altera/13.1/nios2eds/bin/gnu/h-i686-mingw32/bin/../lib/gcc/nios2-elf/4.7.3/../../../../../H-i686-mingw32/nios2-elf/lib\libc.a(lib_a-writer.o)
                0x0004d398                _write_r
 .text          0x0004d404       0xbc c:/altera/13.1/nios2eds/bin/gnu/h-i686-mingw32/bin/../lib/gcc/nios2-elf/4.7.3/../../../../../H-i686-mingw32/nios2-elf/lib\libc.a(lib_a-callocr.o)
                0x0004d404                _calloc_r
 .text          0x0004d4c0       0x64 c:/altera/13.1/nios2eds/bin/gnu/h-i686-mingw32/bin/../lib/gcc/nios2-elf/4.7.3/../../../../../H-i686-mingw32/nios2-elf/lib\libc.a(lib_a-closer.o)
                0x0004d4c0                _close_r
 .text          0x0004d524      0x150 c:/altera/13.1/nios2eds/bin/gnu/h-i686-mingw32/bin/../lib/gcc/nios2-elf/4.7.3/../../../../../H-i686-mingw32/nios2-elf/lib\libc.a(lib_a-fclose.o)
                0x0004d524                _fclose_r
                0x0004d660                fclose
 .text          0x0004d674       0x68 c:/altera/13.1/nios2eds/bin/gnu/h-i686-mingw32/bin/../lib/gcc/nios2-elf/4.7.3/../../../../../H-i686-mingw32/nios2-elf/lib\libc.a(lib_a-fstatr.o)
                0x0004d674                _fstat_r
 .text          0x0004d6dc        0x0 c:/altera/13.1/nios2eds/bin/gnu/h-i686-mingw32/bin/../lib/gcc/nios2-elf/4.7.3/../../../../../H-i686-mingw32/nios2-elf/lib\libc.a(lib_a-int_errno.o)
 .text          0x0004d6dc       0x64 c:/altera/13.1/nios2eds/bin/gnu/h-i686-mingw32/bin/../lib/gcc/nios2-elf/4.7.3/../../../../../H-i686-mingw32/nios2-elf/lib\libc.a(lib_a-isattyr.o)
                0x0004d6dc                _isatty_r
 .text          0x0004d740       0x6c c:/altera/13.1/nios2eds/bin/gnu/h-i686-mingw32/bin/../lib/gcc/nios2-elf/4.7.3/../../../../../H-i686-mingw32/nios2-elf/lib\libc.a(lib_a-lseekr.o)
                0x0004d740                _lseek_r
 .text          0x0004d7ac       0x6c c:/altera/13.1/nios2eds/bin/gnu/h-i686-mingw32/bin/../lib/gcc/nios2-elf/4.7.3/../../../../../H-i686-mingw32/nios2-elf/lib\libc.a(lib_a-readr.o)
                0x0004d7ac                _read_r
 .text          0x0004d818      0x5c8 c:/altera/13.1/nios2eds/bin/gnu/h-i686-mingw32/bin/../lib/gcc/nios2-elf/4.7.3\libgcc.a(_udivdi3.o)
                0x0004d818                __udivdi3
 .text          0x0004dde0      0x58c c:/altera/13.1/nios2eds/bin/gnu/h-i686-mingw32/bin/../lib/gcc/nios2-elf/4.7.3\libgcc.a(_umoddi3.o)
                0x0004dde0                __umoddi3
 .text          0x0004e36c       0x5c c:/altera/13.1/nios2eds/bin/gnu/h-i686-mingw32/bin/../lib/gcc/nios2-elf/4.7.3\libgcc.a(_ne_df.o)
                0x0004e36c                __nedf2
 .text          0x0004e3c8       0x5c c:/altera/13.1/nios2eds/bin/gnu/h-i686-mingw32/bin/../lib/gcc/nios2-elf/4.7.3\libgcc.a(_lt_df.o)
                0x0004e3c8                __ltdf2
 .text          0x0004e424      0x11c c:/altera/13.1/nios2eds/bin/gnu/h-i686-mingw32/bin/../lib/gcc/nios2-elf/4.7.3\libgcc.a(_usi_to_df.o)
                0x0004e424                __floatunsidf
 .text          0x0004e540      0x118 ../skeleton_bsp/\libhal_bsp.a(alt_close.o)
                0x0004e590                close
 .text          0x0004e658       0x2c ../skeleton_bsp/\libhal_bsp.a(alt_dev.o)
 .text          0x0004e684        0x0 ../skeleton_bsp/\libhal_bsp.a(alt_errno.o)
 .text          0x0004e684       0xfc ../skeleton_bsp/\libhal_bsp.a(alt_fstat.o)
                0x0004e6d4                fstat
 .text          0x0004e780        0x0 ../skeleton_bsp/\libhal_bsp.a(alt_irq_entry.o)
 .text          0x0004e780        0x0 ../skeleton_bsp/\libhal_bsp.a(alt_irq_handler.o)
 .text          0x0004e780      0x1b0 ../skeleton_bsp/\libhal_bsp.a(alt_irq_register.o)
                0x0004e780                alt_irq_register
 .text          0x0004e930        0x0 ../skeleton_bsp/\libhal_bsp.a(alt_irq_vars.o)
 .text          0x0004e930       0xf0 ../skeleton_bsp/\libhal_bsp.a(alt_isatty.o)
                0x0004e980                isatty
 .text          0x0004ea20       0xec ../skeleton_bsp/\libhal_bsp.a(alt_load.o)
                0x0004ea8c                alt_load
 .text          0x0004eb0c      0x120 ../skeleton_bsp/\libhal_bsp.a(alt_lseek.o)
                0x0004eb5c                lseek
 .text          0x0004ec2c       0x78 ../skeleton_bsp/\libhal_bsp.a(alt_main.o)
                0x0004ec2c                alt_main
 .text          0x0004eca4       0x40 ../skeleton_bsp/\libhal_bsp.a(alt_malloc_lock.o)
                0x0004eca4                __malloc_lock
                0x0004ecc4                __malloc_unlock
 .text          0x0004ece4      0x270 ../skeleton_bsp/\libhal_bsp.a(alt_open.o)
                0x0004ee00                open
 .text          0x0004ef54      0x140 ../skeleton_bsp/\libhal_bsp.a(alt_read.o)
                0x0004efa4                read
 .text          0x0004f094       0x60 ../skeleton_bsp/\libhal_bsp.a(alt_release_fd.o)
                0x0004f094                alt_release_fd
 .text          0x0004f0f4       0xb0 ../skeleton_bsp/\libhal_bsp.a(alt_sbrk.o)
                0x0004f0f4                sbrk
 .text          0x0004f1a4      0x13c ../skeleton_bsp/\libhal_bsp.a(alt_write.o)
                0x0004f1f4                write
 .text          0x0004f2e0       0xd4 ../skeleton_bsp/\libhal_bsp.a(alt_sys_init.o)
                0x0004f318                alt_irq_init
                0x0004f34c                alt_sys_init
 .text          0x0004f3b4      0x164 ../skeleton_bsp/\libhal_bsp.a(altera_avalon_jtag_uart_fd.o)
                0x0004f3b4                altera_avalon_jtag_uart_read_fd
                0x0004f414                altera_avalon_jtag_uart_write_fd
                0x0004f474                altera_avalon_jtag_uart_close_fd
                0x0004f4c4                altera_avalon_jtag_uart_ioctl_fd
 .text          0x0004f518      0x3d0 ../skeleton_bsp/\libhal_bsp.a(altera_avalon_jtag_uart_init.o)
                0x0004f518                altera_avalon_jtag_uart_init
                0x0004f880                altera_avalon_jtag_uart_close
 .text          0x0004f8e8       0xf4 ../skeleton_bsp/\libhal_bsp.a(altera_avalon_jtag_uart_ioctl.o)
                0x0004f8e8                altera_avalon_jtag_uart_ioctl
 .text          0x0004f9dc      0x218 ../skeleton_bsp/\libhal_bsp.a(altera_avalon_jtag_uart_read.o)
                0x0004f9dc                altera_avalon_jtag_uart_read
 .text          0x0004fbf4      0x224 ../skeleton_bsp/\libhal_bsp.a(altera_avalon_jtag_uart_write.o)
                0x0004fbf4                altera_avalon_jtag_uart_write
 .text          0x0004fe18      0x110 ../skeleton_bsp/\libhal_bsp.a(altera_avalon_uart_fd.o)
                0x0004fe18                altera_avalon_uart_read_fd
                0x0004fe78                altera_avalon_uart_write_fd
                0x0004fed8                altera_avalon_uart_close_fd
 .text          0x0004ff28      0x3a8 ../skeleton_bsp/\libhal_bsp.a(altera_avalon_uart_init.o)
                0x0004ff28                altera_avalon_uart_init
                0x0005027c                altera_avalon_uart_close
 .text          0x000502d0      0x254 ../skeleton_bsp/\libhal_bsp.a(altera_avalon_uart_read.o)
                0x00050320                altera_avalon_uart_read
 .text          0x00050524      0x1f8 ../skeleton_bsp/\libhal_bsp.a(altera_avalon_uart_write.o)
                0x00050574                altera_avalon_uart_write
 .text          0x0005071c      0x140 ../skeleton_bsp/\libhal_bsp.a(alt_alarm_start.o)
                0x0005071c                alt_alarm_start
 .text          0x0005085c       0x44 ../skeleton_bsp/\libhal_bsp.a(alt_dcache_flush_all.o)
                0x0005085c                alt_dcache_flush_all
 .text          0x000508a0       0xf0 ../skeleton_bsp/\libhal_bsp.a(alt_dev_llist_insert.o)
                0x000508f0                alt_dev_llist_insert
 .text          0x00050990       0x5c ../skeleton_bsp/\libhal_bsp.a(alt_do_ctors.o)
                0x00050990                _do_ctors
 .text          0x000509ec       0x5c ../skeleton_bsp/\libhal_bsp.a(alt_do_dtors.o)
                0x000509ec                _do_dtors
 .text          0x00050a48        0x0 ../skeleton_bsp/\libhal_bsp.a(alt_exception_entry.o)
 .text          0x00050a48       0x90 ../skeleton_bsp/\libhal_bsp.a(alt_find_dev.o)
                0x00050a48                alt_find_dev
 .text          0x00050ad8      0x114 ../skeleton_bsp/\libhal_bsp.a(alt_find_file.o)
                0x00050ad8                alt_find_file
 .text          0x00050bec       0xb4 ../skeleton_bsp/\libhal_bsp.a(alt_get_fd.o)
                0x00050bec                alt_get_fd
 .text          0x00050ca0       0x30 ../skeleton_bsp/\libhal_bsp.a(alt_icache_flush_all.o)
                0x00050ca0                alt_icache_flush_all
 .text          0x00050cd0      0x1d8 ../skeleton_bsp/\libhal_bsp.a(alt_iic.o)
                0x00050cd0                alt_ic_isr_register
                0x00050d20                alt_ic_irq_enable
                0x00050dbc                alt_ic_irq_disable
                0x00050e5c                alt_ic_irq_enabled
 .text          0x00050ea8       0xf0 ../skeleton_bsp/\libhal_bsp.a(alt_iic_isr_register.o)
                0x00050ea8                alt_iic_isr_register
 .text          0x00050f98      0x138 ../skeleton_bsp/\libhal_bsp.a(alt_io_redirect.o)
                0x00051058                alt_io_redirect
 .text          0x000510d0      0x19c ../skeleton_bsp/\libhal_bsp.a(alt_tick.o)
                0x000510d0                alt_alarm_stop
                0x00051168                alt_tick
 .text          0x0005126c       0x20 ../skeleton_bsp/\libhal_bsp.a(altera_nios2_qsys_irq.o)
                0x0005126c                altera_nios2_qsys_irq_init
 .text          0x0005128c       0x8c ../skeleton_bsp/\libhal_bsp.a(alt_icache_flush.o)
                0x0005128c                alt_icache_flush
 .text          0x00051318       0x14 c:/altera/13.1/nios2eds/bin/gnu/h-i686-mingw32/bin/../lib/gcc/nios2-elf/4.7.3/../../../../../H-i686-mingw32/nios2-elf/lib\libc.a(lib_a-atexit.o)
                0x00051318                atexit
 .text          0x0005132c       0x38 c:/altera/13.1/nios2eds/bin/gnu/h-i686-mingw32/bin/../lib/gcc/nios2-elf/4.7.3/../../../../../H-i686-mingw32/nios2-elf/lib\libc.a(lib_a-exit.o)
                0x0005132c                exit
 .text          0x00051364       0x7c c:/altera/13.1/nios2eds/bin/gnu/h-i686-mingw32/bin/../lib/gcc/nios2-elf/4.7.3/../../../../../H-i686-mingw32/nios2-elf/lib\libc.a(lib_a-memcmp.o)
                0x00051364                memcmp
 .text          0x000513e0      0x130 c:/altera/13.1/nios2eds/bin/gnu/h-i686-mingw32/bin/../lib/gcc/nios2-elf/4.7.3/../../../../../H-i686-mingw32/nios2-elf/lib\libc.a(lib_a-__atexit.o)
                0x000513e0                __register_exitproc
 .text          0x00051510      0x1a0 c:/altera/13.1/nios2eds/bin/gnu/h-i686-mingw32/bin/../lib/gcc/nios2-elf/4.7.3/../../../../../H-i686-mingw32/nios2-elf/lib\libc.a(lib_a-__call_atexit.o)
                0x00051510                __call_exitprocs
 .text          0x000516b0       0x3c ../skeleton_bsp/\libhal_bsp.a(alt_exit.o)
                0x000516b0                _exit
 *(.gnu.warning.*)
 *(.fini)
                0x000516ec                PROVIDE (__etext, ABSOLUTE (.))
                0x000516ec                PROVIDE (_etext, ABSOLUTE (.))
                0x000516ec                PROVIDE (etext, ABSOLUTE (.))
 *(.eh_frame_hdr)
                0x000516ec                . = ALIGN (0x4)
                0x000516ec                PROVIDE (__preinit_array_start, ABSOLUTE (.))
 *(.preinit_array)
                0x000516ec                PROVIDE (__preinit_array_end, ABSOLUTE (.))
                0x000516ec                PROVIDE (__init_array_start, ABSOLUTE (.))
 *(.init_array)
                0x000516ec                PROVIDE (__init_array_end, ABSOLUTE (.))
                0x000516ec                PROVIDE (__fini_array_start, ABSOLUTE (.))
 *(.fini_array)
                0x000516ec                PROVIDE (__fini_array_end, ABSOLUTE (.))
 *(.eh_frame)
 *(.gcc_except_table .gcc_except_table.*)
 *(.dynamic)
                0x000516ec                PROVIDE (__CTOR_LIST__, ABSOLUTE (.))
 *(.ctors)
 *(SORT(.ctors.*))
                0x000516ec                PROVIDE (__CTOR_END__, ABSOLUTE (.))
                0x000516ec                PROVIDE (__DTOR_LIST__, ABSOLUTE (.))
 *(.dtors)
 *(SORT(.dtors.*))
                0x000516ec                PROVIDE (__DTOR_END__, ABSOLUTE (.))
 *(.jcr)
                0x000516ec                . = ALIGN (0x4)

.rodata         0x000516ec      0x544
                0x000516ec                PROVIDE (__ram_rodata_start, ABSOLUTE (.))
                0x000516ec                . = ALIGN (0x4)
 *(.rodata .rodata.* .gnu.linkonce.r.*)
 .rodata        0x000516ec       0x2c obj/default/main.o
 .rodata        0x00051718        0x4 obj/default/uart.o
 .rodata        0x0005171c      0x188 c:/altera/13.1/nios2eds/bin/gnu/h-i686-mingw32/bin/../lib/gcc/nios2-elf/4.7.3/../../../../../H-i686-mingw32/nios2-elf/lib\libm.a(lib_a-e_rem_pio2.o)
 .rodata        0x000518a4       0x50 c:/altera/13.1/nios2eds/bin/gnu/h-i686-mingw32/bin/../lib/gcc/nios2-elf/4.7.3/../../../../../H-i686-mingw32/nios2-elf/lib\libm.a(lib_a-k_rem_pio2.o)
 .rodata        0x000518f4       0x10 c:/altera/13.1/nios2eds/bin/gnu/h-i686-mingw32/bin/../lib/gcc/nios2-elf/4.7.3\libgcc.a(_thenan_sf.o)
                0x000518f4                __thenan_sf
 .rodata        0x00051904       0x14 c:/altera/13.1/nios2eds/bin/gnu/h-i686-mingw32/bin/../lib/gcc/nios2-elf/4.7.3\libgcc.a(_thenan_df.o)
                0x00051904                __thenan_df
 .rodata        0x00051918      0x100 c:/altera/13.1/nios2eds/bin/gnu/h-i686-mingw32/bin/../lib/gcc/nios2-elf/4.7.3\libgcc.a(_clz.o)
                0x00051918                __clz_tab
 .rodata.str1.4
                0x00051a18        0x2 c:/altera/13.1/nios2eds/bin/gnu/h-i686-mingw32/bin/../lib/gcc/nios2-elf/4.7.3/../../../../../H-i686-mingw32/nios2-elf/lib\libc.a(lib_a-puts.o)
                                  0x4 (size before relaxing)
 *fill*         0x00051a1a        0x2 
 .rodata.str1.4
                0x00051a1c       0x42 c:/altera/13.1/nios2eds/bin/gnu/h-i686-mingw32/bin/../lib/gcc/nios2-elf/4.7.3/../../../../../H-i686-mingw32/nios2-elf/lib\libc.a(lib_a-vfprintf.o)
                                 0x44 (size before relaxing)
 .rodata        0x00051a5e       0x20 c:/altera/13.1/nios2eds/bin/gnu/h-i686-mingw32/bin/../lib/gcc/nios2-elf/4.7.3/../../../../../H-i686-mingw32/nios2-elf/lib\libc.a(lib_a-vfprintf.o)
 *fill*         0x00051a7e        0x2 
 .rodata.str1.4
                0x00051a80       0x10 c:/altera/13.1/nios2eds/bin/gnu/h-i686-mingw32/bin/../lib/gcc/nios2-elf/4.7.3/../../../../../H-i686-mingw32/nios2-elf/lib\libc.a(lib_a-dtoa.o)
                                 0x14 (size before relaxing)
 .rodata.str1.4
                0x00051a90        0x2 c:/altera/13.1/nios2eds/bin/gnu/h-i686-mingw32/bin/../lib/gcc/nios2-elf/4.7.3/../../../../../H-i686-mingw32/nios2-elf/lib\libc.a(lib_a-impure.o)
                                  0x4 (size before relaxing)
 *fill*         0x00051a92        0x2 
 .rodata.str1.4
                0x00051a94       0x10 c:/altera/13.1/nios2eds/bin/gnu/h-i686-mingw32/bin/../lib/gcc/nios2-elf/4.7.3/../../../../../H-i686-mingw32/nios2-elf/lib\libc.a(lib_a-locale.o)
                                 0x18 (size before relaxing)
 .rodata        0x00051aa4       0x30 c:/altera/13.1/nios2eds/bin/gnu/h-i686-mingw32/bin/../lib/gcc/nios2-elf/4.7.3/../../../../../H-i686-mingw32/nios2-elf/lib\libc.a(lib_a-locale.o)
 .rodata        0x00051ad4      0x124 c:/altera/13.1/nios2eds/bin/gnu/h-i686-mingw32/bin/../lib/gcc/nios2-elf/4.7.3/../../../../../H-i686-mingw32/nios2-elf/lib\libc.a(lib_a-mprec.o)
                0x00051ad4                __mprec_tinytens
                0x00051afc                __mprec_bigtens
                0x00051b24                __mprec_tens
 .rodata        0x00051bf8        0xc ../skeleton_bsp/\libhal_bsp.a(alt_dev.o)
 .rodata        0x00051c04       0x10 ../skeleton_bsp/\libhal_bsp.a(alt_main.o)
 .rodata        0x00051c14       0x1c ../skeleton_bsp/\libhal_bsp.a(alt_sys_init.o)
 *(.rodata1)
                0x00051c30                . = ALIGN (0x4)
                0x00051c30                PROVIDE (__ram_rodata_end, ABSOLUTE (.))
                0x000516ec                PROVIDE (__flash_rodata_start, LOADADDR (.rodata))

.rwdata         0x00051c30     0x1bc8 load address 0x000537f8
                0x00051c30                PROVIDE (__ram_rwdata_start, ABSOLUTE (.))
                0x00051c30                . = ALIGN (0x4)
 *(.got.plt)
 *(.got)
 *(.data1)
 *(.data .data.* .gnu.linkonce.d.*)
 .data          0x00051c30        0x0 ../skeleton_bsp//obj/HAL/src/crt0.o
 .data          0x00051c30       0x58 obj/default/aic23.o
                0x00051c30                aic23_config
 .data          0x00051c88        0x0 obj/default/delay.o
 .data          0x00051c88        0x0 obj/default/i2s_control.o
 .data          0x00051c88       0x28 obj/default/main.o
                0x00051c88                aic23_demo
 .data          0x00051cb0        0x0 obj/default/spi_control.o
 .data          0x00051cb0        0x0 obj/default/uart.o
 .data          0x00051cb0        0x0 c:/altera/13.1/nios2eds/bin/gnu/h-i686-mingw32/bin/../lib/gcc/nios2-elf/4.7.3/../../../../../H-i686-mingw32/nios2-elf/lib\libm.a(lib_a-s_sin.o)
 .data          0x00051cb0        0x0 c:/altera/13.1/nios2eds/bin/gnu/h-i686-mingw32/bin/../lib/gcc/nios2-elf/4.7.3/../../../../../H-i686-mingw32/nios2-elf/lib\libm.a(lib_a-e_rem_pio2.o)
 .data          0x00051cb0        0x0 c:/altera/13.1/nios2eds/bin/gnu/h-i686-mingw32/bin/../lib/gcc/nios2-elf/4.7.3/../../../../../H-i686-mingw32/nios2-elf/lib\libm.a(lib_a-k_cos.o)
 .data          0x00051cb0        0x0 c:/altera/13.1/nios2eds/bin/gnu/h-i686-mingw32/bin/../lib/gcc/nios2-elf/4.7.3/../../../../../H-i686-mingw32/nios2-elf/lib\libm.a(lib_a-k_rem_pio2.o)
 .data          0x00051cb0        0x0 c:/altera/13.1/nios2eds/bin/gnu/h-i686-mingw32/bin/../lib/gcc/nios2-elf/4.7.3/../../../../../H-i686-mingw32/nios2-elf/lib\libm.a(lib_a-k_sin.o)
 .data          0x00051cb0        0x0 c:/altera/13.1/nios2eds/bin/gnu/h-i686-mingw32/bin/../lib/gcc/nios2-elf/4.7.3/../../../../../H-i686-mingw32/nios2-elf/lib\libm.a(lib_a-s_fabs.o)
 .data          0x00051cb0        0x0 c:/altera/13.1/nios2eds/bin/gnu/h-i686-mingw32/bin/../lib/gcc/nios2-elf/4.7.3/../../../../../H-i686-mingw32/nios2-elf/lib\libm.a(lib_a-s_floor.o)
 .data          0x00051cb0        0x0 c:/altera/13.1/nios2eds/bin/gnu/h-i686-mingw32/bin/../lib/gcc/nios2-elf/4.7.3/../../../../../H-i686-mingw32/nios2-elf/lib\libm.a(lib_a-s_scalbn.o)
 .data          0x00051cb0        0x0 c:/altera/13.1/nios2eds/bin/gnu/h-i686-mingw32/bin/../lib/gcc/nios2-elf/4.7.3/../../../../../H-i686-mingw32/nios2-elf/lib\libm.a(lib_a-s_copysign.o)
 .data          0x00051cb0        0x0 c:/altera/13.1/nios2eds/bin/gnu/h-i686-mingw32/bin/../lib/gcc/nios2-elf/4.7.3\libgcc.a(_addsub_sf.o)
 .data          0x00051cb0        0x0 c:/altera/13.1/nios2eds/bin/gnu/h-i686-mingw32/bin/../lib/gcc/nios2-elf/4.7.3\libgcc.a(_mul_sf.o)
 .data          0x00051cb0        0x0 c:/altera/13.1/nios2eds/bin/gnu/h-i686-mingw32/bin/../lib/gcc/nios2-elf/4.7.3\libgcc.a(_sf_to_si.o)
 .data          0x00051cb0        0x0 c:/altera/13.1/nios2eds/bin/gnu/h-i686-mingw32/bin/../lib/gcc/nios2-elf/4.7.3\libgcc.a(_sf_to_df.o)
 .data          0x00051cb0        0x0 c:/altera/13.1/nios2eds/bin/gnu/h-i686-mingw32/bin/../lib/gcc/nios2-elf/4.7.3\libgcc.a(_thenan_sf.o)
 .data          0x00051cb0        0x0 c:/altera/13.1/nios2eds/bin/gnu/h-i686-mingw32/bin/../lib/gcc/nios2-elf/4.7.3\libgcc.a(_addsub_df.o)
 .data          0x00051cb0        0x0 c:/altera/13.1/nios2eds/bin/gnu/h-i686-mingw32/bin/../lib/gcc/nios2-elf/4.7.3\libgcc.a(_mul_df.o)
 .data          0x00051cb0        0x0 c:/altera/13.1/nios2eds/bin/gnu/h-i686-mingw32/bin/../lib/gcc/nios2-elf/4.7.3\libgcc.a(_div_df.o)
 .data          0x00051cb0        0x0 c:/altera/13.1/nios2eds/bin/gnu/h-i686-mingw32/bin/../lib/gcc/nios2-elf/4.7.3\libgcc.a(_eq_df.o)
 .data          0x00051cb0        0x0 c:/altera/13.1/nios2eds/bin/gnu/h-i686-mingw32/bin/../lib/gcc/nios2-elf/4.7.3\libgcc.a(_gt_df.o)
 .data          0x00051cb0        0x0 c:/altera/13.1/nios2eds/bin/gnu/h-i686-mingw32/bin/../lib/gcc/nios2-elf/4.7.3\libgcc.a(_ge_df.o)
 .data          0x00051cb0        0x0 c:/altera/13.1/nios2eds/bin/gnu/h-i686-mingw32/bin/../lib/gcc/nios2-elf/4.7.3\libgcc.a(_si_to_df.o)
 .data          0x00051cb0        0x0 c:/altera/13.1/nios2eds/bin/gnu/h-i686-mingw32/bin/../lib/gcc/nios2-elf/4.7.3\libgcc.a(_df_to_si.o)
 .data          0x00051cb0        0x0 c:/altera/13.1/nios2eds/bin/gnu/h-i686-mingw32/bin/../lib/gcc/nios2-elf/4.7.3\libgcc.a(_make_df.o)
 .data          0x00051cb0        0x0 c:/altera/13.1/nios2eds/bin/gnu/h-i686-mingw32/bin/../lib/gcc/nios2-elf/4.7.3\libgcc.a(_thenan_df.o)
 .data          0x00051cb0        0x0 c:/altera/13.1/nios2eds/bin/gnu/h-i686-mingw32/bin/../lib/gcc/nios2-elf/4.7.3\libgcc.a(lib2-divmod.o)
 .data          0x00051cb0        0x0 c:/altera/13.1/nios2eds/bin/gnu/h-i686-mingw32/bin/../lib/gcc/nios2-elf/4.7.3\libgcc.a(_muldi3.o)
 .data          0x00051cb0        0x0 c:/altera/13.1/nios2eds/bin/gnu/h-i686-mingw32/bin/../lib/gcc/nios2-elf/4.7.3\libgcc.a(_clzsi2.o)
 .data          0x00051cb0        0x0 c:/altera/13.1/nios2eds/bin/gnu/h-i686-mingw32/bin/../lib/gcc/nios2-elf/4.7.3\libgcc.a(_pack_sf.o)
 .data          0x00051cb0        0x0 c:/altera/13.1/nios2eds/bin/gnu/h-i686-mingw32/bin/../lib/gcc/nios2-elf/4.7.3\libgcc.a(_unpack_sf.o)
 .data          0x00051cb0        0x0 c:/altera/13.1/nios2eds/bin/gnu/h-i686-mingw32/bin/../lib/gcc/nios2-elf/4.7.3\libgcc.a(_pack_df.o)
 .data          0x00051cb0        0x0 c:/altera/13.1/nios2eds/bin/gnu/h-i686-mingw32/bin/../lib/gcc/nios2-elf/4.7.3\libgcc.a(_unpack_df.o)
 .data          0x00051cb0        0x0 c:/altera/13.1/nios2eds/bin/gnu/h-i686-mingw32/bin/../lib/gcc/nios2-elf/4.7.3\libgcc.a(_fpcmp_parts_df.o)
 .data          0x00051cb0        0x0 c:/altera/13.1/nios2eds/bin/gnu/h-i686-mingw32/bin/../lib/gcc/nios2-elf/4.7.3\libgcc.a(_lshrdi3.o)
 .data          0x00051cb0        0x0 c:/altera/13.1/nios2eds/bin/gnu/h-i686-mingw32/bin/../lib/gcc/nios2-elf/4.7.3\libgcc.a(_ashldi3.o)
 .data          0x00051cb0        0x0 c:/altera/13.1/nios2eds/bin/gnu/h-i686-mingw32/bin/../lib/gcc/nios2-elf/4.7.3\libgcc.a(_clz.o)
 .data          0x00051cb0        0x0 c:/altera/13.1/nios2eds/bin/gnu/h-i686-mingw32/bin/../lib/gcc/nios2-elf/4.7.3/../../../../../H-i686-mingw32/nios2-elf/lib\libc.a(lib_a-puts.o)
 .data          0x00051cb0        0x0 c:/altera/13.1/nios2eds/bin/gnu/h-i686-mingw32/bin/../lib/gcc/nios2-elf/4.7.3/../../../../../H-i686-mingw32/nios2-elf/lib\libc.a(lib_a-snprintf.o)
 .data          0x00051cb0        0x0 c:/altera/13.1/nios2eds/bin/gnu/h-i686-mingw32/bin/../lib/gcc/nios2-elf/4.7.3/../../../../../H-i686-mingw32/nios2-elf/lib\libc.a(lib_a-strlen.o)
 .data          0x00051cb0        0x0 c:/altera/13.1/nios2eds/bin/gnu/h-i686-mingw32/bin/../lib/gcc/nios2-elf/4.7.3/../../../../../H-i686-mingw32/nios2-elf/lib\libc.a(lib_a-vfprintf.o)
 .data          0x00051cb0        0x0 c:/altera/13.1/nios2eds/bin/gnu/h-i686-mingw32/bin/../lib/gcc/nios2-elf/4.7.3/../../../../../H-i686-mingw32/nios2-elf/lib\libc.a(lib_a-wsetup.o)
 .data          0x00051cb0        0x0 c:/altera/13.1/nios2eds/bin/gnu/h-i686-mingw32/bin/../lib/gcc/nios2-elf/4.7.3/../../../../../H-i686-mingw32/nios2-elf/lib\libc.a(lib_a-dtoa.o)
 .data          0x00051cb0        0x0 c:/altera/13.1/nios2eds/bin/gnu/h-i686-mingw32/bin/../lib/gcc/nios2-elf/4.7.3/../../../../../H-i686-mingw32/nios2-elf/lib\libc.a(lib_a-fflush.o)
 .data          0x00051cb0        0x0 c:/altera/13.1/nios2eds/bin/gnu/h-i686-mingw32/bin/../lib/gcc/nios2-elf/4.7.3/../../../../../H-i686-mingw32/nios2-elf/lib\libc.a(lib_a-findfp.o)
 .data          0x00051cb0        0x0 c:/altera/13.1/nios2eds/bin/gnu/h-i686-mingw32/bin/../lib/gcc/nios2-elf/4.7.3/../../../../../H-i686-mingw32/nios2-elf/lib\libc.a(lib_a-freer.o)
 .data          0x00051cb0        0x0 c:/altera/13.1/nios2eds/bin/gnu/h-i686-mingw32/bin/../lib/gcc/nios2-elf/4.7.3/../../../../../H-i686-mingw32/nios2-elf/lib\libc.a(lib_a-fvwrite.o)
 .data          0x00051cb0        0x0 c:/altera/13.1/nios2eds/bin/gnu/h-i686-mingw32/bin/../lib/gcc/nios2-elf/4.7.3/../../../../../H-i686-mingw32/nios2-elf/lib\libc.a(lib_a-fwalk.o)
 .data          0x00051cb0      0x400 c:/altera/13.1/nios2eds/bin/gnu/h-i686-mingw32/bin/../lib/gcc/nios2-elf/4.7.3/../../../../../H-i686-mingw32/nios2-elf/lib\libc.a(lib_a-impure.o)
 .data          0x000520b0        0xc c:/altera/13.1/nios2eds/bin/gnu/h-i686-mingw32/bin/../lib/gcc/nios2-elf/4.7.3/../../../../../H-i686-mingw32/nios2-elf/lib\libc.a(lib_a-locale.o)
                0x000520b0                __lc_ctype
 .data          0x000520bc        0x0 c:/altera/13.1/nios2eds/bin/gnu/h-i686-mingw32/bin/../lib/gcc/nios2-elf/4.7.3/../../../../../H-i686-mingw32/nios2-elf/lib\libc.a(lib_a-makebuf.o)
 .data          0x000520bc      0x408 c:/altera/13.1/nios2eds/bin/gnu/h-i686-mingw32/bin/../lib/gcc/nios2-elf/4.7.3/../../../../../H-i686-mingw32/nios2-elf/lib\libc.a(lib_a-mallocr.o)
                0x000520bc                __malloc_av_
 .data          0x000524c4        0x0 c:/altera/13.1/nios2eds/bin/gnu/h-i686-mingw32/bin/../lib/gcc/nios2-elf/4.7.3/../../../../../H-i686-mingw32/nios2-elf/lib\libc.a(lib_a-memchr.o)
 .data          0x000524c4        0x0 c:/altera/13.1/nios2eds/bin/gnu/h-i686-mingw32/bin/../lib/gcc/nios2-elf/4.7.3/../../../../../H-i686-mingw32/nios2-elf/lib\libc.a(lib_a-memcpy.o)
 .data          0x000524c4        0x0 c:/altera/13.1/nios2eds/bin/gnu/h-i686-mingw32/bin/../lib/gcc/nios2-elf/4.7.3/../../../../../H-i686-mingw32/nios2-elf/lib\libc.a(lib_a-memmove.o)
 .data          0x000524c4        0x0 c:/altera/13.1/nios2eds/bin/gnu/h-i686-mingw32/bin/../lib/gcc/nios2-elf/4.7.3/../../../../../H-i686-mingw32/nios2-elf/lib\libc.a(lib_a-memset.o)
 .data          0x000524c4        0x0 c:/altera/13.1/nios2eds/bin/gnu/h-i686-mingw32/bin/../lib/gcc/nios2-elf/4.7.3/../../../../../H-i686-mingw32/nios2-elf/lib\libc.a(lib_a-mprec.o)
 .data          0x000524c4        0x0 c:/altera/13.1/nios2eds/bin/gnu/h-i686-mingw32/bin/../lib/gcc/nios2-elf/4.7.3/../../../../../H-i686-mingw32/nios2-elf/lib\libc.a(lib_a-reallocr.o)
 .data          0x000524c4        0x0 c:/altera/13.1/nios2eds/bin/gnu/h-i686-mingw32/bin/../lib/gcc/nios2-elf/4.7.3/../../../../../H-i686-mingw32/nios2-elf/lib\libc.a(lib_a-s_isinfd.o)
 .data          0x000524c4        0x0 c:/altera/13.1/nios2eds/bin/gnu/h-i686-mingw32/bin/../lib/gcc/nios2-elf/4.7.3/../../../../../H-i686-mingw32/nios2-elf/lib\libc.a(lib_a-s_isnand.o)
 .data          0x000524c4        0x0 c:/altera/13.1/nios2eds/bin/gnu/h-i686-mingw32/bin/../lib/gcc/nios2-elf/4.7.3/../../../../../H-i686-mingw32/nios2-elf/lib\libc.a(lib_a-sbrkr.o)
 .data          0x000524c4        0x0 c:/altera/13.1/nios2eds/bin/gnu/h-i686-mingw32/bin/../lib/gcc/nios2-elf/4.7.3/../../../../../H-i686-mingw32/nios2-elf/lib\libc.a(lib_a-stdio.o)
 .data          0x000524c4        0x0 c:/altera/13.1/nios2eds/bin/gnu/h-i686-mingw32/bin/../lib/gcc/nios2-elf/4.7.3/../../../../../H-i686-mingw32/nios2-elf/lib\libc.a(lib_a-strcmp.o)
 .data          0x000524c4        0x0 c:/altera/13.1/nios2eds/bin/gnu/h-i686-mingw32/bin/../lib/gcc/nios2-elf/4.7.3/../../../../../H-i686-mingw32/nios2-elf/lib\libc.a(lib_a-writer.o)
 .data          0x000524c4        0x0 c:/altera/13.1/nios2eds/bin/gnu/h-i686-mingw32/bin/../lib/gcc/nios2-elf/4.7.3/../../../../../H-i686-mingw32/nios2-elf/lib\libc.a(lib_a-callocr.o)
 .data          0x000524c4        0x0 c:/altera/13.1/nios2eds/bin/gnu/h-i686-mingw32/bin/../lib/gcc/nios2-elf/4.7.3/../../../../../H-i686-mingw32/nios2-elf/lib\libc.a(lib_a-closer.o)
 .data          0x000524c4        0x0 c:/altera/13.1/nios2eds/bin/gnu/h-i686-mingw32/bin/../lib/gcc/nios2-elf/4.7.3/../../../../../H-i686-mingw32/nios2-elf/lib\libc.a(lib_a-fclose.o)
 .data          0x000524c4        0x0 c:/altera/13.1/nios2eds/bin/gnu/h-i686-mingw32/bin/../lib/gcc/nios2-elf/4.7.3/../../../../../H-i686-mingw32/nios2-elf/lib\libc.a(lib_a-fstatr.o)
 .data          0x000524c4        0x0 c:/altera/13.1/nios2eds/bin/gnu/h-i686-mingw32/bin/../lib/gcc/nios2-elf/4.7.3/../../../../../H-i686-mingw32/nios2-elf/lib\libc.a(lib_a-int_errno.o)
 .data          0x000524c4        0x0 c:/altera/13.1/nios2eds/bin/gnu/h-i686-mingw32/bin/../lib/gcc/nios2-elf/4.7.3/../../../../../H-i686-mingw32/nios2-elf/lib\libc.a(lib_a-isattyr.o)
 .data          0x000524c4        0x0 c:/altera/13.1/nios2eds/bin/gnu/h-i686-mingw32/bin/../lib/gcc/nios2-elf/4.7.3/../../../../../H-i686-mingw32/nios2-elf/lib\libc.a(lib_a-lseekr.o)
 .data          0x000524c4        0x0 c:/altera/13.1/nios2eds/bin/gnu/h-i686-mingw32/bin/../lib/gcc/nios2-elf/4.7.3/../../../../../H-i686-mingw32/nios2-elf/lib\libc.a(lib_a-readr.o)
 .data          0x000524c4        0x0 c:/altera/13.1/nios2eds/bin/gnu/h-i686-mingw32/bin/../lib/gcc/nios2-elf/4.7.3\libgcc.a(_udivdi3.o)
 .data          0x000524c4        0x0 c:/altera/13.1/nios2eds/bin/gnu/h-i686-mingw32/bin/../lib/gcc/nios2-elf/4.7.3\libgcc.a(_umoddi3.o)
 .data          0x000524c4        0x0 c:/altera/13.1/nios2eds/bin/gnu/h-i686-mingw32/bin/../lib/gcc/nios2-elf/4.7.3\libgcc.a(_ne_df.o)
 .data          0x000524c4        0x0 c:/altera/13.1/nios2eds/bin/gnu/h-i686-mingw32/bin/../lib/gcc/nios2-elf/4.7.3\libgcc.a(_lt_df.o)
 .data          0x000524c4        0x0 c:/altera/13.1/nios2eds/bin/gnu/h-i686-mingw32/bin/../lib/gcc/nios2-elf/4.7.3\libgcc.a(_usi_to_df.o)
 .data          0x000524c4        0x0 ../skeleton_bsp/\libhal_bsp.a(alt_close.o)
 .data          0x000524c4      0x1a8 ../skeleton_bsp/\libhal_bsp.a(alt_dev.o)
                0x000524c4                alt_dev_null
                0x000524ec                alt_fd_list
 .data          0x0005266c        0x0 ../skeleton_bsp/\libhal_bsp.a(alt_errno.o)
 .data          0x0005266c        0x0 ../skeleton_bsp/\libhal_bsp.a(alt_fstat.o)
 .data          0x0005266c        0x0 ../skeleton_bsp/\libhal_bsp.a(alt_irq_entry.o)
 .data          0x0005266c        0x0 ../skeleton_bsp/\libhal_bsp.a(alt_irq_handler.o)
 .data          0x0005266c        0x0 ../skeleton_bsp/\libhal_bsp.a(alt_irq_register.o)
 .data          0x0005266c        0x0 ../skeleton_bsp/\libhal_bsp.a(alt_irq_vars.o)
 .data          0x0005266c        0x0 ../skeleton_bsp/\libhal_bsp.a(alt_isatty.o)
 .data          0x0005266c        0x0 ../skeleton_bsp/\libhal_bsp.a(alt_load.o)
 .data          0x0005266c        0x0 ../skeleton_bsp/\libhal_bsp.a(alt_lseek.o)
 .data          0x0005266c        0x0 ../skeleton_bsp/\libhal_bsp.a(alt_main.o)
 .data          0x0005266c        0x0 ../skeleton_bsp/\libhal_bsp.a(alt_malloc_lock.o)
 .data          0x0005266c        0x0 ../skeleton_bsp/\libhal_bsp.a(alt_open.o)
 .data          0x0005266c        0x0 ../skeleton_bsp/\libhal_bsp.a(alt_read.o)
 .data          0x0005266c        0x0 ../skeleton_bsp/\libhal_bsp.a(alt_release_fd.o)
 .data          0x0005266c        0x0 ../skeleton_bsp/\libhal_bsp.a(alt_sbrk.o)
 .data          0x0005266c        0x0 ../skeleton_bsp/\libhal_bsp.a(alt_write.o)
 .data          0x0005266c     0x1124 ../skeleton_bsp/\libhal_bsp.a(alt_sys_init.o)
 .data          0x00053790        0x0 ../skeleton_bsp/\libhal_bsp.a(altera_avalon_jtag_uart_fd.o)
 .data          0x00053790        0x0 ../skeleton_bsp/\libhal_bsp.a(altera_avalon_jtag_uart_init.o)
 .data          0x00053790        0x0 ../skeleton_bsp/\libhal_bsp.a(altera_avalon_jtag_uart_ioctl.o)
 .data          0x00053790        0x0 ../skeleton_bsp/\libhal_bsp.a(altera_avalon_jtag_uart_read.o)
 .data          0x00053790        0x0 ../skeleton_bsp/\libhal_bsp.a(altera_avalon_jtag_uart_write.o)
 .data          0x00053790        0x0 ../skeleton_bsp/\libhal_bsp.a(altera_avalon_uart_fd.o)
 .data          0x00053790        0x0 ../skeleton_bsp/\libhal_bsp.a(altera_avalon_uart_init.o)
 .data          0x00053790        0x0 ../skeleton_bsp/\libhal_bsp.a(altera_avalon_uart_read.o)
 .data          0x00053790        0x0 ../skeleton_bsp/\libhal_bsp.a(altera_avalon_uart_write.o)
 .data          0x00053790        0x0 ../skeleton_bsp/\libhal_bsp.a(alt_alarm_start.o)
 .data          0x00053790        0x0 ../skeleton_bsp/\libhal_bsp.a(alt_dcache_flush_all.o)
 .data          0x00053790        0x0 ../skeleton_bsp/\libhal_bsp.a(alt_dev_llist_insert.o)
 .data          0x00053790        0x0 ../skeleton_bsp/\libhal_bsp.a(alt_do_ctors.o)
 .data          0x00053790        0x0 ../skeleton_bsp/\libhal_bsp.a(alt_do_dtors.o)
 .data          0x00053790        0x0 ../skeleton_bsp/\libhal_bsp.a(alt_exception_entry.o)
 .data          0x00053790        0x0 ../skeleton_bsp/\libhal_bsp.a(alt_find_dev.o)
 .data          0x00053790        0x0 ../skeleton_bsp/\libhal_bsp.a(alt_find_file.o)
 .data          0x00053790        0x0 ../skeleton_bsp/\libhal_bsp.a(alt_get_fd.o)
 .data          0x00053790        0x0 ../skeleton_bsp/\libhal_bsp.a(alt_icache_flush_all.o)
 .data          0x00053790        0x0 ../skeleton_bsp/\libhal_bsp.a(alt_iic.o)
 .data          0x00053790        0x0 ../skeleton_bsp/\libhal_bsp.a(alt_iic_isr_register.o)
 .data          0x00053790        0x0 ../skeleton_bsp/\libhal_bsp.a(alt_io_redirect.o)
 .data          0x00053790        0x0 ../skeleton_bsp/\libhal_bsp.a(alt_tick.o)
 .data          0x00053790        0x0 ../skeleton_bsp/\libhal_bsp.a(altera_nios2_qsys_irq.o)
 .data          0x00053790        0x0 ../skeleton_bsp/\libhal_bsp.a(alt_icache_flush.o)
 .data          0x00053790        0x0 c:/altera/13.1/nios2eds/bin/gnu/h-i686-mingw32/bin/../lib/gcc/nios2-elf/4.7.3/../../../../../H-i686-mingw32/nios2-elf/lib\libc.a(lib_a-atexit.o)
 .data          0x00053790        0x0 c:/altera/13.1/nios2eds/bin/gnu/h-i686-mingw32/bin/../lib/gcc/nios2-elf/4.7.3/../../../../../H-i686-mingw32/nios2-elf/lib\libc.a(lib_a-exit.o)
 .data          0x00053790        0x0 c:/altera/13.1/nios2eds/bin/gnu/h-i686-mingw32/bin/../lib/gcc/nios2-elf/4.7.3/../../../../../H-i686-mingw32/nios2-elf/lib\libc.a(lib_a-memcmp.o)
 .data          0x00053790        0x0 c:/altera/13.1/nios2eds/bin/gnu/h-i686-mingw32/bin/../lib/gcc/nios2-elf/4.7.3/../../../../../H-i686-mingw32/nios2-elf/lib\libc.a(lib_a-__atexit.o)
 .data          0x00053790        0x0 c:/altera/13.1/nios2eds/bin/gnu/h-i686-mingw32/bin/../lib/gcc/nios2-elf/4.7.3/../../../../../H-i686-mingw32/nios2-elf/lib\libc.a(lib_a-__call_atexit.o)
 .data          0x00053790        0x0 ../skeleton_bsp/\libhal_bsp.a(alt_exit.o)
                0x0005b790                _gp = ABSOLUTE ((. + 0x8000))
                0x0005b790                PROVIDE (gp, _gp)
 *(.rwdata .rwdata.*)
 *(.sdata .sdata.* .gnu.linkonce.s.*)
 .sdata         0x00053790       0x2c obj/default/main.o
                0x00053790                switch0_id
                0x00053794                switch1_id
                0x00053798                key0_id
                0x0005379c                key1_id
                0x000537a0                key2_id
                0x000537a4                key3_id
                0x000537a8                leftready_id
                0x000537ac                rightready_id
                0x000537b0                uart_id
                0x000537b4                sampleFrequency
                0x000537b8                calBuffersize
 .sdata         0x000537bc        0x8 c:/altera/13.1/nios2eds/bin/gnu/h-i686-mingw32/bin/../lib/gcc/nios2-elf/4.7.3/../../../../../H-i686-mingw32/nios2-elf/lib\libc.a(lib_a-impure.o)
                0x000537bc                _global_impure_ptr
                0x000537c0                _impure_ptr
 .sdata         0x000537c4        0x4 c:/altera/13.1/nios2eds/bin/gnu/h-i686-mingw32/bin/../lib/gcc/nios2-elf/4.7.3/../../../../../H-i686-mingw32/nios2-elf/lib\libc.a(lib_a-locale.o)
                0x000537c4                __mb_cur_max
 .sdata         0x000537c8        0x8 c:/altera/13.1/nios2eds/bin/gnu/h-i686-mingw32/bin/../lib/gcc/nios2-elf/4.7.3/../../../../../H-i686-mingw32/nios2-elf/lib\libc.a(lib_a-mallocr.o)
                0x000537c8                __malloc_sbrk_base
                0x000537cc                __malloc_trim_threshold
 .sdata         0x000537d0       0x14 ../skeleton_bsp/\libhal_bsp.a(alt_dev.o)
                0x000537d0                alt_fs_list
                0x000537d8                alt_dev_list
                0x000537e0                alt_max_fd
 .sdata         0x000537e4        0x4 ../skeleton_bsp/\libhal_bsp.a(alt_errno.o)
                0x000537e4                alt_errno
 .sdata         0x000537e8        0x4 ../skeleton_bsp/\libhal_bsp.a(alt_irq_vars.o)
                0x000537e8                alt_priority_mask
 .sdata         0x000537ec        0x4 ../skeleton_bsp/\libhal_bsp.a(alt_sbrk.o)
 .sdata         0x000537f0        0x8 ../skeleton_bsp/\libhal_bsp.a(alt_tick.o)
                0x000537f0                alt_alarm_list
 *(.sdata2 .sdata2.* .gnu.linkonce.s2.*)
                0x000537f8                . = ALIGN (0x4)
                0x000537f8                _edata = ABSOLUTE (.)
                0x000537f8                PROVIDE (edata, ABSOLUTE (.))
                0x000537f8                PROVIDE (__ram_rwdata_end, ABSOLUTE (.))
                0x000537f8                PROVIDE (__flash_rwdata_start, LOADADDR (.rwdata))

.bss            0x000553c0     0x1988
                0x000553c0                __bss_start = ABSOLUTE (.)
                0x000553c0                PROVIDE (__sbss_start, ABSOLUTE (.))
                0x000553c0                PROVIDE (___sbss_start, ABSOLUTE (.))
 *(.dynsbss)
 *(.sbss .sbss.* .gnu.linkonce.sb.*)
 .sbss          0x000553c0       0x50 obj/default/main.o
                0x000553c0                switch0
                0x000553c4                switch1
                0x000553c8                key0
                0x000553cc                key1
                0x000553d0                key2
                0x000553d4                key3
                0x000553d8                leftready
                0x000553dc                rightready
                0x000553e0                leftChannel
                0x000553e4                rightChannel
                0x000553e8                convIndex
                0x000553ec                RxHead
                0x000553f0                leftCount
                0x000553f4                lefttestCount
                0x000553f8                rightCount
                0x000553fc                leftBufferFull
                0x00055400                uartStartSendFlag
                0x00055404                uartStartRecvFlag
                0x00055408                sr
                0x0005540c                setFreqFlag
 .sbss          0x00055410        0x4 obj/default/main.o
                0x00055410                uart
 .sbss          0x00055414        0x4 obj/default/uart.o
                0x00055414                counter
 .sbss          0x00055418        0xc c:/altera/13.1/nios2eds/bin/gnu/h-i686-mingw32/bin/../lib/gcc/nios2-elf/4.7.3/../../../../../H-i686-mingw32/nios2-elf/lib\libc.a(lib_a-locale.o)
                0x00055418                _PathLocale
                0x0005541c                __mlocale_changed
                0x00055420                __nlocale_changed
 .sbss          0x00055424        0xc c:/altera/13.1/nios2eds/bin/gnu/h-i686-mingw32/bin/../lib/gcc/nios2-elf/4.7.3/../../../../../H-i686-mingw32/nios2-elf/lib\libc.a(lib_a-mallocr.o)
                0x00055424                __malloc_max_total_mem
                0x00055428                __malloc_max_sbrked_mem
                0x0005542c                __malloc_top_pad
 .sbss          0x00055430        0x4 c:/altera/13.1/nios2eds/bin/gnu/h-i686-mingw32/bin/../lib/gcc/nios2-elf/4.7.3/../../../../../H-i686-mingw32/nios2-elf/lib\libc.a(lib_a-int_errno.o)
                0x00055430                errno
 .sbss          0x00055434        0x4 ../skeleton_bsp/\libhal_bsp.a(alt_irq_vars.o)
                0x00055434                alt_irq_active
 .sbss          0x00055438        0xc ../skeleton_bsp/\libhal_bsp.a(alt_main.o)
                0x00055438                alt_argc
                0x0005543c                alt_argv
                0x00055440                alt_envp
 .sbss          0x00055444        0x8 ../skeleton_bsp/\libhal_bsp.a(alt_tick.o)
                0x00055444                _alt_tick_rate
                0x00055448                _alt_nticks
 *(.sbss2 .sbss2.* .gnu.linkonce.sb2.*)
 *(.scommon)
                0x0005544c                PROVIDE (__sbss_end, ABSOLUTE (.))
                0x0005544c                PROVIDE (___sbss_end, ABSOLUTE (.))
 *(.dynbss)
 *(.bss .bss.* .gnu.linkonce.b.*)
 .bss           0x0005544c        0x0 ../skeleton_bsp//obj/HAL/src/crt0.o
 .bss           0x0005544c        0x0 obj/default/aic23.o
 .bss           0x0005544c        0x0 obj/default/delay.o
 .bss           0x0005544c        0x0 obj/default/i2s_control.o
 .bss           0x0005544c        0x0 obj/default/main.o
 .bss           0x0005544c        0x0 obj/default/spi_control.o
 .bss           0x0005544c        0x0 obj/default/uart.o
 .bss           0x0005544c        0x0 c:/altera/13.1/nios2eds/bin/gnu/h-i686-mingw32/bin/../lib/gcc/nios2-elf/4.7.3/../../../../../H-i686-mingw32/nios2-elf/lib\libm.a(lib_a-s_sin.o)
 .bss           0x0005544c        0x0 c:/altera/13.1/nios2eds/bin/gnu/h-i686-mingw32/bin/../lib/gcc/nios2-elf/4.7.3/../../../../../H-i686-mingw32/nios2-elf/lib\libm.a(lib_a-e_rem_pio2.o)
 .bss           0x0005544c        0x0 c:/altera/13.1/nios2eds/bin/gnu/h-i686-mingw32/bin/../lib/gcc/nios2-elf/4.7.3/../../../../../H-i686-mingw32/nios2-elf/lib\libm.a(lib_a-k_cos.o)
 .bss           0x0005544c        0x0 c:/altera/13.1/nios2eds/bin/gnu/h-i686-mingw32/bin/../lib/gcc/nios2-elf/4.7.3/../../../../../H-i686-mingw32/nios2-elf/lib\libm.a(lib_a-k_rem_pio2.o)
 .bss           0x0005544c        0x0 c:/altera/13.1/nios2eds/bin/gnu/h-i686-mingw32/bin/../lib/gcc/nios2-elf/4.7.3/../../../../../H-i686-mingw32/nios2-elf/lib\libm.a(lib_a-k_sin.o)
 .bss           0x0005544c        0x0 c:/altera/13.1/nios2eds/bin/gnu/h-i686-mingw32/bin/../lib/gcc/nios2-elf/4.7.3/../../../../../H-i686-mingw32/nios2-elf/lib\libm.a(lib_a-s_fabs.o)
 .bss           0x0005544c        0x0 c:/altera/13.1/nios2eds/bin/gnu/h-i686-mingw32/bin/../lib/gcc/nios2-elf/4.7.3/../../../../../H-i686-mingw32/nios2-elf/lib\libm.a(lib_a-s_floor.o)
 .bss           0x0005544c        0x0 c:/altera/13.1/nios2eds/bin/gnu/h-i686-mingw32/bin/../lib/gcc/nios2-elf/4.7.3/../../../../../H-i686-mingw32/nios2-elf/lib\libm.a(lib_a-s_scalbn.o)
 .bss           0x0005544c        0x0 c:/altera/13.1/nios2eds/bin/gnu/h-i686-mingw32/bin/../lib/gcc/nios2-elf/4.7.3/../../../../../H-i686-mingw32/nios2-elf/lib\libm.a(lib_a-s_copysign.o)
 .bss           0x0005544c        0x0 c:/altera/13.1/nios2eds/bin/gnu/h-i686-mingw32/bin/../lib/gcc/nios2-elf/4.7.3\libgcc.a(_addsub_sf.o)
 .bss           0x0005544c        0x0 c:/altera/13.1/nios2eds/bin/gnu/h-i686-mingw32/bin/../lib/gcc/nios2-elf/4.7.3\libgcc.a(_mul_sf.o)
 .bss           0x0005544c        0x0 c:/altera/13.1/nios2eds/bin/gnu/h-i686-mingw32/bin/../lib/gcc/nios2-elf/4.7.3\libgcc.a(_sf_to_si.o)
 .bss           0x0005544c        0x0 c:/altera/13.1/nios2eds/bin/gnu/h-i686-mingw32/bin/../lib/gcc/nios2-elf/4.7.3\libgcc.a(_sf_to_df.o)
 .bss           0x0005544c        0x0 c:/altera/13.1/nios2eds/bin/gnu/h-i686-mingw32/bin/../lib/gcc/nios2-elf/4.7.3\libgcc.a(_thenan_sf.o)
 .bss           0x0005544c        0x0 c:/altera/13.1/nios2eds/bin/gnu/h-i686-mingw32/bin/../lib/gcc/nios2-elf/4.7.3\libgcc.a(_addsub_df.o)
 .bss           0x0005544c        0x0 c:/altera/13.1/nios2eds/bin/gnu/h-i686-mingw32/bin/../lib/gcc/nios2-elf/4.7.3\libgcc.a(_mul_df.o)
 .bss           0x0005544c        0x0 c:/altera/13.1/nios2eds/bin/gnu/h-i686-mingw32/bin/../lib/gcc/nios2-elf/4.7.3\libgcc.a(_div_df.o)
 .bss           0x0005544c        0x0 c:/altera/13.1/nios2eds/bin/gnu/h-i686-mingw32/bin/../lib/gcc/nios2-elf/4.7.3\libgcc.a(_eq_df.o)
 .bss           0x0005544c        0x0 c:/altera/13.1/nios2eds/bin/gnu/h-i686-mingw32/bin/../lib/gcc/nios2-elf/4.7.3\libgcc.a(_gt_df.o)
 .bss           0x0005544c        0x0 c:/altera/13.1/nios2eds/bin/gnu/h-i686-mingw32/bin/../lib/gcc/nios2-elf/4.7.3\libgcc.a(_ge_df.o)
 .bss           0x0005544c        0x0 c:/altera/13.1/nios2eds/bin/gnu/h-i686-mingw32/bin/../lib/gcc/nios2-elf/4.7.3\libgcc.a(_si_to_df.o)
 .bss           0x0005544c        0x0 c:/altera/13.1/nios2eds/bin/gnu/h-i686-mingw32/bin/../lib/gcc/nios2-elf/4.7.3\libgcc.a(_df_to_si.o)
 .bss           0x0005544c        0x0 c:/altera/13.1/nios2eds/bin/gnu/h-i686-mingw32/bin/../lib/gcc/nios2-elf/4.7.3\libgcc.a(_make_df.o)
 .bss           0x0005544c        0x0 c:/altera/13.1/nios2eds/bin/gnu/h-i686-mingw32/bin/../lib/gcc/nios2-elf/4.7.3\libgcc.a(_thenan_df.o)
 .bss           0x0005544c        0x0 c:/altera/13.1/nios2eds/bin/gnu/h-i686-mingw32/bin/../lib/gcc/nios2-elf/4.7.3\libgcc.a(lib2-divmod.o)
 .bss           0x0005544c        0x0 c:/altera/13.1/nios2eds/bin/gnu/h-i686-mingw32/bin/../lib/gcc/nios2-elf/4.7.3\libgcc.a(_muldi3.o)
 .bss           0x0005544c        0x0 c:/altera/13.1/nios2eds/bin/gnu/h-i686-mingw32/bin/../lib/gcc/nios2-elf/4.7.3\libgcc.a(_clzsi2.o)
 .bss           0x0005544c        0x0 c:/altera/13.1/nios2eds/bin/gnu/h-i686-mingw32/bin/../lib/gcc/nios2-elf/4.7.3\libgcc.a(_pack_sf.o)
 .bss           0x0005544c        0x0 c:/altera/13.1/nios2eds/bin/gnu/h-i686-mingw32/bin/../lib/gcc/nios2-elf/4.7.3\libgcc.a(_unpack_sf.o)
 .bss           0x0005544c        0x0 c:/altera/13.1/nios2eds/bin/gnu/h-i686-mingw32/bin/../lib/gcc/nios2-elf/4.7.3\libgcc.a(_pack_df.o)
 .bss           0x0005544c        0x0 c:/altera/13.1/nios2eds/bin/gnu/h-i686-mingw32/bin/../lib/gcc/nios2-elf/4.7.3\libgcc.a(_unpack_df.o)
 .bss           0x0005544c        0x0 c:/altera/13.1/nios2eds/bin/gnu/h-i686-mingw32/bin/../lib/gcc/nios2-elf/4.7.3\libgcc.a(_fpcmp_parts_df.o)
 .bss           0x0005544c        0x0 c:/altera/13.1/nios2eds/bin/gnu/h-i686-mingw32/bin/../lib/gcc/nios2-elf/4.7.3\libgcc.a(_lshrdi3.o)
 .bss           0x0005544c        0x0 c:/altera/13.1/nios2eds/bin/gnu/h-i686-mingw32/bin/../lib/gcc/nios2-elf/4.7.3\libgcc.a(_ashldi3.o)
 .bss           0x0005544c        0x0 c:/altera/13.1/nios2eds/bin/gnu/h-i686-mingw32/bin/../lib/gcc/nios2-elf/4.7.3\libgcc.a(_clz.o)
 .bss           0x0005544c        0x0 c:/altera/13.1/nios2eds/bin/gnu/h-i686-mingw32/bin/../lib/gcc/nios2-elf/4.7.3/../../../../../H-i686-mingw32/nios2-elf/lib\libc.a(lib_a-puts.o)
 .bss           0x0005544c        0x0 c:/altera/13.1/nios2eds/bin/gnu/h-i686-mingw32/bin/../lib/gcc/nios2-elf/4.7.3/../../../../../H-i686-mingw32/nios2-elf/lib\libc.a(lib_a-snprintf.o)
 .bss           0x0005544c        0x0 c:/altera/13.1/nios2eds/bin/gnu/h-i686-mingw32/bin/../lib/gcc/nios2-elf/4.7.3/../../../../../H-i686-mingw32/nios2-elf/lib\libc.a(lib_a-strlen.o)
 .bss           0x0005544c        0x0 c:/altera/13.1/nios2eds/bin/gnu/h-i686-mingw32/bin/../lib/gcc/nios2-elf/4.7.3/../../../../../H-i686-mingw32/nios2-elf/lib\libc.a(lib_a-vfprintf.o)
 .bss           0x0005544c        0x0 c:/altera/13.1/nios2eds/bin/gnu/h-i686-mingw32/bin/../lib/gcc/nios2-elf/4.7.3/../../../../../H-i686-mingw32/nios2-elf/lib\libc.a(lib_a-wsetup.o)
 .bss           0x0005544c        0x0 c:/altera/13.1/nios2eds/bin/gnu/h-i686-mingw32/bin/../lib/gcc/nios2-elf/4.7.3/../../../../../H-i686-mingw32/nios2-elf/lib\libc.a(lib_a-dtoa.o)
 .bss           0x0005544c        0x0 c:/altera/13.1/nios2eds/bin/gnu/h-i686-mingw32/bin/../lib/gcc/nios2-elf/4.7.3/../../../../../H-i686-mingw32/nios2-elf/lib\libc.a(lib_a-fflush.o)
 .bss           0x0005544c        0x0 c:/altera/13.1/nios2eds/bin/gnu/h-i686-mingw32/bin/../lib/gcc/nios2-elf/4.7.3/../../../../../H-i686-mingw32/nios2-elf/lib\libc.a(lib_a-findfp.o)
 .bss           0x0005544c        0x0 c:/altera/13.1/nios2eds/bin/gnu/h-i686-mingw32/bin/../lib/gcc/nios2-elf/4.7.3/../../../../../H-i686-mingw32/nios2-elf/lib\libc.a(lib_a-freer.o)
 .bss           0x0005544c        0x0 c:/altera/13.1/nios2eds/bin/gnu/h-i686-mingw32/bin/../lib/gcc/nios2-elf/4.7.3/../../../../../H-i686-mingw32/nios2-elf/lib\libc.a(lib_a-fvwrite.o)
 .bss           0x0005544c        0x0 c:/altera/13.1/nios2eds/bin/gnu/h-i686-mingw32/bin/../lib/gcc/nios2-elf/4.7.3/../../../../../H-i686-mingw32/nios2-elf/lib\libc.a(lib_a-fwalk.o)
 .bss           0x0005544c        0x0 c:/altera/13.1/nios2eds/bin/gnu/h-i686-mingw32/bin/../lib/gcc/nios2-elf/4.7.3/../../../../../H-i686-mingw32/nios2-elf/lib\libc.a(lib_a-impure.o)
 .bss           0x0005544c        0x0 c:/altera/13.1/nios2eds/bin/gnu/h-i686-mingw32/bin/../lib/gcc/nios2-elf/4.7.3/../../../../../H-i686-mingw32/nios2-elf/lib\libc.a(lib_a-locale.o)
 .bss           0x0005544c        0x0 c:/altera/13.1/nios2eds/bin/gnu/h-i686-mingw32/bin/../lib/gcc/nios2-elf/4.7.3/../../../../../H-i686-mingw32/nios2-elf/lib\libc.a(lib_a-makebuf.o)
 .bss           0x0005544c       0x28 c:/altera/13.1/nios2eds/bin/gnu/h-i686-mingw32/bin/../lib/gcc/nios2-elf/4.7.3/../../../../../H-i686-mingw32/nios2-elf/lib\libc.a(lib_a-mallocr.o)
                0x0005544c                __malloc_current_mallinfo
 .bss           0x00055474        0x0 c:/altera/13.1/nios2eds/bin/gnu/h-i686-mingw32/bin/../lib/gcc/nios2-elf/4.7.3/../../../../../H-i686-mingw32/nios2-elf/lib\libc.a(lib_a-memchr.o)
 .bss           0x00055474        0x0 c:/altera/13.1/nios2eds/bin/gnu/h-i686-mingw32/bin/../lib/gcc/nios2-elf/4.7.3/../../../../../H-i686-mingw32/nios2-elf/lib\libc.a(lib_a-memcpy.o)
 .bss           0x00055474        0x0 c:/altera/13.1/nios2eds/bin/gnu/h-i686-mingw32/bin/../lib/gcc/nios2-elf/4.7.3/../../../../../H-i686-mingw32/nios2-elf/lib\libc.a(lib_a-memmove.o)
 .bss           0x00055474        0x0 c:/altera/13.1/nios2eds/bin/gnu/h-i686-mingw32/bin/../lib/gcc/nios2-elf/4.7.3/../../../../../H-i686-mingw32/nios2-elf/lib\libc.a(lib_a-memset.o)
 .bss           0x00055474        0x0 c:/altera/13.1/nios2eds/bin/gnu/h-i686-mingw32/bin/../lib/gcc/nios2-elf/4.7.3/../../../../../H-i686-mingw32/nios2-elf/lib\libc.a(lib_a-mprec.o)
 .bss           0x00055474        0x0 c:/altera/13.1/nios2eds/bin/gnu/h-i686-mingw32/bin/../lib/gcc/nios2-elf/4.7.3/../../../../../H-i686-mingw32/nios2-elf/lib\libc.a(lib_a-reallocr.o)
 .bss           0x00055474        0x0 c:/altera/13.1/nios2eds/bin/gnu/h-i686-mingw32/bin/../lib/gcc/nios2-elf/4.7.3/../../../../../H-i686-mingw32/nios2-elf/lib\libc.a(lib_a-s_isinfd.o)
 .bss           0x00055474        0x0 c:/altera/13.1/nios2eds/bin/gnu/h-i686-mingw32/bin/../lib/gcc/nios2-elf/4.7.3/../../../../../H-i686-mingw32/nios2-elf/lib\libc.a(lib_a-s_isnand.o)
 .bss           0x00055474        0x0 c:/altera/13.1/nios2eds/bin/gnu/h-i686-mingw32/bin/../lib/gcc/nios2-elf/4.7.3/../../../../../H-i686-mingw32/nios2-elf/lib\libc.a(lib_a-sbrkr.o)
 .bss           0x00055474        0x0 c:/altera/13.1/nios2eds/bin/gnu/h-i686-mingw32/bin/../lib/gcc/nios2-elf/4.7.3/../../../../../H-i686-mingw32/nios2-elf/lib\libc.a(lib_a-stdio.o)
 .bss           0x00055474        0x0 c:/altera/13.1/nios2eds/bin/gnu/h-i686-mingw32/bin/../lib/gcc/nios2-elf/4.7.3/../../../../../H-i686-mingw32/nios2-elf/lib\libc.a(lib_a-strcmp.o)
 .bss           0x00055474        0x0 c:/altera/13.1/nios2eds/bin/gnu/h-i686-mingw32/bin/../lib/gcc/nios2-elf/4.7.3/../../../../../H-i686-mingw32/nios2-elf/lib\libc.a(lib_a-writer.o)
 .bss           0x00055474        0x0 c:/altera/13.1/nios2eds/bin/gnu/h-i686-mingw32/bin/../lib/gcc/nios2-elf/4.7.3/../../../../../H-i686-mingw32/nios2-elf/lib\libc.a(lib_a-callocr.o)
 .bss           0x00055474        0x0 c:/altera/13.1/nios2eds/bin/gnu/h-i686-mingw32/bin/../lib/gcc/nios2-elf/4.7.3/../../../../../H-i686-mingw32/nios2-elf/lib\libc.a(lib_a-closer.o)
 .bss           0x00055474        0x0 c:/altera/13.1/nios2eds/bin/gnu/h-i686-mingw32/bin/../lib/gcc/nios2-elf/4.7.3/../../../../../H-i686-mingw32/nios2-elf/lib\libc.a(lib_a-fclose.o)
 .bss           0x00055474        0x0 c:/altera/13.1/nios2eds/bin/gnu/h-i686-mingw32/bin/../lib/gcc/nios2-elf/4.7.3/../../../../../H-i686-mingw32/nios2-elf/lib\libc.a(lib_a-fstatr.o)
 .bss           0x00055474        0x0 c:/altera/13.1/nios2eds/bin/gnu/h-i686-mingw32/bin/../lib/gcc/nios2-elf/4.7.3/../../../../../H-i686-mingw32/nios2-elf/lib\libc.a(lib_a-int_errno.o)
 .bss           0x00055474        0x0 c:/altera/13.1/nios2eds/bin/gnu/h-i686-mingw32/bin/../lib/gcc/nios2-elf/4.7.3/../../../../../H-i686-mingw32/nios2-elf/lib\libc.a(lib_a-isattyr.o)
 .bss           0x00055474        0x0 c:/altera/13.1/nios2eds/bin/gnu/h-i686-mingw32/bin/../lib/gcc/nios2-elf/4.7.3/../../../../../H-i686-mingw32/nios2-elf/lib\libc.a(lib_a-lseekr.o)
 .bss           0x00055474        0x0 c:/altera/13.1/nios2eds/bin/gnu/h-i686-mingw32/bin/../lib/gcc/nios2-elf/4.7.3/../../../../../H-i686-mingw32/nios2-elf/lib\libc.a(lib_a-readr.o)
 .bss           0x00055474        0x0 c:/altera/13.1/nios2eds/bin/gnu/h-i686-mingw32/bin/../lib/gcc/nios2-elf/4.7.3\libgcc.a(_udivdi3.o)
 .bss           0x00055474        0x0 c:/altera/13.1/nios2eds/bin/gnu/h-i686-mingw32/bin/../lib/gcc/nios2-elf/4.7.3\libgcc.a(_umoddi3.o)
 .bss           0x00055474        0x0 c:/altera/13.1/nios2eds/bin/gnu/h-i686-mingw32/bin/../lib/gcc/nios2-elf/4.7.3\libgcc.a(_ne_df.o)
 .bss           0x00055474        0x0 c:/altera/13.1/nios2eds/bin/gnu/h-i686-mingw32/bin/../lib/gcc/nios2-elf/4.7.3\libgcc.a(_lt_df.o)
 .bss           0x00055474        0x0 c:/altera/13.1/nios2eds/bin/gnu/h-i686-mingw32/bin/../lib/gcc/nios2-elf/4.7.3\libgcc.a(_usi_to_df.o)
 .bss           0x00055474        0x0 ../skeleton_bsp/\libhal_bsp.a(alt_close.o)
 .bss           0x00055474        0x0 ../skeleton_bsp/\libhal_bsp.a(alt_dev.o)
 .bss           0x00055474        0x0 ../skeleton_bsp/\libhal_bsp.a(alt_errno.o)
 .bss           0x00055474        0x0 ../skeleton_bsp/\libhal_bsp.a(alt_fstat.o)
 .bss           0x00055474        0x0 ../skeleton_bsp/\libhal_bsp.a(alt_irq_entry.o)
 .bss           0x00055474        0x0 ../skeleton_bsp/\libhal_bsp.a(alt_irq_handler.o)
 .bss           0x00055474        0x0 ../skeleton_bsp/\libhal_bsp.a(alt_irq_register.o)
 .bss           0x00055474        0x0 ../skeleton_bsp/\libhal_bsp.a(alt_irq_vars.o)
 .bss           0x00055474        0x0 ../skeleton_bsp/\libhal_bsp.a(alt_isatty.o)
 .bss           0x00055474        0x0 ../skeleton_bsp/\libhal_bsp.a(alt_load.o)
 .bss           0x00055474        0x0 ../skeleton_bsp/\libhal_bsp.a(alt_lseek.o)
 .bss           0x00055474        0x0 ../skeleton_bsp/\libhal_bsp.a(alt_main.o)
 .bss           0x00055474        0x0 ../skeleton_bsp/\libhal_bsp.a(alt_malloc_lock.o)
 .bss           0x00055474        0x0 ../skeleton_bsp/\libhal_bsp.a(alt_open.o)
 .bss           0x00055474        0x0 ../skeleton_bsp/\libhal_bsp.a(alt_read.o)
 .bss           0x00055474        0x0 ../skeleton_bsp/\libhal_bsp.a(alt_release_fd.o)
 .bss           0x00055474        0x0 ../skeleton_bsp/\libhal_bsp.a(alt_sbrk.o)
 .bss           0x00055474        0x0 ../skeleton_bsp/\libhal_bsp.a(alt_write.o)
 .bss           0x00055474        0x0 ../skeleton_bsp/\libhal_bsp.a(alt_sys_init.o)
 .bss           0x00055474        0x0 ../skeleton_bsp/\libhal_bsp.a(altera_avalon_jtag_uart_fd.o)
 .bss           0x00055474        0x0 ../skeleton_bsp/\libhal_bsp.a(altera_avalon_jtag_uart_init.o)
 .bss           0x00055474        0x0 ../skeleton_bsp/\libhal_bsp.a(altera_avalon_jtag_uart_ioctl.o)
 .bss           0x00055474        0x0 ../skeleton_bsp/\libhal_bsp.a(altera_avalon_jtag_uart_read.o)
 .bss           0x00055474        0x0 ../skeleton_bsp/\libhal_bsp.a(altera_avalon_jtag_uart_write.o)
 .bss           0x00055474        0x0 ../skeleton_bsp/\libhal_bsp.a(altera_avalon_uart_fd.o)
 .bss           0x00055474        0x0 ../skeleton_bsp/\libhal_bsp.a(altera_avalon_uart_init.o)
 .bss           0x00055474        0x0 ../skeleton_bsp/\libhal_bsp.a(altera_avalon_uart_read.o)
 .bss           0x00055474        0x0 ../skeleton_bsp/\libhal_bsp.a(altera_avalon_uart_write.o)
 .bss           0x00055474        0x0 ../skeleton_bsp/\libhal_bsp.a(alt_alarm_start.o)
 .bss           0x00055474        0x0 ../skeleton_bsp/\libhal_bsp.a(alt_dcache_flush_all.o)
 .bss           0x00055474        0x0 ../skeleton_bsp/\libhal_bsp.a(alt_dev_llist_insert.o)
 .bss           0x00055474        0x0 ../skeleton_bsp/\libhal_bsp.a(alt_do_ctors.o)
 .bss           0x00055474        0x0 ../skeleton_bsp/\libhal_bsp.a(alt_do_dtors.o)
 .bss           0x00055474        0x0 ../skeleton_bsp/\libhal_bsp.a(alt_exception_entry.o)
 .bss           0x00055474        0x0 ../skeleton_bsp/\libhal_bsp.a(alt_find_dev.o)
 .bss           0x00055474        0x0 ../skeleton_bsp/\libhal_bsp.a(alt_find_file.o)
 .bss           0x00055474        0x0 ../skeleton_bsp/\libhal_bsp.a(alt_get_fd.o)
 .bss           0x00055474        0x0 ../skeleton_bsp/\libhal_bsp.a(alt_icache_flush_all.o)
 .bss           0x00055474        0x0 ../skeleton_bsp/\libhal_bsp.a(alt_iic.o)
 .bss           0x00055474        0x0 ../skeleton_bsp/\libhal_bsp.a(alt_iic_isr_register.o)
 .bss           0x00055474        0x0 ../skeleton_bsp/\libhal_bsp.a(alt_io_redirect.o)
 .bss           0x00055474        0x0 ../skeleton_bsp/\libhal_bsp.a(alt_tick.o)
 .bss           0x00055474        0x0 ../skeleton_bsp/\libhal_bsp.a(altera_nios2_qsys_irq.o)
 .bss           0x00055474        0x0 ../skeleton_bsp/\libhal_bsp.a(alt_icache_flush.o)
 .bss           0x00055474        0x0 c:/altera/13.1/nios2eds/bin/gnu/h-i686-mingw32/bin/../lib/gcc/nios2-elf/4.7.3/../../../../../H-i686-mingw32/nios2-elf/lib\libc.a(lib_a-atexit.o)
 .bss           0x00055474        0x0 c:/altera/13.1/nios2eds/bin/gnu/h-i686-mingw32/bin/../lib/gcc/nios2-elf/4.7.3/../../../../../H-i686-mingw32/nios2-elf/lib\libc.a(lib_a-exit.o)
 .bss           0x00055474        0x0 c:/altera/13.1/nios2eds/bin/gnu/h-i686-mingw32/bin/../lib/gcc/nios2-elf/4.7.3/../../../../../H-i686-mingw32/nios2-elf/lib\libc.a(lib_a-memcmp.o)
 .bss           0x00055474        0x0 c:/altera/13.1/nios2eds/bin/gnu/h-i686-mingw32/bin/../lib/gcc/nios2-elf/4.7.3/../../../../../H-i686-mingw32/nios2-elf/lib\libc.a(lib_a-__atexit.o)
 .bss           0x00055474        0x0 c:/altera/13.1/nios2eds/bin/gnu/h-i686-mingw32/bin/../lib/gcc/nios2-elf/4.7.3/../../../../../H-i686-mingw32/nios2-elf/lib\libc.a(lib_a-__call_atexit.o)
 .bss           0x00055474        0x0 ../skeleton_bsp/\libhal_bsp.a(alt_exit.o)
 *(COMMON)
 COMMON         0x00055474     0x160e obj/default/main.o
                0x00055474                datatest
                0x00055674                leftChannelData
                0x000556aa                rx_buffer
                0x00055aac                convResultBuffer
                0x00056a4c                rightChannelData
 COMMON         0x00056a82       0x36 obj/default/uart.o
                0x00056a82                DataBufferCopy
 COMMON         0x00056ab8      0x100 ../skeleton_bsp/\libhal_bsp.a(alt_irq_handler.o)
                0x00056ab8                alt_irq
 COMMON         0x00056bb8      0x190 c:/altera/13.1/nios2eds/bin/gnu/h-i686-mingw32/bin/../lib/gcc/nios2-elf/4.7.3/../../../../../H-i686-mingw32/nios2-elf/lib\libc.a(lib_a-atexit.o)
                0x00056bb8                _atexit0
                0x00056d48                . = ALIGN (0x4)
                0x00056d48                __bss_end = ABSOLUTE (.)

.onchip_memory2
                0x00056d48        0x0
                0x00056d48                PROVIDE (_alt_partition_onchip_memory2_start, ABSOLUTE (.))
 *(.onchip_memory2 .onchip_memory2. onchip_memory2.*)
                0x00056d48                . = ALIGN (0x4)
                0x00056d48                PROVIDE (_alt_partition_onchip_memory2_end, ABSOLUTE (.))
                0x00056d48                _end = ABSOLUTE (.)
                0x00056d48                end = ABSOLUTE (.)
                0x00056d48                __alt_stack_base = ABSOLUTE (.)
                0x00056d48                PROVIDE (_alt_partition_onchip_memory2_load_addr, LOADADDR (.onchip_memory2))

.stab
 *(.stab)

.stabstr
 *(.stabstr)

.stab.excl
 *(.stab.excl)

.stab.exclstr
 *(.stab.exclstr)

.stab.index
 *(.stab.index)

.stab.indexstr
 *(.stab.indexstr)

.comment        0x00000000       0x49
 *(.comment)
 .comment       0x00000000       0x23 obj/default/aic23.o
                                 0x24 (size before relaxing)
 .comment       0x00000023       0x26 obj/default/delay.o
                                 0x27 (size before relaxing)
 .comment       0x00000000       0x24 obj/default/i2s_control.o
 .comment       0x00000000       0x24 obj/default/main.o
 .comment       0x00000000       0x24 obj/default/spi_control.o
 .comment       0x00000000       0x24 obj/default/uart.o
 .comment       0x00000000       0x24 c:/altera/13.1/nios2eds/bin/gnu/h-i686-mingw32/bin/../lib/gcc/nios2-elf/4.7.3/../../../../../H-i686-mingw32/nios2-elf/lib\libm.a(lib_a-s_sin.o)
 .comment       0x00000000       0x24 c:/altera/13.1/nios2eds/bin/gnu/h-i686-mingw32/bin/../lib/gcc/nios2-elf/4.7.3/../../../../../H-i686-mingw32/nios2-elf/lib\libm.a(lib_a-e_rem_pio2.o)
 .comment       0x00000000       0x24 c:/altera/13.1/nios2eds/bin/gnu/h-i686-mingw32/bin/../lib/gcc/nios2-elf/4.7.3/../../../../../H-i686-mingw32/nios2-elf/lib\libm.a(lib_a-k_cos.o)
 .comment       0x00000000       0x24 c:/altera/13.1/nios2eds/bin/gnu/h-i686-mingw32/bin/../lib/gcc/nios2-elf/4.7.3/../../../../../H-i686-mingw32/nios2-elf/lib\libm.a(lib_a-k_rem_pio2.o)
 .comment       0x00000000       0x24 c:/altera/13.1/nios2eds/bin/gnu/h-i686-mingw32/bin/../lib/gcc/nios2-elf/4.7.3/../../../../../H-i686-mingw32/nios2-elf/lib\libm.a(lib_a-k_sin.o)
 .comment       0x00000000       0x24 c:/altera/13.1/nios2eds/bin/gnu/h-i686-mingw32/bin/../lib/gcc/nios2-elf/4.7.3/../../../../../H-i686-mingw32/nios2-elf/lib\libm.a(lib_a-s_fabs.o)
 .comment       0x00000000       0x24 c:/altera/13.1/nios2eds/bin/gnu/h-i686-mingw32/bin/../lib/gcc/nios2-elf/4.7.3/../../../../../H-i686-mingw32/nios2-elf/lib\libm.a(lib_a-s_floor.o)
 .comment       0x00000000       0x24 c:/altera/13.1/nios2eds/bin/gnu/h-i686-mingw32/bin/../lib/gcc/nios2-elf/4.7.3/../../../../../H-i686-mingw32/nios2-elf/lib\libm.a(lib_a-s_scalbn.o)
 .comment       0x00000000       0x24 c:/altera/13.1/nios2eds/bin/gnu/h-i686-mingw32/bin/../lib/gcc/nios2-elf/4.7.3/../../../../../H-i686-mingw32/nios2-elf/lib\libm.a(lib_a-s_copysign.o)
 .comment       0x00000000       0x24 c:/altera/13.1/nios2eds/bin/gnu/h-i686-mingw32/bin/../lib/gcc/nios2-elf/4.7.3\libgcc.a(_addsub_sf.o)
 .comment       0x00000000       0x24 c:/altera/13.1/nios2eds/bin/gnu/h-i686-mingw32/bin/../lib/gcc/nios2-elf/4.7.3\libgcc.a(_mul_sf.o)
 .comment       0x00000000       0x24 c:/altera/13.1/nios2eds/bin/gnu/h-i686-mingw32/bin/../lib/gcc/nios2-elf/4.7.3\libgcc.a(_sf_to_si.o)
 .comment       0x00000000       0x24 c:/altera/13.1/nios2eds/bin/gnu/h-i686-mingw32/bin/../lib/gcc/nios2-elf/4.7.3\libgcc.a(_sf_to_df.o)
 .comment       0x00000000       0x24 c:/altera/13.1/nios2eds/bin/gnu/h-i686-mingw32/bin/../lib/gcc/nios2-elf/4.7.3\libgcc.a(_thenan_sf.o)
 .comment       0x00000000       0x24 c:/altera/13.1/nios2eds/bin/gnu/h-i686-mingw32/bin/../lib/gcc/nios2-elf/4.7.3\libgcc.a(_addsub_df.o)
 .comment       0x00000000       0x24 c:/altera/13.1/nios2eds/bin/gnu/h-i686-mingw32/bin/../lib/gcc/nios2-elf/4.7.3\libgcc.a(_mul_df.o)
 .comment       0x00000000       0x24 c:/altera/13.1/nios2eds/bin/gnu/h-i686-mingw32/bin/../lib/gcc/nios2-elf/4.7.3\libgcc.a(_div_df.o)
 .comment       0x00000000       0x24 c:/altera/13.1/nios2eds/bin/gnu/h-i686-mingw32/bin/../lib/gcc/nios2-elf/4.7.3\libgcc.a(_eq_df.o)
 .comment       0x00000000       0x24 c:/altera/13.1/nios2eds/bin/gnu/h-i686-mingw32/bin/../lib/gcc/nios2-elf/4.7.3\libgcc.a(_gt_df.o)
 .comment       0x00000000       0x24 c:/altera/13.1/nios2eds/bin/gnu/h-i686-mingw32/bin/../lib/gcc/nios2-elf/4.7.3\libgcc.a(_ge_df.o)
 .comment       0x00000000       0x24 c:/altera/13.1/nios2eds/bin/gnu/h-i686-mingw32/bin/../lib/gcc/nios2-elf/4.7.3\libgcc.a(_si_to_df.o)
 .comment       0x00000000       0x24 c:/altera/13.1/nios2eds/bin/gnu/h-i686-mingw32/bin/../lib/gcc/nios2-elf/4.7.3\libgcc.a(_df_to_si.o)
 .comment       0x00000000       0x24 c:/altera/13.1/nios2eds/bin/gnu/h-i686-mingw32/bin/../lib/gcc/nios2-elf/4.7.3\libgcc.a(_make_df.o)
 .comment       0x00000000       0x24 c:/altera/13.1/nios2eds/bin/gnu/h-i686-mingw32/bin/../lib/gcc/nios2-elf/4.7.3\libgcc.a(_thenan_df.o)
 .comment       0x00000000       0x24 c:/altera/13.1/nios2eds/bin/gnu/h-i686-mingw32/bin/../lib/gcc/nios2-elf/4.7.3\libgcc.a(lib2-divmod.o)
 .comment       0x00000000       0x24 c:/altera/13.1/nios2eds/bin/gnu/h-i686-mingw32/bin/../lib/gcc/nios2-elf/4.7.3\libgcc.a(_muldi3.o)
 .comment       0x00000000       0x24 c:/altera/13.1/nios2eds/bin/gnu/h-i686-mingw32/bin/../lib/gcc/nios2-elf/4.7.3\libgcc.a(_clzsi2.o)
 .comment       0x00000000       0x24 c:/altera/13.1/nios2eds/bin/gnu/h-i686-mingw32/bin/../lib/gcc/nios2-elf/4.7.3\libgcc.a(_pack_sf.o)
 .comment       0x00000000       0x24 c:/altera/13.1/nios2eds/bin/gnu/h-i686-mingw32/bin/../lib/gcc/nios2-elf/4.7.3\libgcc.a(_unpack_sf.o)
 .comment       0x00000000       0x24 c:/altera/13.1/nios2eds/bin/gnu/h-i686-mingw32/bin/../lib/gcc/nios2-elf/4.7.3\libgcc.a(_pack_df.o)
 .comment       0x00000000       0x24 c:/altera/13.1/nios2eds/bin/gnu/h-i686-mingw32/bin/../lib/gcc/nios2-elf/4.7.3\libgcc.a(_unpack_df.o)
 .comment       0x00000000       0x24 c:/altera/13.1/nios2eds/bin/gnu/h-i686-mingw32/bin/../lib/gcc/nios2-elf/4.7.3\libgcc.a(_fpcmp_parts_df.o)
 .comment       0x00000000       0x24 c:/altera/13.1/nios2eds/bin/gnu/h-i686-mingw32/bin/../lib/gcc/nios2-elf/4.7.3\libgcc.a(_lshrdi3.o)
 .comment       0x00000000       0x24 c:/altera/13.1/nios2eds/bin/gnu/h-i686-mingw32/bin/../lib/gcc/nios2-elf/4.7.3\libgcc.a(_ashldi3.o)
 .comment       0x00000000       0x24 c:/altera/13.1/nios2eds/bin/gnu/h-i686-mingw32/bin/../lib/gcc/nios2-elf/4.7.3\libgcc.a(_clz.o)
 .comment       0x00000000       0x24 c:/altera/13.1/nios2eds/bin/gnu/h-i686-mingw32/bin/../lib/gcc/nios2-elf/4.7.3/../../../../../H-i686-mingw32/nios2-elf/lib\libc.a(lib_a-puts.o)
 .comment       0x00000000       0x24 c:/altera/13.1/nios2eds/bin/gnu/h-i686-mingw32/bin/../lib/gcc/nios2-elf/4.7.3/../../../../../H-i686-mingw32/nios2-elf/lib\libc.a(lib_a-snprintf.o)
 .comment       0x00000000       0x24 c:/altera/13.1/nios2eds/bin/gnu/h-i686-mingw32/bin/../lib/gcc/nios2-elf/4.7.3/../../../../../H-i686-mingw32/nios2-elf/lib\libc.a(lib_a-strlen.o)
 .comment       0x00000000       0x24 c:/altera/13.1/nios2eds/bin/gnu/h-i686-mingw32/bin/../lib/gcc/nios2-elf/4.7.3/../../../../../H-i686-mingw32/nios2-elf/lib\libc.a(lib_a-vfprintf.o)
 .comment       0x00000000       0x24 c:/altera/13.1/nios2eds/bin/gnu/h-i686-mingw32/bin/../lib/gcc/nios2-elf/4.7.3/../../../../../H-i686-mingw32/nios2-elf/lib\libc.a(lib_a-wsetup.o)
 .comment       0x00000000       0x24 c:/altera/13.1/nios2eds/bin/gnu/h-i686-mingw32/bin/../lib/gcc/nios2-elf/4.7.3/../../../../../H-i686-mingw32/nios2-elf/lib\libc.a(lib_a-dtoa.o)
 .comment       0x00000000       0x24 c:/altera/13.1/nios2eds/bin/gnu/h-i686-mingw32/bin/../lib/gcc/nios2-elf/4.7.3/../../../../../H-i686-mingw32/nios2-elf/lib\libc.a(lib_a-fflush.o)
 .comment       0x00000000       0x24 c:/altera/13.1/nios2eds/bin/gnu/h-i686-mingw32/bin/../lib/gcc/nios2-elf/4.7.3/../../../../../H-i686-mingw32/nios2-elf/lib\libc.a(lib_a-findfp.o)
 .comment       0x00000000       0x24 c:/altera/13.1/nios2eds/bin/gnu/h-i686-mingw32/bin/../lib/gcc/nios2-elf/4.7.3/../../../../../H-i686-mingw32/nios2-elf/lib\libc.a(lib_a-freer.o)
 .comment       0x00000000       0x24 c:/altera/13.1/nios2eds/bin/gnu/h-i686-mingw32/bin/../lib/gcc/nios2-elf/4.7.3/../../../../../H-i686-mingw32/nios2-elf/lib\libc.a(lib_a-fvwrite.o)
 .comment       0x00000000       0x24 c:/altera/13.1/nios2eds/bin/gnu/h-i686-mingw32/bin/../lib/gcc/nios2-elf/4.7.3/../../../../../H-i686-mingw32/nios2-elf/lib\libc.a(lib_a-fwalk.o)
 .comment       0x00000000       0x24 c:/altera/13.1/nios2eds/bin/gnu/h-i686-mingw32/bin/../lib/gcc/nios2-elf/4.7.3/../../../../../H-i686-mingw32/nios2-elf/lib\libc.a(lib_a-impure.o)
 .comment       0x00000000       0x24 c:/altera/13.1/nios2eds/bin/gnu/h-i686-mingw32/bin/../lib/gcc/nios2-elf/4.7.3/../../../../../H-i686-mingw32/nios2-elf/lib\libc.a(lib_a-locale.o)
 .comment       0x00000000       0x24 c:/altera/13.1/nios2eds/bin/gnu/h-i686-mingw32/bin/../lib/gcc/nios2-elf/4.7.3/../../../../../H-i686-mingw32/nios2-elf/lib\libc.a(lib_a-makebuf.o)
 .comment       0x00000000       0x24 c:/altera/13.1/nios2eds/bin/gnu/h-i686-mingw32/bin/../lib/gcc/nios2-elf/4.7.3/../../../../../H-i686-mingw32/nios2-elf/lib\libc.a(lib_a-mallocr.o)
 .comment       0x00000000       0x24 c:/altera/13.1/nios2eds/bin/gnu/h-i686-mingw32/bin/../lib/gcc/nios2-elf/4.7.3/../../../../../H-i686-mingw32/nios2-elf/lib\libc.a(lib_a-memchr.o)
 .comment       0x00000000       0x24 c:/altera/13.1/nios2eds/bin/gnu/h-i686-mingw32/bin/../lib/gcc/nios2-elf/4.7.3/../../../../../H-i686-mingw32/nios2-elf/lib\libc.a(lib_a-memcpy.o)
 .comment       0x00000000       0x24 c:/altera/13.1/nios2eds/bin/gnu/h-i686-mingw32/bin/../lib/gcc/nios2-elf/4.7.3/../../../../../H-i686-mingw32/nios2-elf/lib\libc.a(lib_a-memmove.o)
 .comment       0x00000000       0x24 c:/altera/13.1/nios2eds/bin/gnu/h-i686-mingw32/bin/../lib/gcc/nios2-elf/4.7.3/../../../../../H-i686-mingw32/nios2-elf/lib\libc.a(lib_a-memset.o)
 .comment       0x00000000       0x24 c:/altera/13.1/nios2eds/bin/gnu/h-i686-mingw32/bin/../lib/gcc/nios2-elf/4.7.3/../../../../../H-i686-mingw32/nios2-elf/lib\libc.a(lib_a-mprec.o)
 .comment       0x00000000       0x24 c:/altera/13.1/nios2eds/bin/gnu/h-i686-mingw32/bin/../lib/gcc/nios2-elf/4.7.3/../../../../../H-i686-mingw32/nios2-elf/lib\libc.a(lib_a-reallocr.o)
 .comment       0x00000000       0x24 c:/altera/13.1/nios2eds/bin/gnu/h-i686-mingw32/bin/../lib/gcc/nios2-elf/4.7.3/../../../../../H-i686-mingw32/nios2-elf/lib\libc.a(lib_a-s_isinfd.o)